EXACT_INTERVAL 0 1000026844 1.189
EXACT_INTERVAL 64 1000026844 36.884
EXACT_INTERVAL 128 1000026844 85.721
EXACT_INTERVAL 192 1000026844 156.607
EXACT_INTERVAL 256 1000026844 223.164
EXACT_INTERVAL 320 1000026844 283.113
EXACT_INTERVAL 384 1000026844 353.047
EXACT_INTERVAL 448 1000026844 420.372
EXACT_INTERVAL 512 1000026844 488.93
EXACT_INTERVAL 576 1000026844 552.119
EXACT_INTERVAL 640 1000026844 623.253
EXACT_INTERVAL 704 1000026844 721.271
EXACT_INTERVAL 768 1000026844 858.507
EXACT_INTERVAL 832 1000026844 955.468
EXACT_INTERVAL 896 1000026844 1023.243
EXACT_INTERVAL 960 1000026844 1083.707
EXACT_INTERVAL 1024 1000026844 1167.668
EXACT_INTERVAL 1088 1000026844 1231.978
EXACT_INTERVAL 1152 1000026844 1308.807
EXACT_INTERVAL 1216 1000026844 1378.29
EXACT_INTERVAL 1280 1000026844 1442.486
EXACT_INTERVAL 1344 1000026844 1503.298
EXACT_INTERVAL 1408 1000026844 1564.109
EXACT_INTERVAL 1472 1000026844 1624.036
EXACT_INTERVAL 1536 1000026844 1688.709
EXACT_INTERVAL 1600 1000026844 1751.6
EXACT_INTERVAL 1664 1000026844 1814.489
EXACT_INTERVAL 1728 1000026844 1877.882
EXACT_INTERVAL 1792 1000026844 1945.434
EXACT_INTERVAL 1856 1000026844 2006
EXACT_INTERVAL 1920 1000026844 2062.394
EXACT_INTERVAL 1984 1000026844 2100.898
EXACT_INTERVAL 2048 1000026844 2137.439
EXACT_INTERVAL 2112 1000026844 2172.76
{"status":"PASS_INDEPENDENT_GLOBAL_THRESHOLD_CERTIFICATE","start":0,"end_exclusive":2168,"total_intervals":2168,"minimum_units":"1000026844","budget_units":"17000402008","required_units":"1000023648","certificate_sha256":"280af3d46150ca990917d714d83ee73baf4e6c45a0563090bf35588fb22de6e5","seconds":2203.409,"verified_utc":"2026-09-27T19:43:25.194Z"}
