# command: verify2/target/release/zmx2 cert certificates/n77_mixed_cover_9.txt --full --pair-points --threads 4 --log /home/user/squares/transfer/n77-full/n77_zmx2_full_pairpoints_x45-89_y0-89_roots.log --xlo 45 --xhi 89 --ylo 0 --yhi 89
# cwd: s12/ staged by devtools.replay_evand_zmx2: zmx2.rs 6b7f0f79466bf25c9a85f8fe2f3866de734935f0521ea188136818c2fb5b3fed built from retained bytes; cover 47b57cfe38cbfdbcf5320e59caffe712f4ef32df8aad42b0d7f697de6d26cdd7 decompressed from packing/resources/web/wand125-point-and-mixed-2026-10-01/square-packing-bounds/certificates/k2m4_n77_L9/n77_mixed_cover_9.txt.gz; resumes the root log of n77_zmx2_full_pairpoints_x45-89_y0-89.log
# python3: not used by this command
# host: 4 cores; load 3.62 3.92 3.97; started 2026-10-02T13:02:51Z
# zmx2 cert hash=f69807b8322a68fb mode=full atoms=pairpts depth=40 node_cap=20000000 kappa=1.5 K=30 region=x45-89,y0-89,bins0-3
cover: s = 9/1, 28273 points, 6420 segments, total 43347137744028965/562949953421312 = 76.99998460003
roots: 32400 in region, 20251 already done (log), 12149 to run, 4 threads
progress 25/12149 roots, 25s
progress 50/12149 roots, 54s
progress 75/12149 roots, 167s
progress 100/12149 roots, 237s
progress 125/12149 roots, 313s
progress 150/12149 roots, 336s
progress 175/12149 roots, 346s
progress 200/12149 roots, 354s
progress 225/12149 roots, 370s
progress 250/12149 roots, 371s
progress 275/12149 roots, 371s
progress 300/12149 roots, 372s
progress 325/12149 roots, 379s
progress 350/12149 roots, 392s
progress 375/12149 roots, 406s
progress 400/12149 roots, 412s
progress 425/12149 roots, 457s
progress 450/12149 roots, 562s
progress 475/12149 roots, 613s
progress 500/12149 roots, 714s
progress 525/12149 roots, 723s
progress 550/12149 roots, 734s
progress 575/12149 roots, 741s
progress 600/12149 roots, 742s
progress 625/12149 roots, 743s
progress 650/12149 roots, 744s
progress 675/12149 roots, 744s
progress 700/12149 roots, 758s
progress 725/12149 roots, 767s
progress 750/12149 roots, 774s
progress 775/12149 roots, 792s
progress 800/12149 roots, 812s
progress 825/12149 roots, 873s
progress 850/12149 roots, 919s
progress 875/12149 roots, 926s
progress 900/12149 roots, 939s
progress 925/12149 roots, 942s
progress 950/12149 roots, 945s
progress 975/12149 roots, 946s
progress 1000/12149 roots, 946s
progress 1025/12149 roots, 947s
progress 1050/12149 roots, 951s
progress 1075/12149 roots, 953s
progress 1100/12149 roots, 971s
progress 1125/12149 roots, 976s
progress 1150/12149 roots, 990s
progress 1175/12149 roots, 1033s
progress 1200/12149 roots, 1039s
progress 1225/12149 roots, 1087s
progress 1250/12149 roots, 1096s
progress 1275/12149 roots, 1099s
progress 1300/12149 roots, 1103s
progress 1325/12149 roots, 1105s
progress 1350/12149 roots, 1105s
progress 1375/12149 roots, 1106s
progress 1400/12149 roots, 1106s
progress 1425/12149 roots, 1109s
progress 1450/12149 roots, 1117s
progress 1475/12149 roots, 1120s
progress 1500/12149 roots, 1129s
progress 1525/12149 roots, 1135s
progress 1550/12149 roots, 1148s
progress 1575/12149 roots, 1165s
progress 1600/12149 roots, 1166s
progress 1625/12149 roots, 1182s
progress 1650/12149 roots, 1185s
progress 1675/12149 roots, 1185s
progress 1700/12149 roots, 1185s
progress 1725/12149 roots, 1185s
progress 1750/12149 roots, 1186s
progress 1775/12149 roots, 1190s
progress 1800/12149 roots, 1192s
progress 1825/12149 roots, 1198s
progress 1850/12149 roots, 1202s
progress 1875/12149 roots, 1209s
progress 1900/12149 roots, 1223s
progress 1925/12149 roots, 1233s
progress 1950/12149 roots, 1239s
progress 1975/12149 roots, 1246s
progress 2000/12149 roots, 1247s
progress 2025/12149 roots, 1253s
progress 2050/12149 roots, 1253s
progress 2075/12149 roots, 1253s
progress 2100/12149 roots, 1254s
progress 2125/12149 roots, 1254s
progress 2150/12149 roots, 1257s
progress 2175/12149 roots, 1261s
progress 2200/12149 roots, 1264s
progress 2225/12149 roots, 1286s
progress 2250/12149 roots, 1316s
progress 2275/12149 roots, 1338s
progress 2300/12149 roots, 1359s
progress 2325/12149 roots, 1366s
progress 2350/12149 roots, 1371s
progress 2375/12149 roots, 1376s
progress 2400/12149 roots, 1377s
progress 2425/12149 roots, 1377s
progress 2450/12149 roots, 1377s
progress 2475/12149 roots, 1378s
progress 2500/12149 roots, 1383s
progress 2525/12149 roots, 1386s
progress 2550/12149 roots, 1392s
progress 2575/12149 roots, 1402s
progress 2600/12149 roots, 1458s
progress 2625/12149 roots, 1531s
progress 2650/12149 roots, 1584s
progress 2675/12149 roots, 1596s
progress 2700/12149 roots, 1603s
progress 2725/12149 roots, 1609s
progress 2750/12149 roots, 1611s
progress 2775/12149 roots, 1611s
progress 2800/12149 roots, 1611s
progress 2825/12149 roots, 1613s
progress 2850/12149 roots, 1620s
progress 2875/12149 roots, 1626s
progress 2900/12149 roots, 1633s
progress 2925/12149 roots, 1652s
progress 2950/12149 roots, 1732s
progress 2975/12149 roots, 1833s
progress 3000/12149 roots, 1954s
progress 3025/12149 roots, 1975s
progress 3050/12149 roots, 1994s
progress 3075/12149 roots, 2003s
progress 3100/12149 roots, 2007s
progress 3125/12149 roots, 2010s
progress 3150/12149 roots, 2010s
progress 3175/12149 roots, 2011s
progress 3200/12149 roots, 2017s
progress 3225/12149 roots, 2030s
progress 3250/12149 roots, 2040s
progress 3275/12149 roots, 2054s
progress 3300/12149 roots, 2088s
progress 3325/12149 roots, 2221s
progress 3350/12149 roots, 2293s
progress 3375/12149 roots, 2326s
progress 3400/12149 roots, 2344s
progress 3425/12149 roots, 2353s
progress 3450/12149 roots, 2358s
progress 3475/12149 roots, 2363s
progress 3500/12149 roots, 2366s
progress 3525/12149 roots, 2366s
progress 3550/12149 roots, 2367s
progress 3575/12149 roots, 2383s
progress 3600/12149 roots, 2394s
progress 3625/12149 roots, 2410s
progress 3650/12149 roots, 2429s
progress 3675/12149 roots, 2498s
progress 3700/12149 roots, 2612s
progress 3725/12149 roots, 2716s
progress 3750/12149 roots, 2733s
progress 3775/12149 roots, 2745s
progress 3800/12149 roots, 2756s
progress 3825/12149 roots, 2766s
progress 3850/12149 roots, 2767s
progress 3875/12149 roots, 2767s
progress 3900/12149 roots, 2768s
progress 3925/12149 roots, 2773s
progress 3950/12149 roots, 2783s
progress 3975/12149 roots, 2796s
progress 4000/12149 roots, 2801s
progress 4025/12149 roots, 2818s
progress 4050/12149 roots, 2863s
progress 4075/12149 roots, 2891s
progress 4100/12149 roots, 2919s
progress 4125/12149 roots, 2923s
progress 4150/12149 roots, 2932s
progress 4175/12149 roots, 2942s
progress 4200/12149 roots, 2943s
progress 4225/12149 roots, 2944s
progress 4250/12149 roots, 2945s
progress 4275/12149 roots, 2945s
progress 4300/12149 roots, 2952s
progress 4325/12149 roots, 2957s
progress 4350/12149 roots, 2961s
progress 4375/12149 roots, 2966s
progress 4400/12149 roots, 2968s
progress 4425/12149 roots, 2980s
progress 4450/12149 roots, 2984s
progress 4475/12149 roots, 2986s
progress 4500/12149 roots, 2989s
progress 4525/12149 roots, 2990s
progress 4550/12149 roots, 2992s
progress 4575/12149 roots, 2994s
progress 4600/12149 roots, 2994s
progress 4625/12149 roots, 2994s
progress 4650/12149 roots, 2996s
progress 4675/12149 roots, 2998s
progress 4700/12149 roots, 3002s
progress 4725/12149 roots, 3004s
progress 4750/12149 roots, 3008s
progress 4775/12149 roots, 3012s
progress 4800/12149 roots, 3013s
progress 4825/12149 roots, 3017s
progress 4850/12149 roots, 3018s
progress 4875/12149 roots, 3020s
progress 4900/12149 roots, 3021s
progress 4925/12149 roots, 3021s
progress 4950/12149 roots, 3021s
progress 4975/12149 roots, 3022s
progress 5000/12149 roots, 3022s
progress 5025/12149 roots, 3024s
progress 5050/12149 roots, 3026s
progress 5075/12149 roots, 3027s
progress 5100/12149 roots, 3030s
progress 5125/12149 roots, 3031s
progress 5150/12149 roots, 3035s
progress 5175/12149 roots, 3039s
progress 5200/12149 roots, 3040s
progress 5225/12149 roots, 3044s
progress 5250/12149 roots, 3046s
progress 5275/12149 roots, 3046s
progress 5300/12149 roots, 3046s
progress 5325/12149 roots, 3046s
progress 5350/12149 roots, 3047s
progress 5375/12149 roots, 3048s
progress 5400/12149 roots, 3048s
progress 5425/12149 roots, 3051s
progress 5450/12149 roots, 3052s
progress 5475/12149 roots, 3055s
progress 5500/12149 roots, 3064s
progress 5525/12149 roots, 3066s
progress 5550/12149 roots, 3070s
progress 5575/12149 roots, 3073s
progress 5600/12149 roots, 3074s
progress 5625/12149 roots, 3075s
progress 5650/12149 roots, 3075s
progress 5675/12149 roots, 3075s
progress 5700/12149 roots, 3076s
progress 5725/12149 roots, 3076s
progress 5750/12149 roots, 3077s
progress 5775/12149 roots, 3082s
progress 5800/12149 roots, 3083s
progress 5825/12149 roots, 3091s
progress 5850/12149 roots, 3102s
progress 5875/12149 roots, 3109s
progress 5900/12149 roots, 3116s
progress 5925/12149 roots, 3119s
progress 5950/12149 roots, 3123s
progress 5975/12149 roots, 3126s
progress 6000/12149 roots, 3126s
progress 6025/12149 roots, 3126s
progress 6050/12149 roots, 3126s
progress 6075/12149 roots, 3127s
progress 6100/12149 roots, 3131s
progress 6125/12149 roots, 3134s
progress 6150/12149 roots, 3139s
progress 6175/12149 roots, 3147s
progress 6200/12149 roots, 3169s
progress 6225/12149 roots, 3202s
progress 6250/12149 roots, 3234s
progress 6275/12149 roots, 3238s
progress 6300/12149 roots, 3243s
progress 6325/12149 roots, 3246s
progress 6350/12149 roots, 3248s
progress 6375/12149 roots, 3248s
progress 6400/12149 roots, 3248s
progress 6425/12149 roots, 3249s
progress 6450/12149 roots, 3253s
progress 6475/12149 roots, 3259s
progress 6500/12149 roots, 3270s
progress 6525/12149 roots, 3295s
progress 6550/12149 roots, 3363s
progress 6575/12149 roots, 3423s
progress 6600/12149 roots, 3519s
progress 6625/12149 roots, 3548s
progress 6650/12149 roots, 3561s
progress 6675/12149 roots, 3572s
progress 6700/12149 roots, 3576s
progress 6725/12149 roots, 3579s
progress 6750/12149 roots, 3579s
progress 6775/12149 roots, 3580s
progress 6800/12149 roots, 3585s
progress 6825/12149 roots, 3600s
progress 6850/12149 roots, 3626s
progress 6875/12149 roots, 3634s
progress 6900/12149 roots, 3657s
progress 6925/12149 roots, 3718s
progress 6950/12149 roots, 3756s
progress 6975/12149 roots, 3796s
progress 7000/12149 roots, 3822s
progress 7025/12149 roots, 3838s
progress 7050/12149 roots, 3841s
progress 7075/12149 roots, 3845s
progress 7100/12149 roots, 3847s
progress 7125/12149 roots, 3847s
progress 7150/12149 roots, 3848s
progress 7175/12149 roots, 3891s
progress 7200/12149 roots, 3892s
progress 7225/12149 roots, 3905s
progress 7250/12149 roots, 3921s
progress 7275/12149 roots, 3934s
progress 7300/12149 roots, 3962s
progress 7325/12149 roots, 3973s
progress 7350/12149 roots, 3984s
progress 7375/12149 roots, 3991s
progress 7400/12149 roots, 3998s
progress 7425/12149 roots, 4012s
progress 7450/12149 roots, 4012s
progress 7475/12149 roots, 4012s
progress 7500/12149 roots, 4012s
progress 7525/12149 roots, 4018s
progress 7550/12149 roots, 4048s
progress 7575/12149 roots, 4064s
progress 7600/12149 roots, 4065s
progress 7625/12149 roots, 4092s
progress 7650/12149 roots, 4147s
progress 7675/12149 roots, 4151s
progress 7700/12149 roots, 4207s
progress 7725/12149 roots, 4214s
progress 7750/12149 roots, 4226s
progress 7775/12149 roots, 4286s
progress 7800/12149 roots, 4286s
progress 7825/12149 roots, 4286s
progress 7850/12149 roots, 4286s
progress 7875/12149 roots, 4287s
progress 7900/12149 roots, 4290s
progress 7925/12149 roots, 4292s
progress 7950/12149 roots, 4295s
progress 7975/12149 roots, 4303s
progress 8000/12149 roots, 4303s
progress 8025/12149 roots, 4309s
progress 8050/12149 roots, 4314s
progress 8075/12149 roots, 4315s
progress 8100/12149 roots, 4320s
progress 8125/12149 roots, 4321s
progress 8150/12149 roots, 4324s
progress 8175/12149 roots, 4324s
progress 8200/12149 roots, 4324s
progress 8225/12149 roots, 4324s
progress 8250/12149 roots, 4325s
progress 8275/12149 roots, 4325s
progress 8300/12149 roots, 4325s
progress 8325/12149 roots, 4325s
progress 8350/12149 roots, 4325s
progress 8375/12149 roots, 4326s
progress 8400/12149 roots, 4326s
progress 8425/12149 roots, 4326s
progress 8450/12149 roots, 4326s
progress 8475/12149 roots, 4326s
progress 8500/12149 roots, 4326s
progress 8525/12149 roots, 4326s
progress 8550/12149 roots, 4326s
progress 8575/12149 roots, 4326s
progress 8600/12149 roots, 4326s
progress 8625/12149 roots, 4326s
progress 8650/12149 roots, 4326s
progress 8675/12149 roots, 4326s
progress 8700/12149 roots, 4326s
progress 8725/12149 roots, 4326s
progress 8750/12149 roots, 4327s
progress 8775/12149 roots, 4327s
progress 8800/12149 roots, 4327s
progress 8825/12149 roots, 4327s
progress 8850/12149 roots, 4327s
progress 8875/12149 roots, 4327s
progress 8900/12149 roots, 4327s
progress 8925/12149 roots, 4327s
progress 8950/12149 roots, 4327s
progress 8975/12149 roots, 4327s
progress 9000/12149 roots, 4327s
progress 9025/12149 roots, 4327s
progress 9050/12149 roots, 4327s
progress 9075/12149 roots, 4327s
progress 9100/12149 roots, 4327s
progress 9125/12149 roots, 4327s
progress 9150/12149 roots, 4327s
progress 9175/12149 roots, 4327s
progress 9200/12149 roots, 4327s
progress 9225/12149 roots, 4327s
progress 9250/12149 roots, 4327s
progress 9275/12149 roots, 4327s
progress 9300/12149 roots, 4327s
progress 9325/12149 roots, 4327s
progress 9350/12149 roots, 4328s
progress 9375/12149 roots, 4328s
progress 9400/12149 roots, 4328s
progress 9425/12149 roots, 4329s
progress 9450/12149 roots, 4331s
progress 9475/12149 roots, 4333s
progress 9500/12149 roots, 4334s
progress 9525/12149 roots, 4335s
progress 9550/12149 roots, 4335s
progress 9575/12149 roots, 4335s
progress 9600/12149 roots, 4335s
progress 9625/12149 roots, 4335s
progress 9650/12149 roots, 4335s
progress 9675/12149 roots, 4335s
progress 9700/12149 roots, 4336s
progress 9725/12149 roots, 4337s
progress 9750/12149 roots, 4337s
progress 9775/12149 roots, 4339s
progress 9800/12149 roots, 4343s
progress 9825/12149 roots, 4345s
progress 9850/12149 roots, 4351s
progress 9875/12149 roots, 4351s
progress 9900/12149 roots, 4352s
progress 9925/12149 roots, 4352s
progress 9950/12149 roots, 4353s
progress 9975/12149 roots, 4353s
progress 10000/12149 roots, 4353s
progress 10025/12149 roots, 4353s
progress 10050/12149 roots, 4353s
progress 10075/12149 roots, 4354s
progress 10100/12149 roots, 4354s
progress 10125/12149 roots, 4355s
progress 10150/12149 roots, 4356s
progress 10175/12149 roots, 4359s
progress 10200/12149 roots, 4364s
progress 10225/12149 roots, 4365s
progress 10250/12149 roots, 4366s
progress 10275/12149 roots, 4366s
progress 10300/12149 roots, 4367s
progress 10325/12149 roots, 4368s
progress 10350/12149 roots, 4368s
progress 10375/12149 roots, 4368s
progress 10400/12149 roots, 4368s
progress 10425/12149 roots, 4368s
progress 10450/12149 roots, 4368s
progress 10475/12149 roots, 4368s
progress 10500/12149 roots, 4369s
progress 10525/12149 roots, 4369s
progress 10550/12149 roots, 4369s
progress 10575/12149 roots, 4370s
progress 10600/12149 roots, 4370s
progress 10625/12149 roots, 4370s
progress 10650/12149 roots, 4370s
progress 10675/12149 roots, 4370s
progress 10700/12149 roots, 4370s
progress 10725/12149 roots, 4370s
progress 10750/12149 roots, 4370s
progress 10775/12149 roots, 4370s
progress 10800/12149 roots, 4370s
progress 10825/12149 roots, 4370s
progress 10850/12149 roots, 4370s
progress 10875/12149 roots, 4370s
progress 10900/12149 roots, 4370s
progress 10925/12149 roots, 4370s
progress 10950/12149 roots, 4370s
progress 10975/12149 roots, 4370s
progress 11000/12149 roots, 4370s
progress 11025/12149 roots, 4370s
progress 11050/12149 roots, 4370s
progress 11075/12149 roots, 4370s
progress 11100/12149 roots, 4370s
progress 11125/12149 roots, 4370s
progress 11150/12149 roots, 4370s
progress 11175/12149 roots, 4370s
progress 11200/12149 roots, 4370s
progress 11225/12149 roots, 4370s
progress 11250/12149 roots, 4370s
progress 11275/12149 roots, 4370s
progress 11300/12149 roots, 4370s
progress 11325/12149 roots, 4370s
progress 11350/12149 roots, 4370s
progress 11375/12149 roots, 4370s
progress 11400/12149 roots, 4370s
progress 11425/12149 roots, 4370s
progress 11450/12149 roots, 4370s
progress 11475/12149 roots, 4370s
progress 11500/12149 roots, 4370s
progress 11525/12149 roots, 4370s
progress 11550/12149 roots, 4370s
progress 11575/12149 roots, 4370s
progress 11600/12149 roots, 4370s
progress 11625/12149 roots, 4370s
progress 11650/12149 roots, 4370s
progress 11675/12149 roots, 4370s
progress 11700/12149 roots, 4370s
progress 11725/12149 roots, 4370s
progress 11750/12149 roots, 4370s
progress 11775/12149 roots, 4370s
progress 11800/12149 roots, 4370s
progress 11825/12149 roots, 4370s
progress 11850/12149 roots, 4370s
progress 11875/12149 roots, 4370s
progress 11900/12149 roots, 4370s
progress 11925/12149 roots, 4370s
progress 11950/12149 roots, 4370s
progress 11975/12149 roots, 4370s
progress 12000/12149 roots, 4370s
progress 12025/12149 roots, 4370s
progress 12050/12149 roots, 4370s
progress 12075/12149 roots, 4370s
progress 12100/12149 roots, 4370s
progress 12125/12149 roots, 4370s
progress 12149/12149 roots, 4435s
done in 4435s wall: roots 32400 (missing 0), boxes 23291800, certified 11559306, empty 102794, uncertified 0, max depth 36, cpu 70115s
REGION CLEAN (restricted region; no verdict for the whole cover)
# finished 2026-10-02T14:16:46Z; exit 0; wall 4435.279 s; CPU 17195.7 s (user 17191.977 + sys 3.759); load 2.12 3.48 3.81
