# command: verify2/target/release/zmx2 cert certificates/n77_mixed_cover_9.txt --full --pair-points --threads 4 --log /home/user/squares/transfer/n77-full/n77_zmx2_full_pairpoints_x0-44_y0-89_roots.log --xlo 0 --xhi 44 --ylo 0 --yhi 89
# cwd: s12/ staged by devtools.replay_evand_zmx2: zmx2.rs 6b7f0f79466bf25c9a85f8fe2f3866de734935f0521ea188136818c2fb5b3fed built from retained bytes; cover 47b57cfe38cbfdbcf5320e59caffe712f4ef32df8aad42b0d7f697de6d26cdd7 decompressed from packing/resources/web/wand125-point-and-mixed-2026-10-01/square-packing-bounds/certificates/k2m4_n77_L9/n77_mixed_cover_9.txt.gz
# python3: not used by this command
# host: 4 cores; load 0.60 0.21 0.07; started 2026-10-02T04:35:01Z
# zmx2 cert hash=f69807b8322a68fb mode=full atoms=pairpts depth=40 node_cap=20000000 kappa=1.5 K=30 region=x0-44,y0-89,bins0-3
cover: s = 9/1, 28273 points, 6420 segments, total 43347137744028965/562949953421312 = 76.99998460003
roots: 32400 in region, 0 already done (log), 32400 to run, 4 threads
progress 25/32400 roots, 0s
progress 50/32400 roots, 0s
progress 75/32400 roots, 0s
progress 100/32400 roots, 0s
progress 125/32400 roots, 0s
progress 150/32400 roots, 0s
progress 175/32400 roots, 0s
progress 200/32400 roots, 0s
progress 225/32400 roots, 0s
progress 250/32400 roots, 0s
progress 275/32400 roots, 0s
progress 300/32400 roots, 0s
progress 325/32400 roots, 0s
progress 350/32400 roots, 0s
progress 375/32400 roots, 0s
progress 400/32400 roots, 0s
progress 425/32400 roots, 0s
progress 450/32400 roots, 0s
progress 475/32400 roots, 0s
progress 500/32400 roots, 0s
progress 525/32400 roots, 0s
progress 550/32400 roots, 0s
progress 575/32400 roots, 0s
progress 600/32400 roots, 0s
progress 625/32400 roots, 0s
progress 650/32400 roots, 0s
progress 675/32400 roots, 0s
progress 700/32400 roots, 0s
progress 725/32400 roots, 0s
progress 750/32400 roots, 0s
progress 775/32400 roots, 0s
progress 800/32400 roots, 0s
progress 825/32400 roots, 0s
progress 850/32400 roots, 0s
progress 875/32400 roots, 0s
progress 900/32400 roots, 0s
progress 925/32400 roots, 0s
progress 950/32400 roots, 0s
progress 975/32400 roots, 0s
progress 1000/32400 roots, 0s
progress 1025/32400 roots, 0s
progress 1050/32400 roots, 0s
progress 1075/32400 roots, 0s
progress 1100/32400 roots, 0s
progress 1125/32400 roots, 0s
progress 1150/32400 roots, 0s
progress 1175/32400 roots, 0s
progress 1200/32400 roots, 0s
progress 1225/32400 roots, 0s
progress 1250/32400 roots, 0s
progress 1275/32400 roots, 0s
progress 1300/32400 roots, 0s
progress 1325/32400 roots, 0s
progress 1350/32400 roots, 0s
progress 1375/32400 roots, 0s
progress 1400/32400 roots, 0s
progress 1425/32400 roots, 0s
progress 1450/32400 roots, 0s
progress 1475/32400 roots, 0s
progress 1500/32400 roots, 0s
progress 1525/32400 roots, 0s
progress 1550/32400 roots, 0s
progress 1575/32400 roots, 0s
progress 1600/32400 roots, 1s
progress 1625/32400 roots, 1s
progress 1650/32400 roots, 1s
progress 1675/32400 roots, 1s
progress 1700/32400 roots, 1s
progress 1725/32400 roots, 1s
progress 1750/32400 roots, 1s
progress 1775/32400 roots, 1s
progress 1800/32400 roots, 1s
progress 1825/32400 roots, 1s
progress 1850/32400 roots, 1s
progress 1875/32400 roots, 2s
progress 1900/32400 roots, 2s
progress 1925/32400 roots, 2s
progress 1950/32400 roots, 4s
progress 1975/32400 roots, 6s
