# command: verify2/target/release/zmx2 cert certificates/n77_mixed_cover_9.txt --full --pair-points --threads 4 --log /home/user/squares/transfer/n77-full/n77_zmx2_full_pairpoints_x45-89_y0-89_roots.log --xlo 45 --xhi 89 --ylo 0 --yhi 89
# cwd: s12/ staged by devtools.replay_evand_zmx2: zmx2.rs 6b7f0f79466bf25c9a85f8fe2f3866de734935f0521ea188136818c2fb5b3fed built from retained bytes; cover 47b57cfe38cbfdbcf5320e59caffe712f4ef32df8aad42b0d7f697de6d26cdd7 decompressed from packing/resources/web/wand125-point-and-mixed-2026-10-01/square-packing-bounds/certificates/k2m4_n77_L9/n77_mixed_cover_9.txt.gz
# python3: not used by this command
# host: 4 cores; load 0.19 0.05 0.02; started 2026-10-02T09:22:26Z
# zmx2 cert hash=f69807b8322a68fb mode=full atoms=pairpts depth=40 node_cap=20000000 kappa=1.5 K=30 region=x45-89,y0-89,bins0-3
cover: s = 9/1, 28273 points, 6420 segments, total 43347137744028965/562949953421312 = 76.99998460003
roots: 32400 in region, 0 already done (log), 32400 to run, 4 threads
progress 25/32400 roots, 1s
progress 50/32400 roots, 7s
progress 75/32400 roots, 40s
progress 100/32400 roots, 75s
progress 125/32400 roots, 122s
progress 150/32400 roots, 168s
progress 175/32400 roots, 189s
progress 200/32400 roots, 220s
progress 225/32400 roots, 235s
progress 250/32400 roots, 280s
progress 275/32400 roots, 309s
progress 300/32400 roots, 324s
progress 325/32400 roots, 340s
progress 350/32400 roots, 358s
progress 375/32400 roots, 358s
progress 400/32400 roots, 360s
progress 425/32400 roots, 395s
progress 450/32400 roots, 420s
progress 475/32400 roots, 487s
progress 500/32400 roots, 530s
progress 525/32400 roots, 570s
progress 550/32400 roots, 597s
progress 575/32400 roots, 618s
progress 600/32400 roots, 679s
progress 625/32400 roots, 736s
progress 650/32400 roots, 773s
progress 675/32400 roots, 829s
progress 700/32400 roots, 834s
progress 725/32400 roots, 834s
progress 750/32400 roots, 836s
progress 775/32400 roots, 844s
progress 800/32400 roots, 886s
progress 825/32400 roots, 1009s
progress 850/32400 roots, 1037s
progress 875/32400 roots, 1119s
progress 900/32400 roots, 1143s
progress 925/32400 roots, 1173s
progress 950/32400 roots, 1239s
progress 975/32400 roots, 1302s
progress 1000/32400 roots, 1385s
progress 1025/32400 roots, 1427s
progress 1050/32400 roots, 1430s
progress 1075/32400 roots, 1437s
progress 1100/32400 roots, 1438s
progress 1125/32400 roots, 1440s
progress 1150/32400 roots, 1499s
progress 1175/32400 roots, 1520s
progress 1200/32400 roots, 1567s
progress 1225/32400 roots, 1641s
progress 1250/32400 roots, 1650s
progress 1275/32400 roots, 1672s
progress 1300/32400 roots, 1695s
progress 1325/32400 roots, 1719s
progress 1350/32400 roots, 1799s
progress 1375/32400 roots, 1814s
progress 1400/32400 roots, 1821s
progress 1425/32400 roots, 1828s
progress 1450/32400 roots, 1828s
progress 1475/32400 roots, 1832s
progress 1500/32400 roots, 1844s
progress 1525/32400 roots, 1859s
progress 1550/32400 roots, 1941s
progress 1575/32400 roots, 1951s
progress 1600/32400 roots, 1967s
progress 1625/32400 roots, 1981s
progress 1650/32400 roots, 1990s
progress 1675/32400 roots, 2019s
progress 1700/32400 roots, 2068s
progress 1725/32400 roots, 2088s
progress 1750/32400 roots, 2103s
progress 1775/32400 roots, 2112s
progress 1800/32400 roots, 2112s
progress 1825/32400 roots, 2115s
progress 1850/32400 roots, 2115s
progress 1875/32400 roots, 2142s
progress 1900/32400 roots, 2175s
progress 1925/32400 roots, 2196s
progress 1950/32400 roots, 2210s
progress 1975/32400 roots, 2219s
progress 2000/32400 roots, 2236s
progress 2025/32400 roots, 2265s
progress 2050/32400 roots, 2271s
progress 2075/32400 roots, 2362s
progress 2100/32400 roots, 2416s
progress 2125/32400 roots, 2417s
progress 2150/32400 roots, 2423s
progress 2175/32400 roots, 2423s
progress 2200/32400 roots, 2428s
progress 2225/32400 roots, 2447s
progress 2250/32400 roots, 2451s
progress 2275/32400 roots, 2504s
progress 2300/32400 roots, 2522s
progress 2325/32400 roots, 2533s
progress 2350/32400 roots, 2547s
progress 2375/32400 roots, 2556s
progress 2400/32400 roots, 2579s
progress 2425/32400 roots, 2626s
progress 2450/32400 roots, 2636s
progress 2475/32400 roots, 2685s
progress 2500/32400 roots, 2687s
progress 2525/32400 roots, 2687s
progress 2550/32400 roots, 2691s
progress 2575/32400 roots, 2693s
progress 2600/32400 roots, 2727s
progress 2625/32400 roots, 2816s
progress 2650/32400 roots, 2845s
progress 2675/32400 roots, 2898s
progress 2700/32400 roots, 2916s
progress 2725/32400 roots, 2934s
progress 2750/32400 roots, 2964s
progress 2775/32400 roots, 3013s
progress 2800/32400 roots, 3062s
progress 2825/32400 roots, 3118s
progress 2850/32400 roots, 3124s
progress 2875/32400 roots, 3127s
progress 2900/32400 roots, 3132s
progress 2925/32400 roots, 3138s
progress 2950/32400 roots, 3186s
progress 2975/32400 roots, 3204s
progress 3000/32400 roots, 3269s
progress 3025/32400 roots, 3360s
progress 3050/32400 roots, 3379s
progress 3075/32400 roots, 3413s
progress 3100/32400 roots, 3441s
progress 3125/32400 roots, 3482s
progress 3150/32400 roots, 3533s
progress 3175/32400 roots, 3555s
progress 3200/32400 roots, 3568s
progress 3225/32400 roots, 3572s
progress 3250/32400 roots, 3572s
progress 3275/32400 roots, 3576s
progress 3300/32400 roots, 3622s
progress 3325/32400 roots, 3631s
progress 3350/32400 roots, 3650s
progress 3375/32400 roots, 3707s
progress 3400/32400 roots, 3746s
progress 3425/32400 roots, 3796s
progress 3450/32400 roots, 3836s
progress 3475/32400 roots, 3861s
progress 3500/32400 roots, 3897s
progress 3525/32400 roots, 3913s
progress 3550/32400 roots, 3929s
progress 3575/32400 roots, 3946s
progress 3600/32400 roots, 3946s
progress 3625/32400 roots, 3948s
progress 3650/32400 roots, 3964s
progress 3675/32400 roots, 3988s
progress 3700/32400 roots, 4003s
progress 3725/32400 roots, 4045s
progress 3750/32400 roots, 4073s
progress 3775/32400 roots, 4166s
progress 3800/32400 roots, 4254s
progress 3825/32400 roots, 4266s
progress 3850/32400 roots, 4290s
progress 3875/32400 roots, 4300s
progress 3900/32400 roots, 4307s
progress 3925/32400 roots, 4319s
progress 3950/32400 roots, 4324s
progress 3975/32400 roots, 4324s
progress 4000/32400 roots, 4325s
progress 4025/32400 roots, 4365s
progress 4050/32400 roots, 4386s
progress 4075/32400 roots, 4408s
progress 4100/32400 roots, 4439s
progress 4125/32400 roots, 4515s
progress 4150/32400 roots, 4577s
progress 4175/32400 roots, 4660s
progress 4200/32400 roots, 4687s
progress 4225/32400 roots, 4697s
progress 4250/32400 roots, 4705s
progress 4275/32400 roots, 4722s
progress 4300/32400 roots, 4723s
progress 4325/32400 roots, 4723s
progress 4350/32400 roots, 4724s
progress 4375/32400 roots, 4730s
progress 4400/32400 roots, 4746s
progress 4425/32400 roots, 4761s
progress 4450/32400 roots, 4767s
progress 4475/32400 roots, 4812s
progress 4500/32400 roots, 4916s
progress 4525/32400 roots, 4968s
progress 4550/32400 roots, 5075s
progress 4575/32400 roots, 5083s
progress 4600/32400 roots, 5095s
progress 4625/32400 roots, 5102s
progress 4650/32400 roots, 5103s
progress 4675/32400 roots, 5105s
progress 4700/32400 roots, 5105s
progress 4725/32400 roots, 5106s
progress 4750/32400 roots, 5120s
progress 4775/32400 roots, 5129s
progress 4800/32400 roots, 5137s
progress 4825/32400 roots, 5156s
progress 4850/32400 roots, 5174s
progress 4875/32400 roots, 5238s
progress 4900/32400 roots, 5280s
progress 4925/32400 roots, 5289s
progress 4950/32400 roots, 5301s
progress 4975/32400 roots, 5303s
progress 5000/32400 roots, 5307s
progress 5025/32400 roots, 5308s
progress 5050/32400 roots, 5308s
progress 5075/32400 roots, 5309s
progress 5100/32400 roots, 5311s
progress 5125/32400 roots, 5316s
progress 5150/32400 roots, 5335s
progress 5175/32400 roots, 5339s
progress 5200/32400 roots, 5354s
progress 5225/32400 roots, 5393s
progress 5250/32400 roots, 5398s
progress 5275/32400 roots, 5444s
progress 5300/32400 roots, 5450s
progress 5325/32400 roots, 5455s
progress 5350/32400 roots, 5459s
progress 5375/32400 roots, 5460s
progress 5400/32400 roots, 5460s
progress 5425/32400 roots, 5461s
progress 5450/32400 roots, 5462s
progress 5475/32400 roots, 5466s
progress 5500/32400 roots, 5470s
progress 5525/32400 roots, 5477s
progress 5550/32400 roots, 5485s
progress 5575/32400 roots, 5489s
progress 5600/32400 roots, 5503s
progress 5625/32400 roots, 5520s
progress 5650/32400 roots, 5522s
progress 5675/32400 roots, 5538s
progress 5700/32400 roots, 5541s
progress 5725/32400 roots, 5542s
progress 5750/32400 roots, 5542s
progress 5775/32400 roots, 5542s
progress 5800/32400 roots, 5543s
progress 5825/32400 roots, 5547s
progress 5850/32400 roots, 5548s
progress 5875/32400 roots, 5555s
progress 5900/32400 roots, 5559s
progress 5925/32400 roots, 5566s
progress 5950/32400 roots, 5577s
progress 5975/32400 roots, 5587s
progress 6000/32400 roots, 5592s
progress 6025/32400 roots, 5599s
progress 6050/32400 roots, 5600s
progress 6075/32400 roots, 5605s
progress 6100/32400 roots, 5606s
progress 6125/32400 roots, 5606s
progress 6150/32400 roots, 5606s
progress 6175/32400 roots, 5606s
progress 6200/32400 roots, 5609s
progress 6225/32400 roots, 5613s
progress 6250/32400 roots, 5617s
progress 6275/32400 roots, 5638s
progress 6300/32400 roots, 5666s
progress 6325/32400 roots, 5688s
progress 6350/32400 roots, 5710s
progress 6375/32400 roots, 5716s
progress 6400/32400 roots, 5722s
progress 6425/32400 roots, 5727s
progress 6450/32400 roots, 5727s
progress 6475/32400 roots, 5728s
progress 6500/32400 roots, 5728s
progress 6525/32400 roots, 5728s
progress 6550/32400 roots, 5734s
progress 6575/32400 roots, 5738s
progress 6600/32400 roots, 5743s
progress 6625/32400 roots, 5753s
progress 6650/32400 roots, 5802s
progress 6675/32400 roots, 5874s
progress 6700/32400 roots, 5938s
progress 6725/32400 roots, 5951s
progress 6750/32400 roots, 5957s
progress 6775/32400 roots, 5963s
progress 6800/32400 roots, 5965s
progress 6825/32400 roots, 5966s
progress 6850/32400 roots, 5966s
progress 6875/32400 roots, 5967s
progress 6900/32400 roots, 5974s
progress 6925/32400 roots, 5979s
progress 6950/32400 roots, 5986s
progress 6975/32400 roots, 6004s
progress 7000/32400 roots, 6070s
progress 7025/32400 roots, 6177s
progress 7050/32400 roots, 6294s
progress 7075/32400 roots, 6317s
progress 7100/32400 roots, 6336s
progress 7125/32400 roots, 6345s
progress 7150/32400 roots, 6349s
progress 7175/32400 roots, 6352s
progress 7200/32400 roots, 6352s
progress 7225/32400 roots, 6354s
progress 7250/32400 roots, 6358s
progress 7275/32400 roots, 6371s
progress 7300/32400 roots, 6381s
progress 7325/32400 roots, 6394s
progress 7350/32400 roots, 6420s
progress 7375/32400 roots, 6555s
# stopped at the time limit of 6600 s
# finished 2026-10-02T11:12:26Z; exit 3; wall 6600.005 s; CPU 25958.8 s (user 25953.587 + sys 5.259); load 4.03 4.04 4.00
