{"completed": 10, "total": 201, "elapsed_seconds": 69.49459838867188, "nodes": 1143152}
{"completed": 20, "total": 201, "elapsed_seconds": 127.6996579170227, "nodes": 2267296}
{"completed": 30, "total": 201, "elapsed_seconds": 189.07770085334778, "nodes": 3362964}
{"completed": 40, "total": 201, "elapsed_seconds": 270.32983231544495, "nodes": 4426812}
{"completed": 50, "total": 201, "elapsed_seconds": 337.6550831794739, "nodes": 5459968}
{"completed": 60, "total": 201, "elapsed_seconds": 410.40738463401794, "nodes": 6482620}
{"completed": 70, "total": 201, "elapsed_seconds": 508.13006377220154, "nodes": 7509708}
{"completed": 80, "total": 201, "elapsed_seconds": 594.5739161968231, "nodes": 8559750}
{"completed": 90, "total": 201, "elapsed_seconds": 690.3180363178253, "nodes": 9644938}
{"completed": 100, "total": 201, "elapsed_seconds": 816.6630373001099, "nodes": 10780380}
{"completed": 110, "total": 201, "elapsed_seconds": 935.3501358032227, "nodes": 11975056}
{"completed": 120, "total": 201, "elapsed_seconds": 1065.6670191287994, "nodes": 13235506}
{"completed": 130, "total": 201, "elapsed_seconds": 1226.869395017624, "nodes": 14562610}
{"completed": 140, "total": 201, "elapsed_seconds": 1384.0580365657806, "nodes": 15953000}
{"completed": 150, "total": 201, "elapsed_seconds": 1542.2201137542725, "nodes": 17417694}
{"completed": 160, "total": 201, "elapsed_seconds": 1740.952788591385, "nodes": 18961384}
{"completed": 170, "total": 201, "elapsed_seconds": 1941.6207597255707, "nodes": 20586806}
{"completed": 180, "total": 201, "elapsed_seconds": 2135.9405834674835, "nodes": 22284892}
{"completed": 190, "total": 201, "elapsed_seconds": 2377.6348259449005, "nodes": 24042404}
{"completed": 200, "total": 201, "elapsed_seconds": 2590.758002758026, "nodes": 25839300}
{"completed": 201, "total": 201, "elapsed_seconds": 3919.9015760421753, "nodes": 28780525}
{
  "status": "VERIFIED",
  "angle_cases": 201,
  "target_lower_bound_exact": "10001/10000",
  "nodes": 28780525,
  "leaves": 15860975,
  "minimum_printed_leaf_lower_bound": 1.0001000047709143,
  "wall_seconds": 3919.9022738933563,
  "input_sha256": "094286e2f0b27432b2615d8e9058f621201d2d36bade9f30c765fd8b1b00dedf",
  "verifier_source_sha256": "a75140df1b484ad104a214d2e8de87afda9fca5929341ec40121afde0c1af602",
  "method": "Outward-rounded binary64 intervals; certified inscribed polygon area; derivative bounds over center boxes; rational angular net."
}
