D4: measure invariant under x->s-x and x<->y (exact)
# zmx2 cert hash=28ac9449f1356f93 mode=d4 atoms=pairpts depth=40 node_cap=20000000 kappa=1.5 K=30 region=x0-34,y0-34,bins0-3
cover: s = 7/1, 12645 points, 0 segments, total 12666371418707823/281474976710656 = 44.99999100001
roots: 4900 in region, 0 already done (log), 4900 to run, 2 threads
progress 25/4900 roots, 0s
progress 50/4900 roots, 0s
progress 75/4900 roots, 0s
progress 100/4900 roots, 0s
progress 125/4900 roots, 0s
progress 150/4900 roots, 0s
progress 175/4900 roots, 0s
progress 200/4900 roots, 0s
progress 225/4900 roots, 0s
progress 250/4900 roots, 0s
progress 275/4900 roots, 0s
progress 300/4900 roots, 0s
progress 325/4900 roots, 0s
progress 350/4900 roots, 0s
progress 375/4900 roots, 0s
progress 400/4900 roots, 0s
progress 425/4900 roots, 0s
progress 450/4900 roots, 0s
progress 475/4900 roots, 0s
progress 500/4900 roots, 0s
progress 525/4900 roots, 0s
progress 550/4900 roots, 0s
progress 575/4900 roots, 0s
progress 600/4900 roots, 0s
progress 625/4900 roots, 1s
progress 650/4900 roots, 1s
progress 675/4900 roots, 1s
progress 700/4900 roots, 1s
progress 725/4900 roots, 2s
progress 750/4900 roots, 2s
progress 775/4900 roots, 15s
progress 800/4900 roots, 16s
progress 825/4900 roots, 17s
progress 850/4900 roots, 17s
progress 875/4900 roots, 17s
progress 900/4900 roots, 19s
progress 925/4900 roots, 22s
progress 950/4900 roots, 25s
progress 975/4900 roots, 27s
progress 1000/4900 roots, 28s
progress 1025/4900 roots, 28s
progress 1050/4900 roots, 29s
progress 1075/4900 roots, 32s
progress 1100/4900 roots, 33s
progress 1125/4900 roots, 35s
progress 1150/4900 roots, 35s
progress 1175/4900 roots, 35s
progress 1200/4900 roots, 35s
progress 1225/4900 roots, 35s
progress 1250/4900 roots, 35s
progress 1275/4900 roots, 36s
progress 1300/4900 roots, 36s
progress 1325/4900 roots, 36s
progress 1350/4900 roots, 36s
progress 1375/4900 roots, 36s
progress 1400/4900 roots, 36s
progress 1425/4900 roots, 36s
progress 1450/4900 roots, 36s
progress 1475/4900 roots, 36s
progress 1500/4900 roots, 36s
progress 1525/4900 roots, 37s
progress 1550/4900 roots, 37s
progress 1575/4900 roots, 37s
progress 1600/4900 roots, 37s
progress 1625/4900 roots, 41s
progress 1650/4900 roots, 54s
progress 1675/4900 roots, 54s
progress 1700/4900 roots, 55s
progress 1725/4900 roots, 55s
progress 1750/4900 roots, 184s
progress 1775/4900 roots, 195s
progress 1800/4900 roots, 272s
progress 1825/4900 roots, 291s
progress 1850/4900 roots, 291s
progress 1875/4900 roots, 326s
progress 1900/4900 roots, 379s
progress 1925/4900 roots, 430s
progress 1950/4900 roots, 435s
progress 1975/4900 roots, 443s
progress 2000/4900 roots, 448s
progress 2025/4900 roots, 495s
progress 2050/4900 roots, 511s
progress 2075/4900 roots, 528s
progress 2100/4900 roots, 533s
progress 2125/4900 roots, 539s
progress 2150/4900 roots, 545s
progress 2175/4900 roots, 568s
progress 2200/4900 roots, 589s
progress 2225/4900 roots, 599s
progress 2250/4900 roots, 602s
progress 2275/4900 roots, 603s
progress 2300/4900 roots, 606s
progress 2325/4900 roots, 620s
progress 2350/4900 roots, 630s
progress 2375/4900 roots, 636s
progress 2400/4900 roots, 638s
progress 2425/4900 roots, 639s
progress 2450/4900 roots, 651s
progress 2475/4900 roots, 654s
progress 2500/4900 roots, 672s
progress 2525/4900 roots, 689s
progress 2550/4900 roots, 690s
progress 2575/4900 roots, 692s
progress 2600/4900 roots, 700s
progress 2625/4900 roots, 715s
progress 2650/4900 roots, 717s
progress 2675/4900 roots, 722s
progress 2700/4900 roots, 723s
progress 2725/4900 roots, 729s
progress 2750/4900 roots, 732s
progress 2775/4900 roots, 746s
progress 2800/4900 roots, 750s
progress 2825/4900 roots, 752s
progress 2850/4900 roots, 752s
progress 2875/4900 roots, 757s
progress 2900/4900 roots, 761s
progress 2925/4900 roots, 766s
progress 2950/4900 roots, 770s
progress 2975/4900 roots, 772s
progress 3000/4900 roots, 773s
progress 3025/4900 roots, 779s
progress 3050/4900 roots, 794s
progress 3075/4900 roots, 796s
progress 3100/4900 roots, 796s
progress 3125/4900 roots, 798s
progress 3150/4900 roots, 809s
progress 3175/4900 roots, 818s
progress 3200/4900 roots, 835s
progress 3225/4900 roots, 837s
progress 3250/4900 roots, 838s
progress 3275/4900 roots, 850s
progress 3300/4900 roots, 887s
progress 3325/4900 roots, 900s
progress 3350/4900 roots, 909s
progress 3375/4900 roots, 915s
progress 3400/4900 roots, 916s
progress 3425/4900 roots, 948s
progress 3450/4900 roots, 965s
progress 3475/4900 roots, 979s
progress 3500/4900 roots, 991s
progress 3525/4900 roots, 992s
progress 3550/4900 roots, 997s
progress 3575/4900 roots, 1012s
progress 3600/4900 roots, 1031s
progress 3625/4900 roots, 1046s
progress 3650/4900 roots, 1049s
progress 3675/4900 roots, 1051s
progress 3700/4900 roots, 1062s
progress 3725/4900 roots, 1077s
progress 3750/4900 roots, 1090s
progress 3775/4900 roots, 1098s
progress 3800/4900 roots, 1099s
progress 3825/4900 roots, 1099s
progress 3850/4900 roots, 1108s
progress 3875/4900 roots, 1111s
progress 3900/4900 roots, 1119s
progress 3925/4900 roots, 1122s
progress 3950/4900 roots, 1122s
progress 3975/4900 roots, 1122s
progress 4000/4900 roots, 1131s
progress 4025/4900 roots, 1145s
progress 4050/4900 roots, 1146s
progress 4075/4900 roots, 1148s
progress 4100/4900 roots, 1149s
progress 4125/4900 roots, 1160s
progress 4150/4900 roots, 1161s
progress 4175/4900 roots, 1181s
progress 4200/4900 roots, 1183s
progress 4225/4900 roots, 1183s
progress 4250/4900 roots, 1184s
progress 4275/4900 roots, 1191s
progress 4300/4900 roots, 1193s
progress 4325/4900 roots, 1196s
progress 4350/4900 roots, 1196s
progress 4375/4900 roots, 1197s
progress 4400/4900 roots, 1198s
progress 4425/4900 roots, 1200s
progress 4450/4900 roots, 1203s
progress 4475/4900 roots, 1204s
progress 4500/4900 roots, 1204s
progress 4525/4900 roots, 1205s
progress 4550/4900 roots, 1213s
progress 4575/4900 roots, 1219s
progress 4600/4900 roots, 1223s
progress 4625/4900 roots, 1224s
progress 4650/4900 roots, 1225s
progress 4675/4900 roots, 1226s
progress 4700/4900 roots, 1232s
progress 4725/4900 roots, 1239s
progress 4750/4900 roots, 1242s
progress 4775/4900 roots, 1244s
progress 4800/4900 roots, 1245s
progress 4825/4900 roots, 1256s
progress 4850/4900 roots, 1259s
progress 4875/4900 roots, 1265s
progress 4900/4900 roots, 1269s
done in 1269s wall: roots 4900 (missing 0), boxes 1295460, certified 629884, empty 20296, uncertified 0, max depth 38, cpu 2534s
VERIFIED-D4: every closed unit square in [0,s]^2 has mu >= 1 (D4-reduced sweep, all roots)
