{"completed": 10, "total": 201, "elapsed_seconds": 89.0767765045166, "nodes": 790978}
{"completed": 20, "total": 201, "elapsed_seconds": 161.0503556728363, "nodes": 1562390}
{"completed": 30, "total": 201, "elapsed_seconds": 238.25887274742126, "nodes": 2326550}
{"completed": 40, "total": 201, "elapsed_seconds": 345.64590215682983, "nodes": 3092700}
{"completed": 50, "total": 201, "elapsed_seconds": 437.34216022491455, "nodes": 3865262}
{"completed": 60, "total": 201, "elapsed_seconds": 539.1322336196899, "nodes": 4659840}
{"completed": 70, "total": 201, "elapsed_seconds": 677.2313063144684, "nodes": 5491534}
{"completed": 80, "total": 201, "elapsed_seconds": 809.6178908348083, "nodes": 6391226}
{"completed": 90, "total": 201, "elapsed_seconds": 964.7835853099823, "nodes": 7376296}
{"completed": 100, "total": 201, "elapsed_seconds": 1166.1940715312958, "nodes": 8434856}
{"completed": 110, "total": 201, "elapsed_seconds": 1348.9639065265656, "nodes": 9538622}
{"completed": 120, "total": 201, "elapsed_seconds": 1543.9878227710724, "nodes": 10676500}
{"completed": 130, "total": 201, "elapsed_seconds": 1781.9421873092651, "nodes": 11851316}
{"completed": 140, "total": 201, "elapsed_seconds": 1994.0451509952545, "nodes": 13066804}
{"completed": 150, "total": 201, "elapsed_seconds": 2225.7231266498566, "nodes": 14325990}
{"completed": 160, "total": 201, "elapsed_seconds": 2505.704859972, "nodes": 15653944}
{"completed": 170, "total": 201, "elapsed_seconds": 2771.2885291576385, "nodes": 17082482}
{"completed": 180, "total": 201, "elapsed_seconds": 3073.341616630554, "nodes": 18631282}
{"completed": 190, "total": 201, "elapsed_seconds": 3434.5160257816315, "nodes": 20312846}
{"completed": 200, "total": 201, "elapsed_seconds": 3776.00976228714, "nodes": 22085780}
{"completed": 201, "total": 201, "elapsed_seconds": 7825.533858060837, "nodes": 26773005}
{
  "status": "VERIFIED",
  "angle_cases": 201,
  "target_lower_bound_exact": "10001/10000",
  "nodes": 26773005,
  "leaves": 15730215,
  "minimum_printed_leaf_lower_bound": 1.0001000013123733,
  "wall_seconds": 7825.5344851017,
  "input_sha256": "3f2b634709b430100f96393357e081a15bacfe4918d2e0a02988ff072aed0405",
  "verifier_source_sha256": "a75140df1b484ad104a214d2e8de87afda9fca5929341ec40121afde0c1af602",
  "method": "Outward-rounded binary64 intervals; certified inscribed polygon area; derivative bounds over center boxes; rational angular net."
}
