{"completed": 10, "total": 201, "elapsed_seconds": 72.82279205322266, "nodes": 768544}
{"completed": 20, "total": 201, "elapsed_seconds": 131.3181607723236, "nodes": 1520178}
{"completed": 30, "total": 201, "elapsed_seconds": 194.7805655002594, "nodes": 2259952}
{"completed": 40, "total": 201, "elapsed_seconds": 282.64584159851074, "nodes": 2999992}
{"completed": 50, "total": 201, "elapsed_seconds": 364.4322302341461, "nodes": 3778178}
{"completed": 60, "total": 201, "elapsed_seconds": 460.6926865577698, "nodes": 4614628}
{"completed": 70, "total": 201, "elapsed_seconds": 589.9026556015015, "nodes": 5528870}
{"completed": 80, "total": 201, "elapsed_seconds": 718.8353691101074, "nodes": 6515636}
{"completed": 90, "total": 201, "elapsed_seconds": 866.6636576652527, "nodes": 7564914}
{"completed": 100, "total": 201, "elapsed_seconds": 1031.7841591835022, "nodes": 8651458}
{"completed": 110, "total": 201, "elapsed_seconds": 1195.3859565258026, "nodes": 9770472}
{"completed": 120, "total": 201, "elapsed_seconds": 1384.6083357334137, "nodes": 10936718}
{"completed": 130, "total": 201, "elapsed_seconds": 1571.508948802948, "nodes": 12142720}
{"completed": 140, "total": 201, "elapsed_seconds": 1771.3226816654205, "nodes": 13378924}
{"completed": 150, "total": 201, "elapsed_seconds": 1997.8809473514557, "nodes": 14663872}
{"completed": 160, "total": 201, "elapsed_seconds": 2227.806718349457, "nodes": 16019580}
{"completed": 170, "total": 201, "elapsed_seconds": 2481.5112915039062, "nodes": 17477742}
{"completed": 180, "total": 201, "elapsed_seconds": 2774.1521320343018, "nodes": 19075026}
{"completed": 190, "total": 201, "elapsed_seconds": 3074.3406021595, "nodes": 20804404}
{"completed": 200, "total": 201, "elapsed_seconds": 3404.2445092201233, "nodes": 22630100}
{"completed": 201, "total": 201, "elapsed_seconds": 5452.853291749954, "nodes": 28399704}
{
  "status": "VERIFIED",
  "angle_cases": 201,
  "target_lower_bound_exact": "10001/10000",
  "nodes": 28399704,
  "leaves": 17084754,
  "minimum_printed_leaf_lower_bound": 1.000100008351086,
  "wall_seconds": 5452.854275226593,
  "input_sha256": "9f40adb5f85935adc1b666fd374d4a7e3b297a1b084878a5dd47dc3c526567c3",
  "verifier_source_sha256": "a75140df1b484ad104a214d2e8de87afda9fca5929341ec40121afde0c1af602",
  "method": "Outward-rounded binary64 intervals; certified inscribed polygon area; derivative bounds over center boxes; rational angular net."
}
