# command: verify2/target/release/zmx2 cert certificates/cover_drop-heaviest-point.txt --d4 --pair-points --threads 1 --log /home/user/squares/packing/resources/web/wand125-point-n61-2026-09-30/receipts/controls/n61_control_drop-heaviest-point_zmx2_d4_pairpoints_x26-26_y8-8_roots.log --xlo 26 --xhi 26 --ylo 8 --yhi 8
# cwd: s12/ staged by devtools.replay_evand_zmx2 control: zmx2.rs 6b7f0f79466bf25c9a85f8fe2f3866de734935f0521ea188136818c2fb5b3fed built from retained bytes; cover 6e035cc57def6b6941d5895cc4d630ff0da64a62c984e98cca7acd030b4c6f56, the drop-heaviest-point mutation of bcb66c7910ef844ce8d39c423d7a5a419bd530a344689331f7665ba6971d0374 decompressed from packing/resources/web/wand125-point-n61-2026-09-30/square-packing-bounds/point_n61_L8/cover.txt.gz: drops the 8 point rows at the 8 D4 images of (1875, 6000)/2000, carrying 43748855164561/562949953421312 each, removing mass 43748855164561/70368744177664
# python3: not used by this command
# host: 4 cores; load 1.91 2.19 1.13; started 2026-10-02T17:43:55Z
D4: measure invariant under x->s-x and x<->y (exact)
# zmx2 cert hash=99429dfd5b699835 mode=d4 atoms=pairpts depth=40 node_cap=20000000 kappa=1.5 K=30 region=x26-26,y8-8,bins0-3
cover: s = 8/1, 15185 points, 0 segments, total 8497487362350429/140737488355328 = 60.37827917531
roots: 4 in region, 0 already done (log), 4 to run, 1 threads
UNCERT 4192 pass 0 box 214958/81920,214959/81920,65536/81920,65537/81920,0/131072,1/131072 | x[2.6239990,2.6240112] y[0.8000000,0.8000122] u[0.00000000,0.00000763] (th 0.0000-0.0009 deg) | float-min 0.999259 at (2.624005,0.800000,u 0.0000000)
UNCERT 4192 pass 0 box 214958/81920,214959/81920,65536/81920,65537/81920,1/131072,2/131072 | x[2.6239990,2.6240112] y[0.8000000,0.8000122] u[0.00000763,0.00001526] (th 0.0009-0.0017 deg) | float-min 0.999259 at (2.624005,0.800000,u 0.0000076)
UNCERT 4192 pass 0 box 214958/81920,214959/81920,65537/81920,65538/81920,0/131072,1/131072 | x[2.6239990,2.6240112] y[0.8000122,0.8000244] u[0.00000000,0.00000763] (th 0.0000-0.0009 deg) | float-min 0.999259 at (2.624005,0.800012,u 0.0000000)
UNCERT 4192 pass 0 box 214958/81920,214959/81920,65537/81920,65538/81920,1/131072,2/131072 | x[2.6239990,2.6240112] y[0.8000122,0.8000244] u[0.00000763,0.00001526] (th 0.0009-0.0017 deg) | float-min 0.999259 at (2.624005,0.800012,u 0.0000076)
UNCERT 4192 pass 0 box 214959/81920,214960/81920,65536/81920,65537/81920,0/131072,1/131072 | x[2.6240112,2.6240234] y[0.8000000,0.8000122] u[0.00000000,0.00000763] (th 0.0000-0.0009 deg) | float-min 0.999259 at (2.624011,0.800000,u 0.0000000)
UNCERT 4192 pass 0 box 214959/81920,214960/81920,65536/81920,65537/81920,1/131072,2/131072 | x[2.6240112,2.6240234] y[0.8000000,0.8000122] u[0.00000763,0.00001526] (th 0.0009-0.0017 deg) | float-min 0.999259 at (2.624011,0.800000,u 0.0000076)
UNCERT 4192 pass 0 box 214959/81920,214960/81920,65537/81920,65538/81920,0/131072,1/131072 | x[2.6240112,2.6240234] y[0.8000122,0.8000244] u[0.00000000,0.00000763] (th 0.0000-0.0009 deg) | float-min 0.999259 at (2.624011,0.800012,u 0.0000000)
UNCERT 4192 pass 0 box 214959/81920,214960/81920,65537/81920,65538/81920,1/131072,2/131072 | x[2.6240112,2.6240234] y[0.8000122,0.8000244] u[0.00000763,0.00001526] (th 0.0009-0.0017 deg) | float-min 0.999259 at (2.624011,0.800012,u 0.0000076)
UNCERT 4192 pass 0 box 214958/81920,214959/81920,65536/81920,65537/81920,2/131072,3/131072 | x[2.6239990,2.6240112] y[0.8000000,0.8000122] u[0.00001526,0.00002289] (th 0.0017-0.0026 deg) | float-min 0.999259 at (2.624011,0.800000,u 0.0000153)
UNCERT 4192 pass 0 box 214958/81920,214959/81920,65536/81920,65537/81920,3/131072,4/131072 | x[2.6239990,2.6240112] y[0.8000000,0.8000122] u[0.00002289,0.00003052] (th 0.0026-0.0035 deg) | float-min 0.999259 at (2.624011,0.800000,u 0.0000229)
UNCERT 4192 pass 0 box 214958/81920,214959/81920,65537/81920,65538/81920,2/131072,3/131072 | x[2.6239990,2.6240112] y[0.8000122,0.8000244] u[0.00001526,0.00002289] (th 0.0017-0.0026 deg) | float-min 0.999259 at (2.624011,0.800012,u 0.0000153)
UNCERT 4192 pass 0 box 214958/81920,214959/81920,65537/81920,65538/81920,3/131072,4/131072 | x[2.6239990,2.6240112] y[0.8000122,0.8000244] u[0.00002289,0.00003052] (th 0.0026-0.0035 deg) | float-min 0.999259 at (2.624011,0.800012,u 0.0000229)
UNCERT 4192 pass 0 box 214959/81920,214960/81920,65536/81920,65537/81920,2/131072,3/131072 | x[2.6240112,2.6240234] y[0.8000000,0.8000122] u[0.00001526,0.00002289] (th 0.0017-0.0026 deg) | float-min 0.999259 at (2.624011,0.800000,u 0.0000153)
UNCERT 4192 pass 0 box 214959/81920,214960/81920,65536/81920,65537/81920,3/131072,4/131072 | x[2.6240112,2.6240234] y[0.8000000,0.8000122] u[0.00002289,0.00003052] (th 0.0026-0.0035 deg) | float-min 0.999259 at (2.624011,0.800000,u 0.0000229)
UNCERT 4192 pass 0 box 214959/81920,214960/81920,65537/81920,65538/81920,2/131072,3/131072 | x[2.6240112,2.6240234] y[0.8000122,0.8000244] u[0.00001526,0.00002289] (th 0.0017-0.0026 deg) | float-min 0.999259 at (2.624011,0.800012,u 0.0000153)
UNCERT 4192 pass 0 box 214959/81920,214960/81920,65537/81920,65538/81920,3/131072,4/131072 | x[2.6240112,2.6240234] y[0.8000122,0.8000244] u[0.00002289,0.00003052] (th 0.0026-0.0035 deg) | float-min 0.999259 at (2.624011,0.800012,u 0.0000229)
UNCERT 4192 pass 0 box 214958/81920,214959/81920,65538/81920,65539/81920,0/131072,1/131072 | x[2.6239990,2.6240112] y[0.8000244,0.8000366] u[0.00000000,0.00000763] (th 0.0000-0.0009 deg) | float-min 0.999259 at (2.624005,0.800024,u 0.0000000)
UNCERT 4192 pass 0 box 214958/81920,214959/81920,65538/81920,65539/81920,1/131072,2/131072 | x[2.6239990,2.6240112] y[0.8000244,0.8000366] u[0.00000763,0.00001526] (th 0.0009-0.0017 deg) | float-min 0.999259 at (2.624005,0.800024,u 0.0000076)
UNCERT 4192 pass 0 box 214958/81920,214959/81920,65539/81920,65540/81920,0/131072,1/131072 | x[2.6239990,2.6240112] y[0.8000366,0.8000488] u[0.00000000,0.00000763] (th 0.0000-0.0009 deg) | float-min 0.999259 at (2.624005,0.800037,u 0.0000000)
UNCERT 4192 pass 0 box 214958/81920,214959/81920,65539/81920,65540/81920,1/131072,2/131072 | x[2.6239990,2.6240112] y[0.8000366,0.8000488] u[0.00000763,0.00001526] (th 0.0009-0.0017 deg) | float-min 0.999259 at (2.624005,0.800037,u 0.0000076)
UNCERT 4192 pass 0 box 214959/81920,214960/81920,65538/81920,65539/81920,0/131072,1/131072 | x[2.6240112,2.6240234] y[0.8000244,0.8000366] u[0.00000000,0.00000763] (th 0.0000-0.0009 deg) | float-min 0.999259 at (2.624011,0.800024,u 0.0000000)
UNCERT 4192 pass 0 box 214959/81920,214960/81920,65538/81920,65539/81920,1/131072,2/131072 | x[2.6240112,2.6240234] y[0.8000244,0.8000366] u[0.00000763,0.00001526] (th 0.0009-0.0017 deg) | float-min 0.999259 at (2.624011,0.800024,u 0.0000076)
UNCERT 4192 pass 0 box 214959/81920,214960/81920,65539/81920,65540/81920,0/131072,1/131072 | x[2.6240112,2.6240234] y[0.8000366,0.8000488] u[0.00000000,0.00000763] (th 0.0000-0.0009 deg) | float-min 0.999259 at (2.624011,0.800037,u 0.0000000)
UNCERT 4192 pass 0 box 214959/81920,214960/81920,65539/81920,65540/81920,1/131072,2/131072 | x[2.6240112,2.6240234] y[0.8000366,0.8000488] u[0.00000763,0.00001526] (th 0.0009-0.0017 deg) | float-min 0.999259 at (2.624011,0.800037,u 0.0000076)
UNCERT 4192 pass 0 box 214958/81920,214959/81920,65538/81920,65539/81920,2/131072,3/131072 | x[2.6239990,2.6240112] y[0.8000244,0.8000366] u[0.00001526,0.00002289] (th 0.0017-0.0026 deg) | float-min 0.999259 at (2.624011,0.800024,u 0.0000153)
UNCERT 4192 pass 0 box 214958/81920,214959/81920,65538/81920,65539/81920,3/131072,4/131072 | x[2.6239990,2.6240112] y[0.8000244,0.8000366] u[0.00002289,0.00003052] (th 0.0026-0.0035 deg) | float-min 0.999259 at (2.624011,0.800024,u 0.0000229)
UNCERT 4192 pass 0 box 214958/81920,214959/81920,65539/81920,65540/81920,2/131072,3/131072 | x[2.6239990,2.6240112] y[0.8000366,0.8000488] u[0.00001526,0.00002289] (th 0.0017-0.0026 deg) | float-min 0.999259 at (2.624011,0.800037,u 0.0000153)
UNCERT 4192 pass 0 box 214958/81920,214959/81920,65539/81920,65540/81920,3/131072,4/131072 | x[2.6239990,2.6240112] y[0.8000366,0.8000488] u[0.00002289,0.00003052] (th 0.0026-0.0035 deg) | float-min 0.999259 at (2.624011,0.800037,u 0.0000229)
UNCERT 4192 pass 0 box 214959/81920,214960/81920,65538/81920,65539/81920,2/131072,3/131072 | x[2.6240112,2.6240234] y[0.8000244,0.8000366] u[0.00001526,0.00002289] (th 0.0017-0.0026 deg) | float-min 0.999259 at (2.624011,0.800024,u 0.0000153)
UNCERT 4192 pass 0 box 214959/81920,214960/81920,65538/81920,65539/81920,3/131072,4/131072 | x[2.6240112,2.6240234] y[0.8000244,0.8000366] u[0.00002289,0.00003052] (th 0.0026-0.0035 deg) | float-min 0.999259 at (2.624011,0.800024,u 0.0000229)
UNCERT 4192 pass 0 box 214959/81920,214960/81920,65539/81920,65540/81920,2/131072,3/131072 | x[2.6240112,2.6240234] y[0.8000366,0.8000488] u[0.00001526,0.00002289] (th 0.0017-0.0026 deg) | float-min 0.999259 at (2.624011,0.800037,u 0.0000153)
UNCERT 4192 pass 0 box 214959/81920,214960/81920,65539/81920,65540/81920,3/131072,4/131072 | x[2.6240112,2.6240234] y[0.8000366,0.8000488] u[0.00002289,0.00003052] (th 0.0026-0.0035 deg) | float-min 0.999259 at (2.624011,0.800037,u 0.0000229)
UNCERT 4192 pass 0 box 214959/81920,214960/81920,65536/81920,65537/81920,4/131072,5/131072 | x[2.6240112,2.6240234] y[0.8000000,0.8000122] u[0.00003052,0.00003815] (th 0.0035-0.0044 deg) | float-min 0.999259 at (2.624017,0.800000,u 0.0000305)
UNCERT 4192 pass 0 box 214959/81920,214960/81920,65536/81920,65537/81920,5/131072,6/131072 | x[2.6240112,2.6240234] y[0.8000000,0.8000122] u[0.00003815,0.00004578] (th 0.0044-0.0052 deg) | float-min 0.999259 at (2.624017,0.800000,u 0.0000381)
UNCERT 4192 pass 0 box 214959/81920,214960/81920,65537/81920,65538/81920,4/131072,5/131072 | x[2.6240112,2.6240234] y[0.8000122,0.8000244] u[0.00003052,0.00003815] (th 0.0035-0.0044 deg) | float-min 0.999259 at (2.624017,0.800012,u 0.0000305)
UNCERT 4192 pass 0 box 214959/81920,214960/81920,65537/81920,65538/81920,5/131072,6/131072 | x[2.6240112,2.6240234] y[0.8000122,0.8000244] u[0.00003815,0.00004578] (th 0.0044-0.0052 deg) | float-min 0.999259 at (2.624017,0.800012,u 0.0000381)
UNCERT 4192 pass 0 box 214959/81920,214960/81920,65536/81920,65537/81920,6/131072,7/131072 | x[2.6240112,2.6240234] y[0.8000000,0.8000122] u[0.00004578,0.00005341] (th 0.0052-0.0061 deg) | float-min 0.999259 at (2.624023,0.800000,u 0.0000458)
UNCERT 4192 pass 0 box 214959/81920,214960/81920,65536/81920,65537/81920,7/131072,8/131072 | x[2.6240112,2.6240234] y[0.8000000,0.8000122] u[0.00005341,0.00006104] (th 0.0061-0.0070 deg) | float-min 0.999259 at (2.624023,0.800000,u 0.0000534)
UNCERT 4192 pass 0 box 214959/81920,214960/81920,65537/81920,65538/81920,6/131072,7/131072 | x[2.6240112,2.6240234] y[0.8000122,0.8000244] u[0.00004578,0.00005341] (th 0.0052-0.0061 deg) | float-min 0.999259 at (2.624023,0.800012,u 0.0000458)
UNCERT 4192 pass 0 box 214959/81920,214960/81920,65537/81920,65538/81920,7/131072,8/131072 | x[2.6240112,2.6240234] y[0.8000122,0.8000244] u[0.00005341,0.00006104] (th 0.0061-0.0070 deg) | float-min 0.999259 at (2.624023,0.800012,u 0.0000534)
UNCERT 4193 pass 0 box 213033/81920,213034/81920,65536/81920,65537/81920,19487/131072,19488/131072 | x[2.6005005,2.6005127] y[0.8000000,0.8000122] u[0.14867401,0.14868164] (th 16.9129-16.9138 deg) | float-min 0.999501 at (2.600513,0.800000,u 0.1486816)
UNCERT 4193 pass 0 box 213034/81920,213035/81920,65536/81920,65537/81920,19487/131072,19488/131072 | x[2.6005127,2.6005249] y[0.8000000,0.8000122] u[0.14867401,0.14868164] (th 16.9129-16.9138 deg) | float-min 0.999501 at (2.600513,0.800000,u 0.1486816)
UNCERT 4193 pass 0 box 213035/81920,213036/81920,65536/81920,65537/81920,19486/131072,19487/131072 | x[2.6005249,2.6005371] y[0.8000000,0.8000122] u[0.14866638,0.14867401] (th 16.9120-16.9129 deg) | float-min 0.999501 at (2.600537,0.800000,u 0.1486740)
UNCERT 4193 pass 0 box 213035/81920,213036/81920,65536/81920,65537/81920,19487/131072,19488/131072 | x[2.6005249,2.6005371] y[0.8000000,0.8000122] u[0.14867401,0.14868164] (th 16.9129-16.9138 deg) | float-min 0.999501 at (2.600525,0.800000,u 0.1486778)
UNCERT 4193 pass 0 box 213037/81920,213038/81920,65536/81920,65537/81920,19485/131072,19486/131072 | x[2.6005493,2.6005615] y[0.8000000,0.8000122] u[0.14865875,0.14866638] (th 16.9112-16.9120 deg) | float-min 0.999501 at (2.600562,0.800000,u 0.1486664)
UNCERT 4193 pass 0 box 213036/81920,213037/81920,65536/81920,65537/81920,19486/131072,19487/131072 | x[2.6005371,2.6005493] y[0.8000000,0.8000122] u[0.14866638,0.14867401] (th 16.9120-16.9129 deg) | float-min 0.999501 at (2.600537,0.800000,u 0.1486740)
UNCERT 4193 pass 0 box 213036/81920,213037/81920,65536/81920,65537/81920,19487/131072,19488/131072 | x[2.6005371,2.6005493] y[0.8000000,0.8000122] u[0.14867401,0.14868164] (th 16.9129-16.9138 deg) | float-min 0.999501 at (2.600537,0.800000,u 0.1486740)
UNCERT 4193 pass 0 box 213036/81920,213037/81920,65537/81920,65538/81920,19487/131072,19488/131072 | x[2.6005371,2.6005493] y[0.8000122,0.8000244] u[0.14867401,0.14868164] (th 16.9129-16.9138 deg) | float-min 0.999501 at (2.600549,0.800012,u 0.1486816)
UNCERT 4193 pass 0 box 213037/81920,213038/81920,65536/81920,65537/81920,19486/131072,19487/131072 | x[2.6005493,2.6005615] y[0.8000000,0.8000122] u[0.14866638,0.14867401] (th 16.9120-16.9129 deg) | float-min 0.999501 at (2.600549,0.800000,u 0.1486702)
UNCERT 4193 pass 0 box 213037/81920,213038/81920,65536/81920,65537/81920,19487/131072,19488/131072 | x[2.6005493,2.6005615] y[0.8000000,0.8000122] u[0.14867401,0.14868164] (th 16.9129-16.9138 deg) | float-min 0.999501 at (2.600549,0.800000,u 0.1486740)
UNCERT 4193 pass 0 box 213037/81920,213038/81920,65537/81920,65538/81920,19487/131072,19488/131072 | x[2.6005493,2.6005615] y[0.8000122,0.8000244] u[0.14867401,0.14868164] (th 16.9129-16.9138 deg) | float-min 0.999501 at (2.600549,0.800012,u 0.1486816)
UNCERT 4193 pass 0 box 213038/81920,213039/81920,65536/81920,65537/81920,19485/131072,19486/131072 | x[2.6005615,2.6005737] y[0.8000000,0.8000122] u[0.14865875,0.14866638] (th 16.9112-16.9120 deg) | float-min 0.999501 at (2.600562,0.800000,u 0.1486664)
UNCERT 4193 pass 0 box 213039/81920,213040/81920,65536/81920,65537/81920,19484/131072,19485/131072 | x[2.6005737,2.6005859] y[0.8000000,0.8000122] u[0.14865112,0.14865875] (th 16.9103-16.9112 deg) | float-min 0.999501 at (2.600586,0.800000,u 0.1486588)
UNCERT 4193 pass 0 box 213039/81920,213040/81920,65536/81920,65537/81920,19485/131072,19486/131072 | x[2.6005737,2.6005859] y[0.8000000,0.8000122] u[0.14865875,0.14866638] (th 16.9112-16.9120 deg) | float-min 0.999501 at (2.600574,0.800000,u 0.1486626)
UNCERT 4193 pass 0 box 213038/81920,213039/81920,65536/81920,65537/81920,19486/131072,19487/131072 | x[2.6005615,2.6005737] y[0.8000000,0.8000122] u[0.14866638,0.14867401] (th 16.9120-16.9129 deg) | float-min 0.999501 at (2.600562,0.800000,u 0.1486664)
UNCERT 4193 pass 0 box 213038/81920,213039/81920,65536/81920,65537/81920,19487/131072,19488/131072 | x[2.6005615,2.6005737] y[0.8000000,0.8000122] u[0.14867401,0.14868164] (th 16.9129-16.9138 deg) | float-min 0.999501 at (2.600562,0.800000,u 0.1486740)
UNCERT 4193 pass 0 box 213038/81920,213039/81920,65537/81920,65538/81920,19486/131072,19487/131072 | x[2.6005615,2.6005737] y[0.8000122,0.8000244] u[0.14866638,0.14867401] (th 16.9120-16.9129 deg) | float-min 0.999501 at (2.600574,0.800012,u 0.1486740)
UNCERT 4193 pass 0 box 213038/81920,213039/81920,65537/81920,65538/81920,19487/131072,19488/131072 | x[2.6005615,2.6005737] y[0.8000122,0.8000244] u[0.14867401,0.14868164] (th 16.9129-16.9138 deg) | float-min 0.999501 at (2.600562,0.800012,u 0.1486778)
UNCERT 4193 pass 0 box 213039/81920,213040/81920,65536/81920,65537/81920,19486/131072,19487/131072 | x[2.6005737,2.6005859] y[0.8000000,0.8000122] u[0.14866638,0.14867401] (th 16.9120-16.9129 deg) | float-min 0.999501 at (2.600574,0.800000,u 0.1486664)
UNCERT 4193 pass 0 box 213039/81920,213040/81920,65536/81920,65537/81920,19487/131072,19488/131072 | x[2.6005737,2.6005859] y[0.8000000,0.8000122] u[0.14867401,0.14868164] (th 16.9129-16.9138 deg) | float-min 0.999501 at (2.600574,0.800000,u 0.1486740)
UNCERT 4193 pass 0 box 213039/81920,213040/81920,65537/81920,65538/81920,19486/131072,19487/131072 | x[2.6005737,2.6005859] y[0.8000122,0.8000244] u[0.14866638,0.14867401] (th 16.9120-16.9129 deg) | float-min 0.999501 at (2.600574,0.800012,u 0.1486740)
UNCERT 4193 pass 0 box 213039/81920,213040/81920,65537/81920,65538/81920,19487/131072,19488/131072 | x[2.6005737,2.6005859] y[0.8000122,0.8000244] u[0.14867401,0.14868164] (th 16.9129-16.9138 deg) | float-min 0.999501 at (2.600574,0.800012,u 0.1486740)
UNCERT 4193 pass 0 box 213041/81920,213042/81920,65536/81920,65537/81920,19483/131072,19484/131072 | x[2.6005981,2.6006104] y[0.8000000,0.8000122] u[0.14864349,0.14865112] (th 16.9095-16.9103 deg) | float-min 0.999501 at (2.600610,0.800000,u 0.1486511)
UNCERT 4193 pass 0 box 213042/81920,213043/81920,65536/81920,65537/81920,19483/131072,19484/131072 | x[2.6006104,2.6006226] y[0.8000000,0.8000122] u[0.14864349,0.14865112] (th 16.9095-16.9103 deg) | float-min 0.999501 at (2.600610,0.800000,u 0.1486511)
UNCERT 4193 pass 0 box 213043/81920,213044/81920,65536/81920,65537/81920,19482/131072,19483/131072 | x[2.6006226,2.6006348] y[0.8000000,0.8000122] u[0.14863586,0.14864349] (th 16.9086-16.9095 deg) | float-min 0.999501 at (2.600635,0.800000,u 0.1486435)
UNCERT 4193 pass 0 box 213043/81920,213044/81920,65536/81920,65537/81920,19483/131072,19484/131072 | x[2.6006226,2.6006348] y[0.8000000,0.8000122] u[0.14864349,0.14865112] (th 16.9095-16.9103 deg) | float-min 0.999501 at (2.600623,0.800000,u 0.1486473)
UNCERT 4193 pass 0 box 213040/81920,213041/81920,65536/81920,65537/81920,19484/131072,19485/131072 | x[2.6005859,2.6005981] y[0.8000000,0.8000122] u[0.14865112,0.14865875] (th 16.9103-16.9112 deg) | float-min 0.999501 at (2.600586,0.800000,u 0.1486588)
UNCERT 4193 pass 0 box 213040/81920,213041/81920,65536/81920,65537/81920,19485/131072,19486/131072 | x[2.6005859,2.6005981] y[0.8000000,0.8000122] u[0.14865875,0.14866638] (th 16.9112-16.9120 deg) | float-min 0.999501 at (2.600586,0.800000,u 0.1486588)
UNCERT 4193 pass 0 box 213040/81920,213041/81920,65537/81920,65538/81920,19485/131072,19486/131072 | x[2.6005859,2.6005981] y[0.8000122,0.8000244] u[0.14865875,0.14866638] (th 16.9112-16.9120 deg) | float-min 0.999501 at (2.600598,0.800012,u 0.1486664)
UNCERT 4193 pass 0 box 213041/81920,213042/81920,65536/81920,65537/81920,19484/131072,19485/131072 | x[2.6005981,2.6006104] y[0.8000000,0.8000122] u[0.14865112,0.14865875] (th 16.9103-16.9112 deg) | float-min 0.999501 at (2.600598,0.800000,u 0.1486549)
UNCERT 4193 pass 0 box 213041/81920,213042/81920,65536/81920,65537/81920,19485/131072,19486/131072 | x[2.6005981,2.6006104] y[0.8000000,0.8000122] u[0.14865875,0.14866638] (th 16.9112-16.9120 deg) | float-min 0.999501 at (2.600598,0.800000,u 0.1486588)
UNCERT 4193 pass 0 box 213041/81920,213042/81920,65537/81920,65538/81920,19485/131072,19486/131072 | x[2.6005981,2.6006104] y[0.8000122,0.8000244] u[0.14865875,0.14866638] (th 16.9112-16.9120 deg) | float-min 0.999501 at (2.600598,0.800012,u 0.1486664)
UNCERT 4193 pass 0 box 213040/81920,213041/81920,65536/81920,65537/81920,19486/131072,19487/131072 | x[2.6005859,2.6005981] y[0.8000000,0.8000122] u[0.14866638,0.14867401] (th 16.9120-16.9129 deg) | float-min 0.999501 at (2.600586,0.800000,u 0.1486664)
UNCERT 4193 pass 0 box 213040/81920,213041/81920,65536/81920,65537/81920,19487/131072,19488/131072 | x[2.6005859,2.6005981] y[0.8000000,0.8000122] u[0.14867401,0.14868164] (th 16.9129-16.9138 deg) | float-min 0.999501 at (2.600586,0.800000,u 0.1486740)
UNCERT 4193 pass 0 box 213040/81920,213041/81920,65537/81920,65538/81920,19486/131072,19487/131072 | x[2.6005859,2.6005981] y[0.8000122,0.8000244] u[0.14866638,0.14867401] (th 16.9120-16.9129 deg) | float-min 0.999501 at (2.600586,0.800012,u 0.1486702)
UNCERT 4193 pass 0 box 213040/81920,213041/81920,65537/81920,65538/81920,19487/131072,19488/131072 | x[2.6005859,2.6005981] y[0.8000122,0.8000244] u[0.14867401,0.14868164] (th 16.9129-16.9138 deg) | float-min 0.999501 at (2.600586,0.800012,u 0.1486740)
UNCERT 4193 pass 0 box 213041/81920,213042/81920,65536/81920,65537/81920,19486/131072,19487/131072 | x[2.6005981,2.6006104] y[0.8000000,0.8000122] u[0.14866638,0.14867401] (th 16.9120-16.9129 deg) | float-min 0.999501 at (2.600598,0.800000,u 0.1486664)
UNCERT 4193 pass 0 box 213041/81920,213042/81920,65536/81920,65537/81920,19487/131072,19488/131072 | x[2.6005981,2.6006104] y[0.8000000,0.8000122] u[0.14867401,0.14868164] (th 16.9129-16.9138 deg) | float-min 0.999501 at (2.600598,0.800000,u 0.1486740)
UNCERT 4193 pass 0 box 213041/81920,213042/81920,65537/81920,65538/81920,19486/131072,19487/131072 | x[2.6005981,2.6006104] y[0.8000122,0.8000244] u[0.14866638,0.14867401] (th 16.9120-16.9129 deg) | float-min 0.999501 at (2.600598,0.800012,u 0.1486664)
UNCERT 4193 pass 0 box 213041/81920,213042/81920,65537/81920,65538/81920,19487/131072,19488/131072 | x[2.6005981,2.6006104] y[0.8000122,0.8000244] u[0.14867401,0.14868164] (th 16.9129-16.9138 deg) | float-min 0.999501 at (2.600598,0.800012,u 0.1486740)
progress 4/4 roots, 2s
done in 2s wall: roots 4 (missing 0), boxes 1394, certified 269, empty 0, uncertified 460, max depth 40, cpu 2s
NOT VERIFIED: 460 uncertified boxes
# finished 2026-10-02T17:43:57Z; exit 0; wall 2.183 s; CPU 3.0 s (user 3.004 + sys 0.008); load 1.83 2.17 1.13
