{"completed": 10, "total": 201, "elapsed_seconds": 313.8729658126831, "nodes": 782288}
{"completed": 20, "total": 201, "elapsed_seconds": 653.5769109725952, "nodes": 1562160}
{"completed": 30, "total": 201, "elapsed_seconds": 1010.7367606163025, "nodes": 2340130}
{"completed": 40, "total": 201, "elapsed_seconds": 1405.6490786075592, "nodes": 3127096}
{"completed": 50, "total": 201, "elapsed_seconds": 1851.260195016861, "nodes": 3941200}
{"completed": 60, "total": 201, "elapsed_seconds": 2358.9128847122192, "nodes": 4800360}
{"completed": 70, "total": 201, "elapsed_seconds": 2928.687068462372, "nodes": 5712322}
{"completed": 80, "total": 201, "elapsed_seconds": 3566.9171435832977, "nodes": 6679448}
{"completed": 90, "total": 201, "elapsed_seconds": 4266.7167065143585, "nodes": 7702254}
{"completed": 100, "total": 201, "elapsed_seconds": 5035.932199954987, "nodes": 8779446}
{"completed": 110, "total": 201, "elapsed_seconds": 5861.973559379578, "nodes": 9901684}
{"completed": 120, "total": 201, "elapsed_seconds": 6746.409644126892, "nodes": 11064950}
{"completed": 130, "total": 201, "elapsed_seconds": 7680.494570732117, "nodes": 12267074}
{"completed": 140, "total": 201, "elapsed_seconds": 8680.15272974968, "nodes": 13507030}
{"completed": 150, "total": 201, "elapsed_seconds": 9727.169658660889, "nodes": 14788272}
{"completed": 160, "total": 201, "elapsed_seconds": 10806.450178146362, "nodes": 16123588}
{"completed": 170, "total": 201, "elapsed_seconds": 11691.597503185272, "nodes": 22474338}
{"completed": 180, "total": 201, "elapsed_seconds": 12308.3160738945, "nodes": 23962170}
{"completed": 190, "total": 201, "elapsed_seconds": 12951.318698644638, "nodes": 25532506}
{"completed": 200, "total": 201, "elapsed_seconds": 13627.842388629913, "nodes": 27164886}
{"completed": 201, "total": 201, "elapsed_seconds": 13686.246710538864, "nodes": 27329821}
{
  "status": "VERIFIED",
  "angle_cases": 201,
  "target_lower_bound_exact": "10001/10000",
  "nodes": 27329821,
  "leaves": 16207523,
  "minimum_printed_leaf_lower_bound": 1.0001000032857181,
  "wall_seconds": 13686.24736046791,
  "input_sha256": "d0c42bf4efabbe76385ceae319fa48bb2be2cf14f710224d04d0c42cbed36ddd",
  "verifier_source_sha256": "a75140df1b484ad104a214d2e8de87afda9fca5929341ec40121afde0c1af602",
  "method": "Outward-rounded binary64 intervals; certified inscribed polygon area; derivative bounds over center boxes; rational angular net."
}
