# command: node src/replay.js certificate.json fresh-paired-run ./verify 2
# cwd: WORK/certificates/R067-4.66018
# affinity: taskset -c 2,3; N17_TIMEOUT_MINUTES=600
# started_utc: 2026-09-29T01:05:58Z; load 6.70 8.20 9.83
{
  "status": "PASS_COMPLETE_CPP_AND_BIGINT_EXCLUSION",
  "target": "233009/50000",
  "intervals": 2808,
  "budget_units": "17000402008",
  "minimum_units": "1000026844",
  "surplus": "54340",
  "certificate_sha256": "101dd164906c7b71dc1397eaa32e25626548cd71995e532113823f434f8e5d26",
  "executable_sha256": "cf761bb5d19ba01be76853c7e6bd47648a8ff5c29624d02f9cc02d730cc719d5",
  "reference_sha256": "c22091862df631f8cfd1f1bb8e5013f0b9c216f20be268fcd7104768919c49b7",
  "launcher_sha256": "1125e5969fe0a22e92ea42845ac0dfe68aae5a2a0110550591a01fa43f297712",
  "processes": [
    {
      "label": "cpp-0",
      "exit": 0,
      "signal": null,
      "expired": false,
      "error": null
    },
    {
      "label": "node-0",
      "exit": 0,
      "signal": null,
      "expired": false,
      "error": null
    },
    {
      "label": "cpp-1",
      "exit": 0,
      "signal": null,
      "expired": false,
      "error": null
    },
    {
      "label": "node-1",
      "exit": 0,
      "signal": null,
      "expired": false,
      "error": null
    }
  ],
  "seconds": 1550.741,
  "verified_utc": "2026-09-29T01:31:49.786Z"
}
# ended_utc: 2026-09-29T01:31:49Z; exit 0; wall_seconds 1550.867; user_seconds 2046.180; system_seconds 58.976; load 5.96 5.79 7.22
