EXACT_INTERVAL 0 1000000031 0.531
EXACT_INTERVAL 64 1000000031 12.71
EXACT_INTERVAL 128 1000000031 24.564
EXACT_INTERVAL 192 1000000031 35.961
EXACT_INTERVAL 256 1000000031 47.091
EXACT_INTERVAL 320 1000000031 57.563
EXACT_INTERVAL 384 1000000031 66.677
EXACT_INTERVAL 448 1000000031 76.109
EXACT_INTERVAL 512 1000000031 86.689
EXACT_INTERVAL 576 1000000032 95.487
EXACT_INTERVAL 640 1000000032 107.123
EXACT_INTERVAL 704 1000000031 122.896
EXACT_INTERVAL 768 1000000031 138.228
EXACT_INTERVAL 832 1000000032 152.678
EXACT_INTERVAL 896 1000000032 161.503
EXACT_INTERVAL 960 1000000032 169.771
EXACT_INTERVAL 1024 1000000031 178.084
EXACT_INTERVAL 1088 999406192 187.01
EXACT_INTERVAL 1152 1000000032 196.892
EXACT_INTERVAL 1216 1000000033 206.633
EXACT_INTERVAL 1280 1000000034 216.831
EXACT_INTERVAL 1344 1000000152 225.628
EXACT_INTERVAL 1408 1000000048 233.873
EXACT_INTERVAL 1472 1000000060 241.955
EXACT_INTERVAL 1536 999938069 250.006
EXACT_INTERVAL 1600 999947794 258.047
EXACT_INTERVAL 1664 1000000031 265.985
EXACT_INTERVAL 1728 999929082 273.888
EXACT_INTERVAL 1792 999871703 281.739
EXACT_INTERVAL 1856 1000000030 289.759
EXACT_INTERVAL 1920 1000000031 297.784
EXACT_INTERVAL 1984 1000000031 305.668
{"status":"PASS_INDEPENDENT_GLOBAL_THRESHOLD_CERTIFICATE","start":0,"end_exclusive":2048,"total_intervals":2048,"minimum_units":"998727933","budget_units":"16978369232","required_units":"998727602","certificate_sha256":"5f4f0988acc23b738bdf29ee855b9827cda10fce0e12a7b3a78e6923cc5f8dda","seconds":313.445,"verified_utc":"2026-09-26T06:44:54.465Z"}
