{"completed": 10, "total": 201, "elapsed_seconds": 10805.212641954422, "nodes": 7620074}
{"completed": 20, "total": 201, "elapsed_seconds": 11073.81358551979, "nodes": 8635122}
{"completed": 30, "total": 201, "elapsed_seconds": 11360.88181424141, "nodes": 9634300}
{"completed": 40, "total": 201, "elapsed_seconds": 11671.376054763794, "nodes": 10618018}
{"completed": 50, "total": 201, "elapsed_seconds": 11999.208297491074, "nodes": 11594506}
{"completed": 60, "total": 201, "elapsed_seconds": 12357.378373146057, "nodes": 12586806}
{"completed": 70, "total": 201, "elapsed_seconds": 12759.38363146782, "nodes": 13617044}
{"completed": 80, "total": 201, "elapsed_seconds": 13215.16488957405, "nodes": 14693318}
{"completed": 90, "total": 201, "elapsed_seconds": 13714.568367242813, "nodes": 15814478}
{"completed": 100, "total": 201, "elapsed_seconds": 14259.61653137207, "nodes": 16990152}
{"completed": 110, "total": 201, "elapsed_seconds": 14843.569295883179, "nodes": 18218580}
{"completed": 120, "total": 201, "elapsed_seconds": 15466.306523323059, "nodes": 19496482}
{"completed": 130, "total": 201, "elapsed_seconds": 16164.556772708893, "nodes": 20843908}
{"completed": 140, "total": 201, "elapsed_seconds": 16932.48623609543, "nodes": 22268270}
{"completed": 150, "total": 201, "elapsed_seconds": 17747.611655950546, "nodes": 23777542}
{"completed": 160, "total": 201, "elapsed_seconds": 18622.96384716034, "nodes": 25379988}
{"completed": 170, "total": 201, "elapsed_seconds": 19569.7446205616, "nodes": 27083778}
{"completed": 180, "total": 201, "elapsed_seconds": 20586.59187436104, "nodes": 28890460}
{"completed": 190, "total": 201, "elapsed_seconds": 21662.769063711166, "nodes": 30785860}
{"completed": 200, "total": 201, "elapsed_seconds": 22758.35711288452, "nodes": 32724730}
{"completed": 201, "total": 201, "elapsed_seconds": 22867.50651550293, "nodes": 32919625}
{
  "status": "VERIFIED",
  "angle_cases": 201,
  "target_lower_bound_exact": "10001/10000",
  "nodes": 32919625,
  "leaves": 19806197,
  "minimum_printed_leaf_lower_bound": 1.0001000059528389,
  "wall_seconds": 22867.50711631775,
  "input_sha256": "060ebcb28dce9932c518e2fff4faef4db90861981caca3b8f8dba5d6c5b9dce2",
  "verifier_source_sha256": "a75140df1b484ad104a214d2e8de87afda9fca5929341ec40121afde0c1af602",
  "method": "Outward-rounded binary64 intervals; certified inscribed polygon area; derivative bounds over center boxes; rational angular net."
}
