{"completed": 10, "total": 201, "elapsed_seconds": 51.872020959854126, "nodes": 602530}
{"completed": 20, "total": 201, "elapsed_seconds": 94.17163801193237, "nodes": 1163542}
{"completed": 30, "total": 201, "elapsed_seconds": 138.19177675247192, "nodes": 1706500}
{"completed": 40, "total": 201, "elapsed_seconds": 200.63260650634766, "nodes": 2237432}
{"completed": 50, "total": 201, "elapsed_seconds": 253.70723962783813, "nodes": 2777704}
{"completed": 60, "total": 201, "elapsed_seconds": 317.3968172073364, "nodes": 3343820}
{"completed": 70, "total": 201, "elapsed_seconds": 404.839923620224, "nodes": 3962252}
{"completed": 80, "total": 201, "elapsed_seconds": 494.33021688461304, "nodes": 4649758}
{"completed": 90, "total": 201, "elapsed_seconds": 601.6269407272339, "nodes": 5389998}
{"completed": 100, "total": 201, "elapsed_seconds": 715.6051867008209, "nodes": 6166514}
{"completed": 110, "total": 201, "elapsed_seconds": 829.8231339454651, "nodes": 6974908}
{"completed": 120, "total": 201, "elapsed_seconds": 953.1250631809235, "nodes": 7822710}
{"completed": 130, "total": 201, "elapsed_seconds": 1085.84384059906, "nodes": 8702626}
{"completed": 140, "total": 201, "elapsed_seconds": 1218.613442182541, "nodes": 9610424}
{"completed": 150, "total": 201, "elapsed_seconds": 1362.7514934539795, "nodes": 10536354}
{"completed": 160, "total": 201, "elapsed_seconds": 1515.3081848621368, "nodes": 11500574}
{"completed": 170, "total": 201, "elapsed_seconds": 1679.4176075458527, "nodes": 12545914}
{"completed": 180, "total": 201, "elapsed_seconds": 1872.681488752365, "nodes": 13710244}
{"completed": 190, "total": 201, "elapsed_seconds": 2088.070288658142, "nodes": 14979600}
{"completed": 200, "total": 201, "elapsed_seconds": 2307.970314025879, "nodes": 16303436}
{"completed": 201, "total": 201, "elapsed_seconds": 2423.3725628852844, "nodes": 19190037}
{
  "status": "VERIFIED",
  "angle_cases": 201,
  "target_lower_bound_exact": "10001/10000",
  "nodes": 19190037,
  "leaves": 11038419,
  "minimum_printed_leaf_lower_bound": 1.000100004628495,
  "wall_seconds": 2423.3734374046326,
  "input_sha256": "31e174e57ee95377bf2b7754e31a8d964ab5fbaf5625150cb346161546bd7305",
  "verifier_source_sha256": "a75140df1b484ad104a214d2e8de87afda9fca5929341ec40121afde0c1af602",
  "method": "Outward-rounded binary64 intervals; certified inscribed polygon area; derivative bounds over center boxes; rational angular net."
}
