start 2026-10-06T18:49:28Z
Lean (version 4.34.1, x86_64-unknown-linux-gnu, commit 5045d0056413266e57c625dcd7c365b10e377c52, Release)
Lake version 5.0.0-src+5045d00 (Lean version 4.34.1)

Note: This linter can be disabled with `set_option linter.unnecessarySeqFocus false`
Build completed successfully (2098 jobs).
MODULE ElevenSquare.Endpoint exit 0 seconds 13

import Mathlib.Basic.Real.Basic
Build completed successfully (792 jobs).
MODULE ElevenSquare.CoverData exit 0 seconds 4

import Mathlib.Basic.Real.Basic
Build completed successfully (783 jobs).
MODULE ElevenSquare.Geometry exit 0 seconds 3
✔ [875/875] Built ElevenSquare.CaseCountSupport (9.6s)
Build completed successfully (875 jobs).
MODULE ElevenSquare.CaseCountSupport exit 0 seconds 11
Note: This linter can be disabled with `set_option linter.unnecessarySeqFocus false`
✔ [2099/2099] Built ElevenSquare.EndpointBounds (4.2s)
Build completed successfully (2099 jobs).
MODULE ElevenSquare.EndpointBounds exit 0 seconds 7
import Mathlib.Basic.Real.Basic
✔ [868/868] Built ElevenSquare.CoverChecks (2.9s)
Build completed successfully (868 jobs).
MODULE ElevenSquare.CoverChecks exit 0 seconds 5
import Mathlib.Basic.Real.Basic
✔ [2101/2101] Built ElevenSquare.ConstructionData (239s)
Build completed successfully (2101 jobs).
MODULE ElevenSquare.ConstructionData exit 0 seconds 241
import Mathlib.Basic.Real.Basic
✔ [866/866] Built ElevenSquare.BasicGeometry (7.6s)
Build completed successfully (866 jobs).
MODULE ElevenSquare.BasicGeometry exit 0 seconds 10

Note: This linter can be disabled with `set_option linter.unnecessarySeqFocus false`
Build completed successfully (985 jobs).
MODULE ElevenSquare.Orientation exit 0 seconds 6

Note: This linter can be disabled with `set_option linter.unusedSimpArgs false`
Build completed successfully (999 jobs).
MODULE ElevenSquare.Combinatorics exit 0 seconds 11
import Mathlib.Basic.Real.Basic
✔ [869/869] Built ElevenSquare.GeneratedCover2 (28s)
Build completed successfully (869 jobs).
MODULE ElevenSquare.GeneratedCover2 exit 0 seconds 30
import Mathlib.Basic.Real.Basic
✔ [869/869] Built ElevenSquare.GeneratedCover1 (28s)
Build completed successfully (869 jobs).
MODULE ElevenSquare.GeneratedCover1 exit 0 seconds 30
import Mathlib.Basic.Real.Basic
✔ [869/869] Built ElevenSquare.GeneratedCover0 (33s)
Build completed successfully (869 jobs).
MODULE ElevenSquare.GeneratedCover0 exit 0 seconds 36
import Mathlib.Basic.Real.Basic
✔ [869/869] Built ElevenSquare.GeneratedCover3 (33s)
Build completed successfully (869 jobs).
MODULE ElevenSquare.GeneratedCover3 exit 0 seconds 35

Note: This linter can be disabled with `set_option linter.unusedSimpArgs false`
Build completed successfully (2103 jobs).
MODULE ElevenSquare.Construction exit 0 seconds 27

Note: This linter can be disabled with `set_option linter.unusedSimpArgs false`
Build completed successfully (1008 jobs).
MODULE ElevenSquare.Cover exit 0 seconds 6
Note: This linter can be disabled with `set_option linter.unusedSimpArgs false`
✔ [1045/1045] Built ElevenSquare.Cases (2.2s)
Build completed successfully (1045 jobs).
MODULE ElevenSquare.Cases exit 0 seconds 4
Note: This linter can be disabled with `set_option linter.unusedSimpArgs false`
✔ [2116/2116] Built ElevenSquare.Foundations (3.3s)
Build completed successfully (2116 jobs).
MODULE ElevenSquare.Foundations exit 0 seconds 6
closure built 2026-10-06T18:57:33Z
AUDIT exit 0 seconds 5
end 2026-10-06T18:57:38Z
/dev/vda        252G   32G  6.9G  83% /
