# command: .recheck/bin/strip research/fit02/model.json research/strip/jobs.json .recheck/strip.json .recheck/strip-poses.json 32
# cwd: WORK/certificates/R068-C010
# affinity: taskset -c 2,3; N17_TIMEOUT_MINUTES=unset
# started_utc: 2026-09-28T23:54:48Z; load 10.30 8.71 5.00
WALL 0 t=1/200000000 min=1000026908 states=12011
WALL 1 t=31687371/81920000 min=1000026908 states=15767
WALL 2 t=214198136573/524288000000 min=1000026908 states=15791
WALL 3 t=36036531/128000000 min=1000026908 states=15515
WALL 4 t=11359611843/32768000000 min=1000026908 states=15707
WALL 5 t=124678113/512000000 min=1000026908 states=15359
WALL 6 t=206692287/512000000 min=1000026908 states=15791
WALL 7 t=96511629/512000000 min=1000026908 states=14947
WALL 8 t=1242639/3200000 min=1000026908 states=15775
WALL 9 t=2899491/20480000 min=1000026908 states=14691
WALL 10 t=98168481/256000000 min=1000026908 states=15767
WALL 11 t=41835513/128000000 min=1000026908 states=15623
WALL 12 t=65859867/256000000 min=1000026908 states=15415
WALL 13 t=83256813/256000000 min=1000026908 states=15615
WALL 14 t=88227369/256000000 min=1000026908 states=15699
WALL 15 t=31894401/512000000 min=1000026908 states=13295
WALL 16 t=36779510809/104857600000 min=1000026908 states=15707
# ended_utc: 2026-09-28T23:55:00Z; exit 0; wall_seconds 12.688; user_seconds 11.186; system_seconds 0.280; load 10.47 8.81 5.07
