# command: node src/verify_strip.js research/fit02/model.json research/strip/jobs.json .recheck/strip.json .recheck/strip-independent.json
# cwd: WORK/certificates/R068-C010
# affinity: taskset -c 2,3; N17_TIMEOUT_MINUTES=unset
# started_utc: 2026-09-28T23:55:00Z; load 10.47 8.81 5.07
INDEPENDENT_STRIP 0 1000026908 12011
INDEPENDENT_STRIP 1 1000026908 15767
INDEPENDENT_STRIP 2 1000026908 15791
INDEPENDENT_STRIP 3 1000026908 15515
INDEPENDENT_STRIP 4 1000026908 15707
INDEPENDENT_STRIP 5 1000026908 15359
INDEPENDENT_STRIP 6 1000026908 15791
INDEPENDENT_STRIP 7 1000026908 14947
INDEPENDENT_STRIP 8 1000026908 15775
INDEPENDENT_STRIP 9 1000026908 14691
INDEPENDENT_STRIP 10 1000026908 15767
INDEPENDENT_STRIP 11 1000026908 15623
INDEPENDENT_STRIP 12 1000026908 15415
INDEPENDENT_STRIP 13 1000026908 15615
INDEPENDENT_STRIP 14 1000026908 15699
INDEPENDENT_STRIP 15 1000026908 13295
INDEPENDENT_STRIP 16 1000026908 15707
# ended_utc: 2026-09-28T23:55:21Z; exit 0; wall_seconds 21.056; user_seconds 18.303; system_seconds 0.283; load 10.51 8.95 5.22
