{"completed": 10, "total": 201, "elapsed_seconds": 135.2388951778412, "nodes": 969942}
{"completed": 20, "total": 201, "elapsed_seconds": 255.25311923027039, "nodes": 1957350}
{"completed": 30, "total": 201, "elapsed_seconds": 380.9352505207062, "nodes": 2940032}
{"completed": 40, "total": 201, "elapsed_seconds": 551.8070323467255, "nodes": 3930636}
{"completed": 50, "total": 201, "elapsed_seconds": 703.7869217395782, "nodes": 4931212}
{"completed": 60, "total": 201, "elapsed_seconds": 872.5732369422913, "nodes": 5954742}
{"completed": 70, "total": 201, "elapsed_seconds": 1092.6117012500763, "nodes": 7015142}
{"completed": 80, "total": 201, "elapsed_seconds": 1303.383022069931, "nodes": 8125374}
{"completed": 90, "total": 201, "elapsed_seconds": 1546.9862132072449, "nodes": 9290128}
{"completed": 100, "total": 201, "elapsed_seconds": 1835.7517318725586, "nodes": 10511126}
{"completed": 110, "total": 201, "elapsed_seconds": 2122.9996819496155, "nodes": 11791490}
{"completed": 120, "total": 201, "elapsed_seconds": 2441.9213223457336, "nodes": 13128312}
{"completed": 130, "total": 201, "elapsed_seconds": 2782.549243211746, "nodes": 14516822}
{"completed": 140, "total": 201, "elapsed_seconds": 3137.270785331726, "nodes": 15957464}
{"completed": 150, "total": 201, "elapsed_seconds": 3514.9659299850464, "nodes": 17456548}
{"completed": 160, "total": 201, "elapsed_seconds": 3934.8122746944427, "nodes": 19027046}
{"completed": 170, "total": 201, "elapsed_seconds": 4364.806374073029, "nodes": 20677014}
{"completed": 180, "total": 201, "elapsed_seconds": 4833.245854377747, "nodes": 22410190}
{"completed": 190, "total": 201, "elapsed_seconds": 5318.621496677399, "nodes": 24213752}
{"completed": 200, "total": 201, "elapsed_seconds": 5807.483724117279, "nodes": 26061764}
{"completed": 201, "total": 201, "elapsed_seconds": 27063.56283211708, "nodes": 38607528}
{
  "status": "VERIFIED",
  "angle_cases": 201,
  "target_lower_bound_exact": "10001/10000",
  "nodes": 38607528,
  "leaves": 25576746,
  "minimum_printed_leaf_lower_bound": 1.0001000031913614,
  "wall_seconds": 27063.56361436844,
  "input_sha256": "0e02cf6728a4dad75811012cd6f1179c4dd85cfc601209360d24287a31b8b7e2",
  "verifier_source_sha256": "a75140df1b484ad104a214d2e8de87afda9fca5929341ec40121afde0c1af602",
  "method": "Outward-rounded binary64 intervals; certified inscribed polygon area; derivative bounds over center boxes; rational angular net."
}
