# command: node upstream/cpp/replay.js accepted/4.66044/certificate.json .recheck/global .recheck/bin/verify 2
# cwd: WORK/certificates/R068-C010
# affinity: taskset -c 2,3; N17_TIMEOUT_MINUTES=600
# started_utc: 2026-09-28T23:48:27Z; load 3.49 2.32 1.81
{
  "status": "PASS_COMPLETE_CPP_AND_BIGINT_EXCLUSION",
  "target": "116511/25000",
  "intervals": 4991,
  "budget_units": "17000448944",
  "minimum_units": "1000026844",
  "surplus": "7404",
  "certificate_sha256": "cf70f74ddb47071b1d7333d8a43885d2915f43d45f26f6084a106dfdb0c5205f",
  "executable_sha256": "cf761bb5d19ba01be76853c7e6bd47648a8ff5c29624d02f9cc02d730cc719d5",
  "reference_sha256": "c22091862df631f8cfd1f1bb8e5013f0b9c216f20be268fcd7104768919c49b7",
  "launcher_sha256": "1125e5969fe0a22e92ea42845ac0dfe68aae5a2a0110550591a01fa43f297712",
  "processes": [
    {
      "label": "cpp-0",
      "exit": 0,
      "signal": null,
      "expired": false,
      "error": null
    },
    {
      "label": "node-0",
      "exit": 0,
      "signal": null,
      "expired": false,
      "error": null
    },
    {
      "label": "cpp-1",
      "exit": 0,
      "signal": null,
      "expired": false,
      "error": null
    },
    {
      "label": "node-1",
      "exit": 0,
      "signal": null,
      "expired": false,
      "error": null
    }
  ],
  "seconds": 4648.267,
  "verified_utc": "2026-09-29T01:05:56.307Z"
}
# ended_utc: 2026-09-29T01:05:56Z; exit 0; wall_seconds 4648.508; user_seconds 3972.751; system_seconds 120.219; load 6.70 8.20 9.83
