{
 "cases": 3000,
 "seed": 20261004,
 "reads": 220032,
 "emitted_texts_json_loads_refuses": 0,
 "divergences": 0,
 "first_divergences": [],
 "refused_where_json_loads_accepts": {
  "bom": 9000,
  "byte-mutated": 480,
  "byte-mutated: VerificationError: ['the', \"node's\", 'member']": 87,
  "byte-mutated: VerificationError: ['the', 'node', 'has']": 393,
  "encoded-surrogate": 9000,
  "member-before-steps-moved-after": 7032,
  "member-repeated": 9000,
  "utf-16": 9000,
  "utf-16-le-no-bom": 9000
 },
 "refusal_types": {
  "BadGzipFile": 18000,
  "EOFError": 9000,
  "JSONDecodeError": 44730,
  "UnicodeDecodeError": 28037,
  "VerificationError: ['a', 'node', \"member's\"]": 954,
  "VerificationError: ['data', 'follows', 'the']": 9063,
  "VerificationError: ['the', \"node's\", 'member']": 9615,
  "VerificationError: ['the', \"node's\", 'members']": 1371,
  "VerificationError: ['the', \"node's\", 'steps']": 642,
  "VerificationError: ['the', 'node', 'has']": 414,
  "VerificationError: ['the', 'node', 'is']": 12307,
  "VerificationError: ['the', 'node', 'repeats']": 6504
 },
 "tally": {
  "bom:refused": 9000,
  "byte-mutated:accepted": 10290,
  "byte-mutated:refused": 25710,
  "canonical:accepted": 9000,
  "encoded-surrogate:refused": 9000,
  "gzip-crc:refused": 9000,
  "gzip-trailing-garbage:refused": 9000,
  "gzip-truncated:refused": 9000,
  "gzip-zero-padding:accepted": 9000,
  "indented:accepted": 9000,
  "member-before-steps-moved-after:refused": 7032,
  "member-repeated:refused": 9000,
  "text-truncated:accepted": 105,
  "text-truncated:refused": 26895,
  "trailing-data:refused": 9000,
  "trailing-whitespace:accepted": 9000,
  "two-gzip-members:accepted": 9000,
  "utf-16-le-no-bom:refused": 9000,
  "utf-16:refused": 9000,
  "valid:accepted": 24000
 }
}

real	6m44.212s
user	1m57.352s
sys	0m5.607s
seed 20261004 exit 0
