{"completed": 10, "total": 201, "elapsed_seconds": 35.74867868423462, "nodes": 666252}
{"completed": 20, "total": 201, "elapsed_seconds": 67.25808358192444, "nodes": 1359932}
{"completed": 30, "total": 201, "elapsed_seconds": 103.17256474494934, "nodes": 2066352}
{"completed": 40, "total": 201, "elapsed_seconds": 147.48277807235718, "nodes": 2791662}
{"completed": 50, "total": 201, "elapsed_seconds": 188.67362904548645, "nodes": 3536096}
{"completed": 60, "total": 201, "elapsed_seconds": 237.86591291427612, "nodes": 4303412}
{"completed": 70, "total": 201, "elapsed_seconds": 292.9229533672333, "nodes": 5090438}
{"completed": 80, "total": 201, "elapsed_seconds": 346.1225755214691, "nodes": 5905490}
{"completed": 90, "total": 201, "elapsed_seconds": 406.00896167755127, "nodes": 6743188}
{"completed": 100, "total": 201, "elapsed_seconds": 473.67687821388245, "nodes": 7597840}
{"completed": 110, "total": 201, "elapsed_seconds": 537.9695699214935, "nodes": 8474698}
{"completed": 120, "total": 201, "elapsed_seconds": 608.2799980640411, "nodes": 9382246}
{"completed": 130, "total": 201, "elapsed_seconds": 686.1445920467377, "nodes": 10317890}
{"completed": 140, "total": 201, "elapsed_seconds": 759.0450177192688, "nodes": 11274022}
{"completed": 150, "total": 201, "elapsed_seconds": 841.8879287242889, "nodes": 12254348}
{"completed": 160, "total": 201, "elapsed_seconds": 926.5742928981781, "nodes": 13271250}
{"completed": 170, "total": 201, "elapsed_seconds": 1010.490485906601, "nodes": 14314470}
{"completed": 180, "total": 201, "elapsed_seconds": 1105.8029346466064, "nodes": 15383978}
{"completed": 190, "total": 201, "elapsed_seconds": 1196.7030336856842, "nodes": 16482808}
{"completed": 200, "total": 201, "elapsed_seconds": 1289.3471925258636, "nodes": 17619646}
{"completed": 201, "total": 201, "elapsed_seconds": 2042.3914141654968, "nodes": 20526671}
{
  "status": "VERIFIED",
  "angle_cases": 201,
  "target_lower_bound_exact": "10001/10000",
  "nodes": 20526671,
  "leaves": 11716948,
  "minimum_printed_leaf_lower_bound": 1.000100008427461,
  "wall_seconds": 2042.392166852951,
  "input_sha256": "6966a3f5a17cd8c3fb2ce86fbc8c71c9f200a48012e108e6a3881bd03629874a",
  "verifier_source_sha256": "a75140df1b484ad104a214d2e8de87afda9fca5929341ec40121afde0c1af602",
  "method": "Outward-rounded binary64 intervals; certified inscribed polygon area; derivative bounds over center boxes; rational angular net."
}
