# command: .venv/bin/python3 -m devtools.check_green_ds7 --k 2 17 --certify --json resources/web/wand125-green-ds7-theorem9-2026-10-02/receipts/check_green_ds7.json
# cwd: packing/ of jlevy/squares
# python3: not used by this command
# host: 4 cores; load 14.97 15.11 13.17; started 2026-10-02T17:30:21Z
  k    n           G_k       m_x         d  ids  long   Q_k slack  best search     ceiling  verdict
  2    5   2.628427125  1.014214  0.894427  yes     0            -  0.007086650     2.602790  fails
  3   10   3.518325073  0.991739  0.964524  yes     2            - -0.001607112            -  unavoidable-below-G_k
      certificate: every closed unit square in [0, 1757403/500000]^2 contains a point; max depth 35 (18043 boxes, 9.5 s)
  4   17   4.445208382  0.978083  1.010899  yes     6  0.005449465  0.005449465     4.397757  fails
  5   26   5.391854457  0.968785  1.044716  yes    12  0.022358036  0.022358036     5.163282  fails
  6   37   6.350603019  0.961996  1.070877  yes    20  0.035438571  0.035438571     5.934209  fails
  7   50   7.317426011  0.956797  1.091941  yes    30  0.045970680  0.045970680     6.706947  fails
  8   65   8.289965586  0.952675  1.109400  yes    42  0.054700196  0.054700196     7.479850  fails
  9   82   9.266733533  0.949319  1.124193  yes    56  0.062096651  0.062096651     8.252124  fails
 10  101  10.246736269  0.946530  1.136946  yes    72  0.068473030  0.068473030     9.023377  fails
 11  122  11.229280876  0.944171  1.148095  yes    90  0.074047417  0.074047417     9.793428  fails
 12  145  12.213866948  0.942148  1.157954  yes   110  0.078977238  0.078977238    10.562203  fails
 13  170  13.200122620  0.940393  1.166759  yes   132  0.083379471  0.083379471    11.329689  fails
 14  197  14.187764861  0.938854  1.174686  yes   156  0.087343160  0.087343160    12.095906  fails
 15  226  15.176573842  0.937494  1.181875  yes   182  0.090937489  0.090937489    12.860890  fails
 16  257  16.166375816  0.936282  1.188434  yes   210  0.094217158  0.094217158    13.624690  fails
 17  290  17.157031367  0.935195  1.194452  yes   240  0.097226085  0.097226085    14.387355  fails
# finished 2026-10-02T17:38:04Z; exit 0; wall 462.287 s; CPU 125.1 s (user 83.422 + sys 41.709); load 26.19 24.86 18.77
