{"completed": 10, "total": 201, "elapsed_seconds": 84.08144760131836, "nodes": 818310}
{"completed": 20, "total": 201, "elapsed_seconds": 150.61900067329407, "nodes": 1567036}
{"completed": 30, "total": 201, "elapsed_seconds": 220.0844211578369, "nodes": 2300502}
{"completed": 40, "total": 201, "elapsed_seconds": 313.61196780204773, "nodes": 3018624}
{"completed": 50, "total": 201, "elapsed_seconds": 396.4687759876251, "nodes": 3726146}
{"completed": 60, "total": 201, "elapsed_seconds": 493.89353680610657, "nodes": 4461938}
{"completed": 70, "total": 201, "elapsed_seconds": 634.5617620944977, "nodes": 5263918}
{"completed": 80, "total": 201, "elapsed_seconds": 736.6542851924896, "nodes": 7284827}
{"completed": 90, "total": 201, "elapsed_seconds": 860.7677962779999, "nodes": 8153125}
{"completed": 100, "total": 201, "elapsed_seconds": 988.9792025089264, "nodes": 9081639}
{"completed": 110, "total": 201, "elapsed_seconds": 1153.371835231781, "nodes": 10120275}
{"completed": 120, "total": 201, "elapsed_seconds": 1314.1612873077393, "nodes": 11221635}
{"completed": 130, "total": 201, "elapsed_seconds": 1501.9658887386322, "nodes": 12356319}
{"completed": 140, "total": 201, "elapsed_seconds": 1663.270476102829, "nodes": 13457437}
{"completed": 150, "total": 201, "elapsed_seconds": 1836.2243163585663, "nodes": 14511721}
{"completed": 160, "total": 201, "elapsed_seconds": 1991.331791639328, "nodes": 15567353}
{"completed": 170, "total": 201, "elapsed_seconds": 2171.6096572875977, "nodes": 16660839}
{"completed": 180, "total": 201, "elapsed_seconds": 2355.2793123722076, "nodes": 17853473}
{"completed": 190, "total": 201, "elapsed_seconds": 2568.580123901367, "nodes": 19134845}
{"completed": 200, "total": 201, "elapsed_seconds": 2773.4092643260956, "nodes": 20455323}
{"completed": 201, "total": 201, "elapsed_seconds": 2798.803673028946, "nodes": 20589220}
{
  "status": "VERIFIED",
  "angle_cases": 201,
  "target_lower_bound_exact": "10001/10000",
  "nodes": 20589220,
  "leaves": 10928648,
  "minimum_printed_leaf_lower_bound": 1.0001000009587522,
  "wall_seconds": 2798.804546356201,
  "input_sha256": "730ddc64b22c5dc30e958d8f64cb9a70cbbdec9fa256c7077fdcac239070a7f1",
  "verifier_source_sha256": "a75140df1b484ad104a214d2e8de87afda9fca5929341ec40121afde0c1af602",
  "method": "Outward-rounded binary64 intervals; certified inscribed polygon area; derivative bounds over center boxes; rational angular net."
}
