{"mutation": "(unmutated)", "verdict": "ACCEPTED", "message": "{\"collision_facet_checks\": 84300, \"collision_regions\": 257, \"cover_checks\": 112, \"partner_rows\": 672, \"rows_full\": 112, \"seed_points\": 4, \"seed_rows\": 56, \"step", "seconds": 1.6}
{"mutation": "region-vertex-pushed-2^-40", "expected": "escapes the collision set", "verdict": "REFUSED", "message": "step 13 row 7 partner 10: region escapes the collision set", "seconds": 1.4}
{"mutation": "region-vertex-pushed-2^-80", "expected": "escapes the collision set", "verdict": "REFUSED", "message": "step 13 row 7 partner 10: region escapes the collision set", "seconds": 1.4}
{"mutation": "region-outside-required-domain", "expected": "escapes the required domain", "verdict": "REFUSED", "message": "step 13 row 7: collision region escapes the required domain", "seconds": 1.4}
{"mutation": "region-names-owner", "expected": "collision partner", "verdict": "REFUSED", "message": "step 13 row 7: collision partner 18", "seconds": 1.5}
{"mutation": "region-names-unadmitted-partner", "expected": "collision partner", "verdict": "REFUSED", "message": "step 13 row 1: collision partner 10", "seconds": 1.3}
{"mutation": "cover-domain-shrunk", "expected": "domain", "verdict": "REFUSED", "message": "step 13 partner 0 row 0 domain", "seconds": 1.4}
{"mutation": "cover-domain-grown", "expected": "domain", "verdict": "REFUSED", "message": "step 13 partner 0 row 0 domain", "seconds": 1.5}
{"mutation": "cover-live-row-declared-empty", "expected": "domain", "verdict": "REFUSED", "message": "step 13 partner 0 row 0 domain", "seconds": 1.3}
{"mutation": "cover-all-rows-declared-empty", "expected": "domain", "verdict": "REFUSED", "message": "step 13 partner 0 row 0 domain", "seconds": 1.4}
{"mutation": "cover-core-scaled-1.02", "expected": "core not strict", "verdict": "REFUSED", "message": "step 13 partner 0 core not strict", "seconds": 1.5}
{"mutation": "cover-core-scaled-1+2^-20", "expected": "core not strict", "verdict": "REFUSED", "message": "step 13 partner 0 core not strict", "seconds": 1.6}
{"mutation": "cover-memo-same-domain-wider-core", "expected": "core not strict", "verdict": "REFUSED", "message": "step 1 partner 10 core not strict", "seconds": 0.2}
{"mutation": "cover-memo-same-core-grown-domain", "expected": "domain", "verdict": "REFUSED", "message": "step 1 partner 10 row 0 domain", "seconds": 0.2}
{"mutation": "cover-stale-after-partner-stepped", "verdict": "NOT-APPLICABLE", "message": "no stale republication possible"}
{"mutation": "residual-dropped-planes-recomputed", "expected": "NOT covered", "verdict": "REFUSED", "message": "step 13 row 7: required domain NOT covered (uncovered at x=292/129)", "seconds": 1.5}
{"mutation": "residual-dropped-planes-kept", "expected": "common-core planes", "verdict": "REFUSED", "message": "step 13 row 7: common-core planes", "seconds": 1.5}
{"mutation": "residual-shrunk-1-2^-40", "expected": "NOT covered", "verdict": "REFUSED", "message": "step 13 row 7: required domain NOT covered (uncovered at x=21362941/9438352)", "seconds": 1.5}
{"mutation": "residual-shrunk-1-2^-70", "expected": "NOT covered", "verdict": "REFUSED", "message": "step 13 row 7: required domain NOT covered (uncovered at x=107355294864/47430597781)", "seconds": 1.6}
{"mutation": "residual-corner-cut-2^-40", "expected": "NOT covered", "verdict": "REFUSED", "message": "step 13 row 7: required domain NOT covered (uncovered at x=19795329/8745766)", "seconds": 1.5}
{"mutation": "residual-vertical-edge-moved-2^-50", "expected": "NOT covered", "verdict": "REFUSED", "message": "step 13 row 7: required domain NOT covered (uncovered at x=143/100)", "seconds": 1.6}
{"mutation": "collision-region-shrunk-1-2^-40", "expected": "NOT covered", "verdict": "REFUSED", "message": "step 13 row 7: required domain NOT covered (uncovered at x=14175698329/9913073639)", "seconds": 1.6}
{"mutation": "hidden-lens-2^-40", "expected": "NOT covered", "verdict": "REFUSED", "message": "step 13 row 7: required domain NOT covered (uncovered at x=253059607/146052101)", "seconds": 1.5}
{"mutation": "hidden-lens-0-control", "expected": "", "verdict": "REFUSED", "message": "final residual 18", "seconds": 1.6}
{"mutation": "kernel-point-pushed-2^-40", "expected": "kernel point fails a plane", "verdict": "REFUSED", "message": "step 5: kernel point fails a plane", "seconds": 0.6}
{"mutation": "retained-vertex-moved-one-grid-unit", "expected": "witness point", "verdict": "REFUSED", "message": "step 0: witness point", "seconds": 0.2}
{"mutation": "retained-extra-point-copied-witness", "expected": "witness point", "verdict": "REFUSED", "message": "step 0: witness point", "seconds": 0.1}
{"mutation": "prior-hull-grown", "expected": "prior hull", "verdict": "REFUSED", "message": "step 0: prior hull 0", "seconds": 0.1}
{"mutation": "row-missing", "expected": "", "verdict": "REFUSED", "message": "final rows 18", "seconds": 1.6}
{"mutation": "false-closure", "expected": "no closure derived", "verdict": "REFUSED", "message": "no closure derived", "seconds": 1.5}
{"mutation": "seed-row-vertex-dropped", "expected": "seed row", "verdict": "REFUSED-ELSEWHERE", "message": "the node's source is not the seed", "seconds": 0.0}
{"mutation": "seed-unowned-point", "expected": "not owned", "verdict": "REFUSED-ELSEWHERE", "message": "the node's source is not the seed", "seconds": 0.0}
{"mutation": "owner-core-scaled-1+2^-20", "expected": "core not strict", "verdict": "REFUSED", "message": "step 13 row 7: core not strict", "seconds": 1.5}
{"mutations": 32, "accepted_unsound": []}

real	0m45.431s
user	0m44.893s
sys	0m0.189s
