CPP_INTERVAL 1404 1000026844
CPP_INTERVAL 1468 1000026844
CPP_INTERVAL 1532 1000026844
CPP_INTERVAL 1596 1000026844
CPP_INTERVAL 1660 1000026844
CPP_INTERVAL 1724 1000026844
CPP_INTERVAL 1788 1000026844
CPP_INTERVAL 1852 1000026844
CPP_INTERVAL 1916 1000026844
CPP_INTERVAL 1980 1000026844
CPP_INTERVAL 2044 1000026844
CPP_INTERVAL 2108 1000026844
CPP_INTERVAL 2172 1000026844
CPP_INTERVAL 2236 1000026844
CPP_INTERVAL 2300 1000026844
CPP_INTERVAL 2364 1000026844
CPP_INTERVAL 2428 1000026844
CPP_INTERVAL 2492 1000026844
CPP_INTERVAL 2556 1000026844
CPP_INTERVAL 2620 1000026844
CPP_INTERVAL 2684 1000026844
CPP_INTERVAL 2748 1000026844
PASS_INTERVAL_PARTITION seconds=892.859
