CPP_INTERVAL 0 1000026844
CPP_INTERVAL 64 1000026844
CPP_INTERVAL 128 1000026844
CPP_INTERVAL 192 1000026844
CPP_INTERVAL 256 1000026844
CPP_INTERVAL 320 1000026844
CPP_INTERVAL 384 1000026844
CPP_INTERVAL 448 1000026844
CPP_INTERVAL 512 1000026844
CPP_INTERVAL 576 1000026844
CPP_INTERVAL 640 1000026844
CPP_INTERVAL 704 1000026844
CPP_INTERVAL 768 1000026844
CPP_INTERVAL 832 1000026844
CPP_INTERVAL 896 1000026844
CPP_INTERVAL 960 1000026844
CPP_INTERVAL 1024 1000026844
CPP_INTERVAL 1088 1000026844
CPP_INTERVAL 1152 1000026844
CPP_INTERVAL 1216 1000026844
CPP_INTERVAL 1280 1000026844
CPP_INTERVAL 1344 1000026844
PASS_INTERVAL_PARTITION seconds=878.403
