EXACT_INTERVAL 0 1000026844 3.652
EXACT_INTERVAL 64 1000026844 160.61
EXACT_INTERVAL 128 1000026844 313.306
EXACT_INTERVAL 192 1000026844 459.13
EXACT_INTERVAL 256 1000026844 602.05
EXACT_INTERVAL 320 1000026844 717.609
EXACT_INTERVAL 384 1000026844 833.22
EXACT_INTERVAL 448 1000026844 901.072
EXACT_INTERVAL 512 1000026844 942.718
EXACT_INTERVAL 576 1000026844 985.677
EXACT_INTERVAL 640 1000026844 1025.23
EXACT_INTERVAL 704 1000026844 1070.937
EXACT_INTERVAL 768 1000026844 1114.309
EXACT_INTERVAL 832 1000026844 1154.266
EXACT_INTERVAL 896 1000026844 1191.076
EXACT_INTERVAL 960 1000026844 1230.669
EXACT_INTERVAL 1024 1000026844 1267.821
EXACT_INTERVAL 1088 1000026844 1307.402
EXACT_INTERVAL 1152 1000026844 1343.782
EXACT_INTERVAL 1216 1000026844 1385.727
EXACT_INTERVAL 1280 1000026844 1434.873
EXACT_INTERVAL 1344 1000026844 1489.832
{"status":"PASS_INDEPENDENT_INTERVAL_PARTITION","start":0,"end_exclusive":1404,"total_intervals":2808,"minimum_units":"1000026844","budget_units":"17000402008","required_units":"1000023648","certificate_sha256":"101dd164906c7b71dc1397eaa32e25626548cd71995e532113823f434f8e5d26","seconds":1546.764,"verified_utc":"2026-09-29T01:31:45.851Z"}
