EXACT_INTERVAL 1404 1000026844 4.537
EXACT_INTERVAL 1468 1000026844 153.901
EXACT_INTERVAL 1532 1000026844 305.98
EXACT_INTERVAL 1596 1000026844 452.774
EXACT_INTERVAL 1660 1000026844 587.61
EXACT_INTERVAL 1724 1000026844 704.038
EXACT_INTERVAL 1788 1000026844 819.522
EXACT_INTERVAL 1852 1000026844 896.983
EXACT_INTERVAL 1916 1000026844 937.803
EXACT_INTERVAL 1980 1000026844 981.07
EXACT_INTERVAL 2044 1000026844 1022.69
EXACT_INTERVAL 2108 1000026844 1071.739
EXACT_INTERVAL 2172 1000026844 1113.833
EXACT_INTERVAL 2236 1000026844 1153.114
EXACT_INTERVAL 2300 1000026844 1190.954
EXACT_INTERVAL 2364 1000026844 1231.967
EXACT_INTERVAL 2428 1000026844 1268.989
EXACT_INTERVAL 2492 1000026844 1308.994
EXACT_INTERVAL 2556 1000026844 1345.955
EXACT_INTERVAL 2620 1000026844 1392.815
EXACT_INTERVAL 2684 1000026844 1440.211
EXACT_INTERVAL 2748 1000026844 1497.768
{"status":"PASS_INDEPENDENT_INTERVAL_PARTITION","start":1404,"end_exclusive":2808,"total_intervals":2808,"minimum_units":"1000026844","budget_units":"17000402008","required_units":"1000023648","certificate_sha256":"101dd164906c7b71dc1397eaa32e25626548cd71995e532113823f434f8e5d26","seconds":1550.492,"verified_utc":"2026-09-29T01:31:49.720Z"}
