{"completed": 10, "total": 201, "elapsed_seconds": 6884.935833454132, "nodes": 6727953}
{"completed": 20, "total": 201, "elapsed_seconds": 7084.867336511612, "nodes": 7637895}
{"completed": 30, "total": 201, "elapsed_seconds": 7283.074497938156, "nodes": 8478677}
{"completed": 40, "total": 201, "elapsed_seconds": 7490.116947412491, "nodes": 9272143}
{"completed": 50, "total": 201, "elapsed_seconds": 7716.914040565491, "nodes": 10053069}
{"completed": 60, "total": 201, "elapsed_seconds": 7974.010096311569, "nodes": 10846429}
{"completed": 70, "total": 201, "elapsed_seconds": 8257.291680335999, "nodes": 11665563}
{"completed": 80, "total": 201, "elapsed_seconds": 8578.818333864212, "nodes": 12524243}
{"completed": 90, "total": 201, "elapsed_seconds": 8943.925426006317, "nodes": 13445729}
{"completed": 100, "total": 201, "elapsed_seconds": 9358.204123020172, "nodes": 14428565}
{"completed": 110, "total": 201, "elapsed_seconds": 9817.627303600311, "nodes": 15472005}
{"completed": 120, "total": 201, "elapsed_seconds": 10312.112362861633, "nodes": 16558343}
{"completed": 130, "total": 201, "elapsed_seconds": 10832.04286122322, "nodes": 17676659}
{"completed": 140, "total": 201, "elapsed_seconds": 11376.811223268509, "nodes": 18828175}
{"completed": 150, "total": 201, "elapsed_seconds": 11954.8655128479, "nodes": 20029547}
{"completed": 160, "total": 201, "elapsed_seconds": 12597.204785823822, "nodes": 21323563}
{"completed": 170, "total": 201, "elapsed_seconds": 13325.515300989151, "nodes": 22748485}
{"completed": 180, "total": 201, "elapsed_seconds": 14171.010183811188, "nodes": 24323747}
{"completed": 190, "total": 201, "elapsed_seconds": 15101.304097175598, "nodes": 26049875}
{"completed": 200, "total": 201, "elapsed_seconds": 16096.591197252274, "nodes": 27867437}
{"completed": 201, "total": 201, "elapsed_seconds": 16196.711498975754, "nodes": 28051952}
{
  "status": "VERIFIED",
  "angle_cases": 201,
  "target_lower_bound_exact": "10001/10000",
  "nodes": 28051952,
  "leaves": 16973668,
  "minimum_printed_leaf_lower_bound": 1.000100001451881,
  "wall_seconds": 16196.71195435524,
  "input_sha256": "6b71f7171ca53147fc4a1ba43d1dd02e5138207fdb04fb3735c62baede706ab2",
  "verifier_source_sha256": "a75140df1b484ad104a214d2e8de87afda9fca5929341ec40121afde0c1af602",
  "method": "Outward-rounded binary64 intervals; certified inscribed polygon area; derivative bounds over center boxes; rational angular net."
}
