{"completed": 10, "total": 201, "elapsed_seconds": 86.27141547203064, "nodes": 933506}
{"completed": 20, "total": 201, "elapsed_seconds": 157.00143456459045, "nodes": 1863692}
{"completed": 30, "total": 201, "elapsed_seconds": 239.81774306297302, "nodes": 2791146}
{"completed": 40, "total": 201, "elapsed_seconds": 349.18885135650635, "nodes": 3734922}
{"completed": 50, "total": 201, "elapsed_seconds": 452.2364499568939, "nodes": 4716788}
{"completed": 60, "total": 201, "elapsed_seconds": 572.0350396633148, "nodes": 5739314}
{"completed": 70, "total": 201, "elapsed_seconds": 712.817601442337, "nodes": 6803072}
{"completed": 80, "total": 201, "elapsed_seconds": 847.7280583381653, "nodes": 7898794}
{"completed": 90, "total": 201, "elapsed_seconds": 997.3627984523773, "nodes": 9043492}
{"completed": 100, "total": 201, "elapsed_seconds": 1175.5621454715729, "nodes": 10242308}
{"completed": 110, "total": 201, "elapsed_seconds": 1347.4863891601562, "nodes": 11498640}
{"completed": 120, "total": 201, "elapsed_seconds": 1534.2591407299042, "nodes": 12807526}
{"completed": 130, "total": 201, "elapsed_seconds": 1745.4150471687317, "nodes": 14166324}
{"completed": 140, "total": 201, "elapsed_seconds": 1947.2629952430725, "nodes": 15567958}
{"completed": 150, "total": 201, "elapsed_seconds": 2171.3932015895844, "nodes": 17006598}
{"completed": 160, "total": 201, "elapsed_seconds": 2410.2125310897827, "nodes": 18498592}
{"completed": 170, "total": 201, "elapsed_seconds": 2659.461616039276, "nodes": 20069950}
{"completed": 180, "total": 201, "elapsed_seconds": 2931.12397813797, "nodes": 21762706}
{"completed": 190, "total": 201, "elapsed_seconds": 3220.815475463867, "nodes": 23581646}
{"completed": 200, "total": 201, "elapsed_seconds": 3500.2652106285095, "nodes": 27574375}
{"completed": 201, "total": 201, "elapsed_seconds": 3524.115458250046, "nodes": 27766278}
{
  "status": "VERIFIED",
  "angle_cases": 201,
  "target_lower_bound_exact": "10001/10000",
  "nodes": 27766278,
  "leaves": 15026311,
  "minimum_printed_leaf_lower_bound": 1.0001000014540347,
  "wall_seconds": 3524.1171288490295,
  "input_sha256": "9b5f9b15dcfa69e45faa620f037465867be5348ff705bc8d83e57a0a85607d34",
  "verifier_source_sha256": "a75140df1b484ad104a214d2e8de87afda9fca5929341ec40121afde0c1af602",
  "method": "Outward-rounded binary64 intervals; certified inscribed polygon area; derivative bounds over center boxes; rational angular net."
}
