REPLAY 500 of 12028 seconds 135.1640149550003
REPLAY 1000 of 12028 seconds 265.69125069800066
REPLAY 1500 of 12028 seconds 395.69176716200127
REPLAY 2000 of 12028 seconds 523.556185853
REPLAY 2500 of 12028 seconds 651.6371403460016
REPLAY 3000 of 12028 seconds 781.9556862240006
REPLAY 3500 of 12028 seconds 908.1335850710002
REPLAY 4000 of 12028 seconds 1044.3601214730006
REPLAY 4500 of 12028 seconds 1184.2704527180013
REPLAY 5000 of 12028 seconds 1321.3827977180008
REPLAY 5500 of 12028 seconds 1456.6199267820011
REPLAY 6000 of 12028 seconds 1595.973077607001
REPLAY 6500 of 12028 seconds 1748.5348825310011
REPLAY 7000 of 12028 seconds 1894.764656012001
REPLAY 7500 of 12028 seconds 2082.776888616001
REPLAY 8000 of 12028 seconds 2234.4304489290007
REPLAY 8500 of 12028 seconds 2405.521223105001
REPLAY 9000 of 12028 seconds 2584.5888254260008
REPLAY 9500 of 12028 seconds 2752.326236838
REPLAY 10000 of 12028 seconds 2917.0768626010013
REPLAY 10500 of 12028 seconds 3085.9241041980004
REPLAY 11000 of 12028 seconds 3262.284138283001
REPLAY 11500 of 12028 seconds 3441.019933288
REPLAY 12000 of 12028 seconds 3623.7212128970004
{
  "status": "PASS_FULL_EXACT_PYTHON_REPLAY",
  "certificate_sha256": "31e10ceb8368cc858e61f45ce7cfee783e8d0c7910893559164810f45439cc34",
  "parent_side": "190999999809/193750000000",
  "bound": "3875000000/999999999",
  "intervals": 12028,
  "budget_units": 11000095024,
  "minimum_units": 1000047559,
  "strict_core_margin": "999999999/1000000000000000000000",
  "counting_surplus_units": 428125,
  "slabs": 86299918,
  "cells": 511649696956,
  "seconds": 3632.9841005450016
}
