{"completed": 10, "total": 201, "elapsed_seconds": 4805.315423965454, "nodes": 5443558}
{"completed": 20, "total": 201, "elapsed_seconds": 4957.243842124939, "nodes": 6041750}
{"completed": 30, "total": 201, "elapsed_seconds": 5112.946503639221, "nodes": 6593694}
{"completed": 40, "total": 201, "elapsed_seconds": 5276.4093317985535, "nodes": 7126312}
{"completed": 50, "total": 201, "elapsed_seconds": 5453.584034919739, "nodes": 7652716}
{"completed": 60, "total": 201, "elapsed_seconds": 5648.248003721237, "nodes": 8188740}
{"completed": 70, "total": 201, "elapsed_seconds": 5871.000314950943, "nodes": 8750034}
{"completed": 80, "total": 201, "elapsed_seconds": 6139.059348106384, "nodes": 9367354}
{"completed": 90, "total": 201, "elapsed_seconds": 6465.464071989059, "nodes": 10064146}
{"completed": 100, "total": 201, "elapsed_seconds": 6833.6759395599365, "nodes": 10820838}
{"completed": 110, "total": 201, "elapsed_seconds": 7235.645584821701, "nodes": 11635298}
{"completed": 120, "total": 201, "elapsed_seconds": 7674.986309289932, "nodes": 12500072}
{"completed": 130, "total": 201, "elapsed_seconds": 8142.342795133591, "nodes": 13394238}
{"completed": 140, "total": 201, "elapsed_seconds": 8636.697659492493, "nodes": 14314542}
{"completed": 150, "total": 201, "elapsed_seconds": 9146.873090982437, "nodes": 15262546}
{"completed": 160, "total": 201, "elapsed_seconds": 9700.302012205124, "nodes": 16256956}
{"completed": 170, "total": 201, "elapsed_seconds": 10323.258991718292, "nodes": 17344036}
{"completed": 180, "total": 201, "elapsed_seconds": 11067.040548086166, "nodes": 18569600}
{"completed": 190, "total": 201, "elapsed_seconds": 11908.95296382904, "nodes": 19918520}
{"completed": 200, "total": 201, "elapsed_seconds": 12810.429592609406, "nodes": 21355628}
{"completed": 201, "total": 201, "elapsed_seconds": 12903.967136144638, "nodes": 21501387}
{
  "status": "VERIFIED",
  "angle_cases": 201,
  "target_lower_bound_exact": "10001/10000",
  "nodes": 21501387,
  "leaves": 13190634,
  "minimum_printed_leaf_lower_bound": 1.0001000012708303,
  "wall_seconds": 12903.967518568039,
  "input_sha256": "7d530cf72346719e93089121e56fc0e1c3e4de019352dc92bff42813d9b16fe6",
  "verifier_source_sha256": "a75140df1b484ad104a214d2e8de87afda9fca5929341ec40121afde0c1af602",
  "method": "Outward-rounded binary64 intervals; certified inscribed polygon area; derivative bounds over center boxes; rational angular net."
}
