{"completed": 10, "total": 201, "elapsed_seconds": 12658.758517980576, "nodes": 8167986}
{"completed": 20, "total": 201, "elapsed_seconds": 12914.98993563652, "nodes": 9065920}
{"completed": 30, "total": 201, "elapsed_seconds": 13192.971143007278, "nodes": 9961604}
{"completed": 40, "total": 201, "elapsed_seconds": 13489.960993289948, "nodes": 10859402}
{"completed": 50, "total": 201, "elapsed_seconds": 13812.972559452057, "nodes": 11769320}
{"completed": 60, "total": 201, "elapsed_seconds": 14167.085632562637, "nodes": 12701874}
{"completed": 70, "total": 201, "elapsed_seconds": 14559.467644929886, "nodes": 13666058}
{"completed": 80, "total": 201, "elapsed_seconds": 15011.368630886078, "nodes": 14674768}
{"completed": 90, "total": 201, "elapsed_seconds": 15502.834038972855, "nodes": 15735354}
{"completed": 100, "total": 201, "elapsed_seconds": 16062.947518110275, "nodes": 16857370}
{"completed": 110, "total": 201, "elapsed_seconds": 16673.862386465073, "nodes": 18036114}
{"completed": 120, "total": 201, "elapsed_seconds": 17322.10719370842, "nodes": 19270492}
{"completed": 130, "total": 201, "elapsed_seconds": 18017.415361166, "nodes": 20543682}
{"completed": 140, "total": 201, "elapsed_seconds": 18725.3526866436, "nodes": 21850518}
{"completed": 150, "total": 201, "elapsed_seconds": 19477.469161510468, "nodes": 23202576}
{"completed": 160, "total": 201, "elapsed_seconds": 20279.71812057495, "nodes": 24610980}
{"completed": 170, "total": 201, "elapsed_seconds": 21134.94686770439, "nodes": 26089526}
{"completed": 180, "total": 201, "elapsed_seconds": 22045.803333044052, "nodes": 27645798}
{"completed": 190, "total": 201, "elapsed_seconds": 23009.6172246933, "nodes": 29280792}
{"completed": 200, "total": 201, "elapsed_seconds": 24008.48599767685, "nodes": 30968466}
{"completed": 201, "total": 201, "elapsed_seconds": 24109.395828723907, "nodes": 31138891}
{
  "status": "VERIFIED",
  "angle_cases": 201,
  "target_lower_bound_exact": "10001/10000",
  "nodes": 31138891,
  "leaves": 19255158,
  "minimum_printed_leaf_lower_bound": 1.0001000030829008,
  "wall_seconds": 24109.396380901337,
  "input_sha256": "f6a9b3ad94048c6858bc167fca1c2b790e454e31d16aa185c41d9a30840fd9c1",
  "verifier_source_sha256": "a75140df1b484ad104a214d2e8de87afda9fca5929341ec40121afde0c1af602",
  "method": "Outward-rounded binary64 intervals; certified inscribed polygon area; derivative bounds over center boxes; rational angular net."
}
