{"round": 0, "step": 0, "owner": "corner-SW", "live_rows": 64, "owned_hull_vertices": 12, "rows": 64, "seconds": 2.6}
{"round": 0, "step": 1, "owner": "side-S0", "live_rows": 64, "owned_hull_vertices": 0, "rows": 64, "seconds": 5.6}
{"round": 0, "step": 2, "owner": "side-W0", "live_rows": 64, "owned_hull_vertices": 0, "rows": 64, "seconds": 9.8}
{"round": 0, "step": 3, "owner": "side-S1", "live_rows": 64, "owned_hull_vertices": 0, "rows": 64, "seconds": 15.3}
{"round": 0, "step": 4, "owner": "side-W1", "live_rows": 64, "owned_hull_vertices": 0, "rows": 64, "seconds": 21.8}
{"round": 0, "step": 5, "owner": "side-W2", "live_rows": 64, "owned_hull_vertices": 0, "rows": 64, "seconds": 26.0}
{"round": 0, "step": 6, "owner": "interior-NW", "live_rows": 64, "owned_hull_vertices": 16, "rows": 64, "seconds": 29.4}
{"round": 0, "step": 7, "owner": "interior-W", "live_rows": 64, "owned_hull_vertices": 8, "rows": 64, "seconds": 34.8}
{"round": 0, "step": 8, "owner": "interior-SE", "live_rows": 64, "owned_hull_vertices": 16, "rows": 64, "seconds": 37.1}
{"round": 1, "step": 9, "owner": "corner-SW", "live_rows": 64, "owned_hull_vertices": 12, "rows": 64, "seconds": 41.0}
{"round": 1, "step": 10, "owner": "side-S0", "live_rows": 64, "owned_hull_vertices": 0, "rows": 64, "seconds": 45.6}
{"round": 1, "step": 11, "owner": "side-W0", "live_rows": 64, "owned_hull_vertices": 0, "rows": 64, "seconds": 51.7}
{"round": 1, "step": 12, "owner": "side-S1", "live_rows": 64, "owned_hull_vertices": 0, "rows": 64, "seconds": 59.7}
{"round": 1, "step": 13, "owner": "side-W1", "live_rows": 64, "owned_hull_vertices": 4, "rows": 64, "seconds": 64.8}
{"round": 1, "step": 14, "owner": "side-W2", "live_rows": 64, "owned_hull_vertices": 16, "rows": 64, "seconds": 69.4}
{"round": 1, "step": 15, "owner": "interior-NW", "live_rows": 64, "owned_hull_vertices": 16, "rows": 64, "seconds": 74.0}
{"round": 1, "step": 16, "owner": "interior-W", "live_rows": 64, "owned_hull_vertices": 16, "rows": 64, "seconds": 80.0}
{"round": 1, "step": 17, "owner": "interior-SE", "live_rows": 64, "owned_hull_vertices": 16, "rows": 64, "seconds": 83.0}
{"round": 2, "step": 18, "owner": "corner-SW", "live_rows": 128, "owned_hull_vertices": 16, "rows": 128, "seconds": 90.3}
{"round": 2, "step": 19, "owner": "side-S0", "live_rows": 128, "owned_hull_vertices": 0, "rows": 128, "seconds": 113.1}
{"round": 2, "step": 20, "owner": "side-W0", "live_rows": 76, "owned_hull_vertices": 0, "rows": 76, "seconds": 132.3}
{"round": 2, "step": 21, "owner": "side-S1", "live_rows": 64, "owned_hull_vertices": 0, "rows": 64, "seconds": 156.0}
{"round": 2, "step": 22, "owner": "side-W1", "live_rows": 82, "owned_hull_vertices": 3, "rows": 82, "seconds": 169.4}
{"round": 2, "step": 23, "owner": "side-W2", "live_rows": 64, "owned_hull_vertices": 16, "rows": 64, "seconds": 177.5}
{"round": 2, "step": 24, "owner": "interior-NW", "live_rows": 64, "owned_hull_vertices": 16, "rows": 64, "seconds": 185.8}
{"round": 2, "step": 25, "owner": "interior-W", "live_rows": 64, "owned_hull_vertices": 16, "rows": 64, "seconds": 195.0}
{"round": 2, "step": 26, "owner": "interior-SE", "live_rows": 128, "owned_hull_vertices": 16, "rows": 128, "seconds": 203.7}
{"round": 3, "step": 27, "owner": "corner-SW", "live_rows": 183, "owned_hull_vertices": 16, "rows": 183, "seconds": 224.8}
{"round": 3, "step": 28, "owner": "side-S0", "live_rows": 128, "owned_hull_vertices": 0, "rows": 128, "seconds": 267.0}
{"round": 3, "step": 29, "owner": "side-W0", "live_rows": 76, "owned_hull_vertices": 0, "rows": 76, "seconds": 297.6}
{"round": 3, "step": 30, "owner": "side-S1", "live_rows": 107, "owned_hull_vertices": 0, "rows": 107, "seconds": 370.0}
{"round": 3, "step": 31, "owner": "side-W1", "live_rows": 82, "owned_hull_vertices": 8, "rows": 82, "seconds": 392.4}
{"round": 3, "step": 32, "owner": "side-W2", "live_rows": 64, "owned_hull_vertices": 16, "rows": 64, "seconds": 406.4}
{"round": 3, "step": 33, "owner": "interior-NW", "live_rows": 64, "owned_hull_vertices": 16, "rows": 64, "seconds": 422.7}
{"round": 3, "step": 34, "owner": "interior-W", "live_rows": 64, "owned_hull_vertices": 16, "rows": 64, "seconds": 439.5}
{"round": 3, "step": 35, "owner": "interior-SE", "live_rows": 232, "owned_hull_vertices": 16, "rows": 232, "seconds": 463.9}
{"round": 4, "step": 36, "owner": "corner-SW", "live_rows": 265, "owned_hull_vertices": 16, "rows": 265, "seconds": 507.0}
{"round": 4, "step": 37, "owner": "side-S0", "live_rows": 128, "owned_hull_vertices": 0, "rows": 128, "seconds": 570.5}
{"round": 4, "step": 38, "owner": "side-W0", "live_rows": 76, "owned_hull_vertices": 0, "rows": 76, "seconds": 601.1}
{"round": 4, "step": 39, "owner": "side-S1", "live_rows": 107, "owned_hull_vertices": 0, "rows": 107, "seconds": 723.4}
{"round": 4, "step": 40, "owner": "side-W1", "live_rows": 121, "owned_hull_vertices": 11, "rows": 121, "seconds": 749.1}
{"round": 4, "step": 41, "owner": "side-W2", "live_rows": 64, "owned_hull_vertices": 16, "rows": 64, "seconds": 764.0}
{"round": 4, "step": 42, "owner": "interior-NW", "live_rows": 64, "owned_hull_vertices": 16, "rows": 64, "seconds": 779.6}
{"round": 4, "step": 43, "owner": "interior-W", "live_rows": 64, "owned_hull_vertices": 16, "rows": 64, "seconds": 795.2}
{"round": 4, "step": 44, "owner": "interior-SE", "live_rows": 438, "owned_hull_vertices": 16, "rows": 438, "seconds": 827.6}
{"round": 5, "step": 45, "owner": "corner-SW", "live_rows": 360, "owned_hull_vertices": 16, "rows": 360, "seconds": 876.9}
{"round": 5, "step": 46, "owner": "side-S0", "live_rows": 128, "owned_hull_vertices": 0, "rows": 128, "seconds": 936.6}
{"round": 5, "step": 47, "owner": "side-W0", "live_rows": 76, "owned_hull_vertices": 0, "rows": 76, "seconds": 968.6}
{"round": 5, "step": 48, "owner": "side-S1", "live_rows": 109, "owned_hull_vertices": 0, "rows": 109, "seconds": 1078.8}
{"round": 5, "step": 49, "owner": "side-W1", "live_rows": 130, "owned_hull_vertices": 8, "rows": 130, "seconds": 1109.6}
{"round": 5, "step": 50, "owner": "side-W2", "live_rows": 64, "owned_hull_vertices": 16, "rows": 64, "seconds": 1127.2}
{"round": 5, "step": 51, "owner": "interior-NW", "live_rows": 64, "owned_hull_vertices": 16, "rows": 64, "seconds": 1146.1}
{"round": 5, "step": 52, "owner": "interior-W", "live_rows": 103, "owned_hull_vertices": 16, "rows": 103, "seconds": 1169.9}
{"round": 5, "step": 53, "owner": "interior-SE", "live_rows": 444, "owned_hull_vertices": 16, "rows": 444, "seconds": 1211.4}
{"round": 6, "step": 54, "owner": "corner-SW", "live_rows": 487, "owned_hull_vertices": 16, "rows": 487, "seconds": 1278.9}
{"round": 6, "step": 55, "owner": "side-S0", "live_rows": 253, "owned_hull_vertices": 0, "rows": 253, "seconds": 1407.0}
{"round": 6, "step": 56, "owner": "side-W0", "live_rows": 76, "owned_hull_vertices": 0, "rows": 76, "seconds": 1454.1}
{"round": 6, "step": 57, "owner": "side-S1", "live_rows": 112, "owned_hull_vertices": 0, "rows": 112, "seconds": 1601.1}
{"round": 6, "step": 58, "owner": "side-W1", "live_rows": 130, "owned_hull_vertices": 12, "rows": 130, "seconds": 1634.9}
{"round": 6, "step": 59, "owner": "side-W2", "live_rows": 64, "owned_hull_vertices": 16, "rows": 64, "seconds": 1657.9}
{"round": 6, "step": 60, "owner": "interior-NW", "live_rows": 67, "owned_hull_vertices": 16, "rows": 67, "seconds": 1682.5}
{"round": 6, "step": 61, "owner": "interior-W", "live_rows": 103, "owned_hull_vertices": 16, "rows": 103, "seconds": 1710.0}
{"round": 6, "step": 62, "owner": "interior-SE", "live_rows": 444, "owned_hull_vertices": 16, "rows": 444, "seconds": 1754.2}
{"round": 7, "step": 63, "owner": "corner-SW", "live_rows": 512, "owned_hull_vertices": 16, "rows": 512, "seconds": 1868.7}
{"round": 7, "step": 64, "owner": "side-S0", "live_rows": 253, "owned_hull_vertices": 0, "rows": 253, "seconds": 1994.7}
{"round": 7, "step": 65, "owner": "side-W0", "live_rows": 72, "owned_hull_vertices": 13, "rows": 76, "seconds": 2032.8}
{"round": 7, "step": 66, "owner": "side-S1", "live_rows": 112, "owned_hull_vertices": 0, "rows": 112, "seconds": 2156.4}
{"round": 7, "step": 67, "owner": "side-W1", "live_rows": 130, "owned_hull_vertices": 16, "rows": 130, "seconds": 2188.6}
{"round": 7, "step": 68, "owner": "side-W2", "live_rows": 64, "owned_hull_vertices": 16, "rows": 64, "seconds": 2210.2}
{"round": 7, "step": 69, "owner": "interior-NW", "live_rows": 67, "owned_hull_vertices": 16, "rows": 67, "seconds": 2232.5}
{"round": 7, "step": 70, "owner": "interior-W", "live_rows": 103, "owned_hull_vertices": 16, "rows": 103, "seconds": 2257.7}
{"round": 7, "step": 71, "owner": "interior-SE", "live_rows": 444, "owned_hull_vertices": 16, "rows": 444, "seconds": 2299.8}
{"round": 8, "step": 72, "owner": "corner-SW", "live_rows": 512, "owned_hull_vertices": 16, "rows": 512, "seconds": 2407.8}
{"round": 8, "step": 73, "owner": "side-S0", "live_rows": 253, "owned_hull_vertices": 16, "rows": 253, "seconds": 2493.4}
{"round": 8, "step": 74, "owner": "side-W0", "live_rows": 65, "owned_hull_vertices": 16, "rows": 76, "seconds": 2529.6}
{"round": 8, "step": 75, "owner": "side-S1", "live_rows": 203, "owned_hull_vertices": 16, "rows": 203, "seconds": 2734.1}
{"round": 8, "step": 76, "owner": "side-W1", "live_rows": 130, "owned_hull_vertices": 16, "rows": 130, "seconds": 2776.2}
{"round": 8, "step": 77, "owner": "side-W2", "live_rows": 64, "owned_hull_vertices": 16, "rows": 64, "seconds": 2808.1}
{"round": 8, "step": 78, "owner": "interior-NW", "live_rows": 67, "owned_hull_vertices": 16, "rows": 67, "seconds": 2838.4}
{"round": 8, "step": 79, "owner": "interior-W", "live_rows": 103, "owned_hull_vertices": 16, "rows": 103, "seconds": 2873.0}
{"round": 8, "step": 80, "owner": "interior-SE", "live_rows": 445, "owned_hull_vertices": 16, "rows": 445, "seconds": 2966.5}
{"round": 9, "step": 81, "owner": "corner-SW", "live_rows": 512, "owned_hull_vertices": 16, "rows": 512, "seconds": 3079.9}
{"round": 9, "step": 82, "owner": "side-S0", "live_rows": 185, "owned_hull_vertices": 16, "rows": 253, "seconds": 3172.3}
{"round": 9, "step": 83, "owner": "side-W0", "live_rows": 62, "owned_hull_vertices": 16, "rows": 76, "seconds": 3215.0}
{"round": 9, "step": 84, "owner": "side-S1", "live_rows": 203, "owned_hull_vertices": 16, "rows": 203, "seconds": 3308.6}
{"round": 9, "step": 85, "owner": "side-W1", "live_rows": 130, "owned_hull_vertices": 16, "rows": 130, "seconds": 3327.3}
{"round": 9, "step": 86, "owner": "side-W2", "live_rows": 41, "owned_hull_vertices": 16, "rows": 64, "seconds": 3342.5}
{"round": 9, "step": 87, "owner": "interior-NW", "live_rows": 67, "owned_hull_vertices": 16, "rows": 67, "seconds": 3357.9}
{"round": 9, "step": 88, "owner": "interior-W", "live_rows": 103, "owned_hull_vertices": 16, "rows": 103, "seconds": 3375.1}
{"round": 9, "step": 89, "owner": "interior-SE", "live_rows": 445, "owned_hull_vertices": 16, "rows": 445, "seconds": 3463.2}
{"round": 10, "step": 90, "owner": "corner-SW", "live_rows": 439, "owned_hull_vertices": 16, "rows": 512, "seconds": 3522.8}
{"round": 10, "step": 91, "owner": "side-S0", "live_rows": 174, "owned_hull_vertices": 16, "rows": 253, "seconds": 3576.0}
{"round": 10, "step": 92, "owner": "side-W0", "live_rows": 60, "owned_hull_vertices": 16, "rows": 76, "seconds": 3596.1}
{"round": 10, "step": 93, "owner": "side-S1", "live_rows": 207, "owned_hull_vertices": 16, "rows": 207, "seconds": 3685.5}
{"round": 10, "step": 94, "owner": "side-W1", "live_rows": 97, "owned_hull_vertices": 16, "rows": 130, "seconds": 3697.6}
{"round": 10, "step": 95, "owner": "side-W2", "live_rows": 29, "owned_hull_vertices": 16, "rows": 64, "seconds": 3704.5}
{"round": 10, "step": 96, "owner": "interior-NW", "live_rows": 67, "owned_hull_vertices": 16, "rows": 67, "seconds": 3712.3}
{"round": 10, "step": 97, "owner": "interior-W", "live_rows": 103, "owned_hull_vertices": 16, "rows": 103, "seconds": 3722.1}
{"round": 10, "step": 98, "owner": "interior-SE", "live_rows": 445, "owned_hull_vertices": 16, "rows": 445, "seconds": 3837.7}
{"round": 11, "step": 99, "owner": "corner-SW", "live_rows": 432, "owned_hull_vertices": 16, "rows": 512, "seconds": 3917.5}
{"round": 11, "step": 100, "owner": "side-S0", "live_rows": 166, "owned_hull_vertices": 16, "rows": 253, "seconds": 3982.0}
{"round": 11, "step": 101, "owner": "side-W0", "live_rows": 57, "owned_hull_vertices": 16, "rows": 76, "seconds": 4000.6}
{"round": 11, "step": 102, "owner": "side-S1", "live_rows": 220, "owned_hull_vertices": 16, "rows": 220, "seconds": 4097.8}
{"round": 11, "step": 103, "owner": "side-W1", "live_rows": 60, "owned_hull_vertices": 16, "rows": 130, "seconds": 4110.4}
{"round": 11, "step": 104, "owner": "side-W2", "live_rows": 27, "owned_hull_vertices": 16, "rows": 65, "seconds": 4116.8}
{"round": 11, "step": 105, "owner": "interior-NW", "live_rows": 67, "owned_hull_vertices": 16, "rows": 67, "seconds": 4126.1}
{"round": 11, "step": 106, "owner": "interior-W", "live_rows": 103, "owned_hull_vertices": 16, "rows": 103, "seconds": 4137.7}
{"round": 11, "step": 107, "owner": "interior-SE", "live_rows": 445, "owned_hull_vertices": 16, "rows": 445, "seconds": 4218.7}
{"round": 12, "step": 108, "owner": "corner-SW", "live_rows": 418, "owned_hull_vertices": 16, "rows": 512, "seconds": 4273.9}
{"round": 12, "step": 109, "owner": "side-S0", "live_rows": 157, "owned_hull_vertices": 16, "rows": 254, "seconds": 4323.3}
{"round": 12, "step": 110, "owner": "side-W0", "live_rows": 26, "owned_hull_vertices": 16, "rows": 76, "seconds": 4339.2}
{"round": 12, "step": 111, "owner": "side-S1", "live_rows": 227, "owned_hull_vertices": 16, "rows": 227, "seconds": 4438.3}
{"round": 12, "step": 112, "owner": "side-W1", "live_rows": 57, "owned_hull_vertices": 16, "rows": 130, "seconds": 4448.0}
{"round": 12, "step": 113, "owner": "side-W2", "live_rows": 32, "owned_hull_vertices": 16, "rows": 74, "seconds": 4454.4}
{"round": 12, "step": 114, "owner": "interior-NW", "live_rows": 67, "owned_hull_vertices": 16, "rows": 67, "seconds": 4463.1}
{"round": 12, "step": 115, "owner": "interior-W", "live_rows": 60, "owned_hull_vertices": 16, "rows": 103, "seconds": 4477.5}
{"round": 12, "step": 116, "owner": "interior-SE", "live_rows": 445, "owned_hull_vertices": 16, "rows": 445, "seconds": 4557.8}
{"round": 13, "step": 117, "owner": "corner-SW", "live_rows": 360, "owned_hull_vertices": 16, "rows": 512, "seconds": 4635.2}
{"round": 13, "step": 118, "owner": "side-S0", "live_rows": 87, "owned_hull_vertices": 16, "rows": 254, "seconds": 4864.1}
{"round": 13, "step": 119, "owner": "side-W0", "live_rows": 26, "owned_hull_vertices": 16, "rows": 76, "seconds": 4949.2}
{"round": 13, "step": 120, "owner": "side-S1", "live_rows": 230, "owned_hull_vertices": 16, "rows": 230, "seconds": 5109.6}
{"round": 13, "step": 121, "owner": "side-W1", "live_rows": 53, "owned_hull_vertices": 16, "rows": 130, "seconds": 5116.0}
{"round": 13, "step": 122, "owner": "side-W2", "live_rows": 31, "owned_hull_vertices": 16, "rows": 75, "seconds": 5120.4}
{"round": 13, "step": 123, "owner": "interior-NW", "live_rows": 57, "owned_hull_vertices": 16, "rows": 67, "seconds": 5126.7}
{"round": 13, "step": 124, "owner": "interior-W", "live_rows": 52, "owned_hull_vertices": 16, "rows": 103, "seconds": 5132.4}
{"round": 13, "step": 125, "owner": "interior-SE", "live_rows": 445, "owned_hull_vertices": 16, "rows": 445, "seconds": 5184.5}
{"round": 14, "step": 126, "owner": "corner-SW", "live_rows": 334, "owned_hull_vertices": 16, "rows": 512, "seconds": 5208.8}
{"round": 14, "step": 127, "owner": "side-S0", "live_rows": 76, "owned_hull_vertices": 16, "rows": 254, "seconds": 5226.5}
{"round": 14, "step": 128, "owner": "side-W0", "live_rows": 24, "owned_hull_vertices": 16, "rows": 76, "seconds": 5233.1}
{"round": 14, "step": 129, "owner": "side-S1", "live_rows": 240, "owned_hull_vertices": 16, "rows": 240, "seconds": 5307.9}
{"round": 14, "step": 130, "owner": "side-W1", "live_rows": 52, "owned_hull_vertices": 16, "rows": 130, "seconds": 5314.2}
{"round": 14, "step": 131, "owner": "side-W2", "live_rows": 27, "owned_hull_vertices": 16, "rows": 75, "seconds": 5319.3}
{"round": 14, "step": 132, "owner": "interior-NW", "live_rows": 55, "owned_hull_vertices": 16, "rows": 67, "seconds": 5324.9}
{"round": 14, "step": 133, "owner": "interior-W", "live_rows": 51, "owned_hull_vertices": 16, "rows": 103, "seconds": 5330.5}
{"round": 14, "step": 134, "owner": "interior-SE", "live_rows": 448, "owned_hull_vertices": 16, "rows": 448, "seconds": 5385.0}
{"round": 15, "step": 135, "owner": "corner-SW", "live_rows": 331, "owned_hull_vertices": 16, "rows": 512, "seconds": 5407.0}
{"round": 15, "step": 136, "owner": "side-S0", "live_rows": 73, "owned_hull_vertices": 16, "rows": 254, "seconds": 5424.0}
{"round": 15, "step": 137, "owner": "side-W0", "live_rows": 23, "owned_hull_vertices": 16, "rows": 76, "seconds": 5429.9}
{"round": 15, "step": 138, "owner": "side-S1", "live_rows": 242, "owned_hull_vertices": 16, "rows": 242, "seconds": 5510.2}
{"round": 15, "step": 139, "owner": "side-W1", "live_rows": 45, "owned_hull_vertices": 16, "rows": 130, "seconds": 5516.4}
{"round": 15, "step": 140, "owner": "side-W2", "live_rows": 26, "owned_hull_vertices": 16, "rows": 75, "seconds": 5521.4}
{"round": 15, "step": 141, "owner": "interior-NW", "live_rows": 54, "owned_hull_vertices": 16, "rows": 67, "seconds": 5527.2}
{"round": 15, "step": 142, "owner": "interior-W", "live_rows": 51, "owned_hull_vertices": 16, "rows": 103, "seconds": 5532.6}
{"round": 15, "step": 143, "owner": "interior-SE", "live_rows": 448, "owned_hull_vertices": 16, "rows": 448, "seconds": 5588.8}
{"round": 16, "step": 144, "owner": "corner-SW", "live_rows": 329, "owned_hull_vertices": 16, "rows": 512, "seconds": 5609.5}
{"round": 16, "step": 145, "owner": "side-S0", "live_rows": 72, "owned_hull_vertices": 16, "rows": 270, "seconds": 5624.6}
{"round": 16, "step": 146, "owner": "side-W0", "live_rows": 21, "owned_hull_vertices": 16, "rows": 76, "seconds": 5630.9}
{"round": 16, "step": 147, "owner": "side-S1", "live_rows": 255, "owned_hull_vertices": 16, "rows": 255, "seconds": 5716.1}
{"round": 16, "step": 148, "owner": "side-W1", "live_rows": 43, "owned_hull_vertices": 16, "rows": 130, "seconds": 5722.7}
{"round": 16, "step": 149, "owner": "side-W2", "live_rows": 25, "owned_hull_vertices": 16, "rows": 76, "seconds": 5727.5}
{"round": 16, "step": 150, "owner": "interior-NW", "live_rows": 52, "owned_hull_vertices": 16, "rows": 67, "seconds": 5733.1}
{"round": 16, "step": 151, "owner": "interior-W", "live_rows": 63, "owned_hull_vertices": 16, "rows": 117, "seconds": 5739.2}
{"round": 16, "step": 152, "owner": "interior-SE", "live_rows": 451, "owned_hull_vertices": 16, "rows": 451, "seconds": 5797.7}
{"round": 17, "step": 153, "owner": "corner-SW", "live_rows": 326, "owned_hull_vertices": 16, "rows": 512, "seconds": 5818.5}
{"round": 17, "step": 154, "owner": "side-S0", "live_rows": 70, "owned_hull_vertices": 16, "rows": 270, "seconds": 5834.3}
{"round": 17, "step": 155, "owner": "side-W0", "live_rows": 20, "owned_hull_vertices": 16, "rows": 76, "seconds": 5840.4}
{"round": 17, "step": 156, "owner": "side-S1", "live_rows": 257, "owned_hull_vertices": 16, "rows": 257, "seconds": 5923.5}
{"round": 17, "step": 157, "owner": "side-W1", "live_rows": 41, "owned_hull_vertices": 16, "rows": 130, "seconds": 5929.6}
{"round": 17, "step": 158, "owner": "side-W2", "live_rows": 25, "owned_hull_vertices": 16, "rows": 76, "seconds": 5933.8}
{"round": 17, "step": 159, "owner": "interior-NW", "live_rows": 52, "owned_hull_vertices": 16, "rows": 67, "seconds": 5939.3}
{"round": 17, "step": 160, "owner": "interior-W", "live_rows": 63, "owned_hull_vertices": 16, "rows": 117, "seconds": 5945.3}
{"round": 17, "step": 161, "owner": "interior-SE", "live_rows": 451, "owned_hull_vertices": 16, "rows": 451, "seconds": 6001.4}
{"round": 18, "step": 162, "owner": "corner-SW", "live_rows": 320, "owned_hull_vertices": 16, "rows": 512, "seconds": 6021.3}
{"round": 18, "step": 163, "owner": "side-S0", "live_rows": 70, "owned_hull_vertices": 16, "rows": 270, "seconds": 6035.7}
{"round": 18, "step": 164, "owner": "side-W0", "live_rows": 20, "owned_hull_vertices": 16, "rows": 77, "seconds": 6041.7}
{"round": 18, "step": 165, "owner": "side-S1", "live_rows": 262, "owned_hull_vertices": 16, "rows": 262, "seconds": 6126.8}
{"round": 18, "step": 166, "owner": "side-W1", "live_rows": 41, "owned_hull_vertices": 16, "rows": 130, "seconds": 6134.3}
{"round": 18, "step": 167, "owner": "side-W2", "live_rows": 23, "owned_hull_vertices": 16, "rows": 76, "seconds": 6139.2}
{"round": 18, "step": 168, "owner": "interior-NW", "live_rows": 51, "owned_hull_vertices": 16, "rows": 67, "seconds": 6146.8}
{"round": 18, "step": 169, "owner": "interior-W", "live_rows": 70, "owned_hull_vertices": 16, "rows": 124, "seconds": 6154.3}
{"round": 18, "step": 170, "owner": "interior-SE", "live_rows": 451, "owned_hull_vertices": 16, "rows": 451, "seconds": 6217.0}
{"round": 19, "step": 171, "owner": "corner-SW", "live_rows": 320, "owned_hull_vertices": 16, "rows": 512, "seconds": 6236.5}
{"round": 19, "step": 172, "owner": "side-S0", "live_rows": 78, "owned_hull_vertices": 16, "rows": 282, "seconds": 6252.4}
{"round": 19, "step": 173, "owner": "side-W0", "live_rows": 23, "owned_hull_vertices": 16, "rows": 80, "seconds": 6258.9}
{"round": 19, "step": 174, "owner": "side-S1", "live_rows": 276, "owned_hull_vertices": 16, "rows": 276, "seconds": 6348.9}
{"round": 19, "step": 175, "owner": "side-W1", "live_rows": 63, "owned_hull_vertices": 16, "rows": 166, "seconds": 6356.4}
{"round": 19, "step": 176, "owner": "side-W2", "live_rows": 32, "owned_hull_vertices": 16, "rows": 90, "seconds": 6361.4}
{"round": 19, "step": 177, "owner": "interior-NW", "live_rows": 78, "owned_hull_vertices": 16, "rows": 96, "seconds": 6368.7}
{"round": 19, "step": 178, "owner": "interior-W", "live_rows": 67, "owned_hull_vertices": 16, "rows": 124, "seconds": 6375.8}
{"round": 19, "step": 179, "owner": "interior-SE", "live_rows": 462, "owned_hull_vertices": 16, "rows": 462, "seconds": 6457.4}
{"round": 20, "step": 180, "owner": "corner-SW", "live_rows": 318, "owned_hull_vertices": 16, "rows": 512, "seconds": 6478.6}
{"round": 20, "step": 181, "owner": "side-S0", "live_rows": 78, "owned_hull_vertices": 16, "rows": 282, "seconds": 6495.2}
{"round": 20, "step": 182, "owner": "side-W0", "live_rows": 17, "owned_hull_vertices": 16, "rows": 80, "seconds": 6501.8}
{"round": 20, "step": 183, "owner": "side-S1", "live_rows": 276, "owned_hull_vertices": 16, "rows": 276, "seconds": 6601.9}
{"round": 20, "step": 184, "owner": "side-W1", "live_rows": 62, "owned_hull_vertices": 16, "rows": 166, "seconds": 6609.1}
{"round": 20, "step": 185, "owner": "side-W2", "live_rows": 30, "owned_hull_vertices": 16, "rows": 90, "seconds": 6614.2}
{"round": 20, "step": 186, "owner": "interior-NW", "live_rows": 78, "owned_hull_vertices": 16, "rows": 96, "seconds": 6621.2}
{"round": 20, "step": 187, "owner": "interior-W", "live_rows": 66, "owned_hull_vertices": 16, "rows": 124, "seconds": 6628.1}
{"round": 20, "step": 188, "owner": "interior-SE", "live_rows": 462, "owned_hull_vertices": 16, "rows": 462, "seconds": 6688.8}
{"round": 21, "step": 189, "owner": "corner-SW", "live_rows": 315, "owned_hull_vertices": 16, "rows": 512, "seconds": 6708.9}
{"round": 21, "step": 190, "owner": "side-S0", "live_rows": 64, "owned_hull_vertices": 16, "rows": 283, "seconds": 6724.7}
{"round": 21, "step": 191, "owner": "side-W0", "live_rows": 17, "owned_hull_vertices": 16, "rows": 80, "seconds": 6730.8}
{"round": 21, "step": 192, "owner": "side-S1", "live_rows": 285, "owned_hull_vertices": 16, "rows": 285, "seconds": 6818.1}
{"round": 21, "step": 193, "owner": "side-W1", "live_rows": 58, "owned_hull_vertices": 16, "rows": 166, "seconds": 6825.4}
{"round": 21, "step": 194, "owner": "side-W2", "live_rows": 42, "owned_hull_vertices": 16, "rows": 106, "seconds": 6830.2}
{"round": 21, "step": 195, "owner": "interior-NW", "live_rows": 77, "owned_hull_vertices": 16, "rows": 96, "seconds": 6837.7}
{"round": 21, "step": 196, "owner": "interior-W", "live_rows": 65, "owned_hull_vertices": 16, "rows": 124, "seconds": 6844.5}
{"round": 21, "step": 197, "owner": "interior-SE", "live_rows": 479, "owned_hull_vertices": 16, "rows": 479, "seconds": 6909.7}
{"round": 22, "step": 198, "owner": "corner-SW", "live_rows": 309, "owned_hull_vertices": 16, "rows": 512, "seconds": 6928.3}
{"round": 22, "step": 199, "owner": "side-S0", "live_rows": 58, "owned_hull_vertices": 16, "rows": 283, "seconds": 6941.4}
{"round": 22, "step": 200, "owner": "side-W0", "live_rows": 16, "owned_hull_vertices": 16, "rows": 80, "seconds": 6947.7}
{"round": 22, "step": 201, "owner": "side-S1", "live_rows": 285, "owned_hull_vertices": 16, "rows": 285, "seconds": 7037.7}
{"round": 22, "step": 202, "owner": "side-W1", "live_rows": 52, "owned_hull_vertices": 16, "rows": 166, "seconds": 7045.0}
{"round": 22, "step": 203, "owner": "side-W2", "live_rows": 40, "owned_hull_vertices": 16, "rows": 106, "seconds": 7049.9}
{"round": 22, "step": 204, "owner": "interior-NW", "live_rows": 76, "owned_hull_vertices": 16, "rows": 96, "seconds": 7057.2}
{"round": 22, "step": 205, "owner": "interior-W", "live_rows": 64, "owned_hull_vertices": 16, "rows": 124, "seconds": 7063.6}
{"round": 22, "step": 206, "owner": "interior-SE", "live_rows": 486, "owned_hull_vertices": 16, "rows": 486, "seconds": 7127.1}
{"round": 23, "step": 207, "owner": "corner-SW", "live_rows": 307, "owned_hull_vertices": 16, "rows": 512, "seconds": 7144.2}
{"round": 23, "step": 208, "owner": "side-S0", "live_rows": 57, "owned_hull_vertices": 16, "rows": 283, "seconds": 7156.2}
{"round": 23, "step": 209, "owner": "side-W0", "live_rows": 14, "owned_hull_vertices": 16, "rows": 80, "seconds": 7161.4}
{"round": 23, "step": 210, "owner": "side-S1", "live_rows": 285, "owned_hull_vertices": 16, "rows": 285, "seconds": 7249.3}
