CPP_INTERVAL 2495 1000026844
CPP_INTERVAL 2559 1000026844
CPP_INTERVAL 2623 1000026844
CPP_INTERVAL 2687 1000026844
CPP_INTERVAL 2751 1000026844
CPP_INTERVAL 2815 1000026844
CPP_INTERVAL 2879 1000026844
CPP_INTERVAL 2943 1000026844
CPP_INTERVAL 3007 1000026844
CPP_INTERVAL 3071 1000026844
CPP_INTERVAL 3135 1000026844
CPP_INTERVAL 3199 1000026844
CPP_INTERVAL 3263 1000026844
CPP_INTERVAL 3327 1000026844
CPP_INTERVAL 3391 1000026844
CPP_INTERVAL 3455 1000026844
CPP_INTERVAL 3519 1000026844
CPP_INTERVAL 3583 1000026844
CPP_INTERVAL 3647 1000026844
CPP_INTERVAL 3711 1000026844
CPP_INTERVAL 3775 1000026844
CPP_INTERVAL 3839 1000026844
CPP_INTERVAL 3903 1000026844
CPP_INTERVAL 3967 1000026844
CPP_INTERVAL 4031 1000026844
CPP_INTERVAL 4095 1000026844
CPP_INTERVAL 4159 1000026844
CPP_INTERVAL 4223 1000026844
CPP_INTERVAL 4287 1000026844
CPP_INTERVAL 4351 1000026844
CPP_INTERVAL 4415 1000026844
CPP_INTERVAL 4479 1000026844
CPP_INTERVAL 4543 1000026844
CPP_INTERVAL 4607 1000026844
CPP_INTERVAL 4671 1000026844
CPP_INTERVAL 4735 1000026844
CPP_INTERVAL 4799 1000026844
CPP_INTERVAL 4863 1000026844
CPP_INTERVAL 4927 1000026844
PASS_INTERVAL_PARTITION seconds=1965.42
