EXACT_INTERVAL 0 1000026844 10.018
EXACT_INTERVAL 64 1000026844 180.997
EXACT_INTERVAL 128 1000026844 358.821
EXACT_INTERVAL 192 1000026844 499.713
EXACT_INTERVAL 256 1000026844 622.698
EXACT_INTERVAL 320 1000026844 717.382
EXACT_INTERVAL 384 1000026844 862.739
EXACT_INTERVAL 448 1000026844 987.41
EXACT_INTERVAL 512 1000026844 1118.102
EXACT_INTERVAL 576 1000026844 1246.447
EXACT_INTERVAL 640 1000026844 1360.103
EXACT_INTERVAL 704 1000026844 1522.696
EXACT_INTERVAL 768 1000026844 1660.052
EXACT_INTERVAL 832 1000026844 1766.69
EXACT_INTERVAL 896 1000026844 1889.888
EXACT_INTERVAL 960 1000026844 2021.811
EXACT_INTERVAL 1024 1000026844 2101.049
EXACT_INTERVAL 1088 1000026844 2183.627
EXACT_INTERVAL 1152 1000026844 2294.753
EXACT_INTERVAL 1216 1000026844 2440.21
EXACT_INTERVAL 1280 1000026844 2545.529
EXACT_INTERVAL 1344 1000026844 2626.389
EXACT_INTERVAL 1408 1000026844 2709.794
EXACT_INTERVAL 1472 1000026844 2829.238
EXACT_INTERVAL 1536 1000026844 2961.306
EXACT_INTERVAL 1600 1000026844 3084.686
EXACT_INTERVAL 1664 1000026844 3206.307
EXACT_INTERVAL 1728 1000026844 3331.044
EXACT_INTERVAL 1792 1000026844 3452.362
EXACT_INTERVAL 1856 1000026844 3571.994
EXACT_INTERVAL 1920 1000026844 3690.181
EXACT_INTERVAL 1984 1000026844 3802.414
EXACT_INTERVAL 2048 1000026844 3904.315
EXACT_INTERVAL 2112 1000026844 4006.08
EXACT_INTERVAL 2176 1000026844 4104.676
EXACT_INTERVAL 2240 1000026844 4203.166
EXACT_INTERVAL 2304 1000026844 4282.498
EXACT_INTERVAL 2368 1000026844 4361.385
EXACT_INTERVAL 2432 1000026844 4439.233
{"status":"PASS_INDEPENDENT_INTERVAL_PARTITION","start":0,"end_exclusive":2495,"total_intervals":4991,"minimum_units":"1000026844","budget_units":"17000448944","required_units":"1000026409","certificate_sha256":"cf70f74ddb47071b1d7333d8a43885d2915f43d45f26f6084a106dfdb0c5205f","seconds":4520.446,"verified_utc":"2026-09-29T01:03:48.690Z"}
