EXACT_INTERVAL 2495 1000026844 9.079
EXACT_INTERVAL 2559 1000026844 195.239
EXACT_INTERVAL 2623 1000026844 377.801
EXACT_INTERVAL 2687 1000026844 523.65
EXACT_INTERVAL 2751 1000026844 639.3
EXACT_INTERVAL 2815 1000026844 762.19
EXACT_INTERVAL 2879 1000026844 899.646
EXACT_INTERVAL 2943 1000026844 1033.461
EXACT_INTERVAL 3007 1000026844 1160.537
EXACT_INTERVAL 3071 1000026844 1281.945
EXACT_INTERVAL 3135 1000026844 1443.474
EXACT_INTERVAL 3199 1000026844 1608.673
EXACT_INTERVAL 3263 1000026844 1721.73
EXACT_INTERVAL 3327 1000026844 1855.937
EXACT_INTERVAL 3391 1000026844 1994.117
EXACT_INTERVAL 3455 1000026844 2083.504
EXACT_INTERVAL 3519 1000026844 2166.894
EXACT_INTERVAL 3583 1000026844 2280.677
EXACT_INTERVAL 3647 1000026844 2439.115
EXACT_INTERVAL 3711 1000026844 2547.277
EXACT_INTERVAL 3775 1000026844 2636.147
EXACT_INTERVAL 3839 1000026844 2743.527
EXACT_INTERVAL 3903 1000026844 2900.483
EXACT_INTERVAL 3967 1000026844 3040.785
EXACT_INTERVAL 4031 1000026844 3178.961
EXACT_INTERVAL 4095 1000026844 3325.516
EXACT_INTERVAL 4159 1000026844 3467.34
EXACT_INTERVAL 4223 1000026844 3611.052
EXACT_INTERVAL 4287 1000026844 3736.327
EXACT_INTERVAL 4351 1000026844 3856.018
EXACT_INTERVAL 4415 1000026844 3963.835
EXACT_INTERVAL 4479 1000026844 4068.926
EXACT_INTERVAL 4543 1000026844 4176.802
EXACT_INTERVAL 4607 1000026844 4261.205
EXACT_INTERVAL 4671 1000026844 4340.559
EXACT_INTERVAL 4735 1000026844 4422.189
EXACT_INTERVAL 4799 1000026844 4514.597
EXACT_INTERVAL 4863 1000026844 4559.381
EXACT_INTERVAL 4927 1000026844 4603.6
{"status":"PASS_INDEPENDENT_INTERVAL_PARTITION","start":2495,"end_exclusive":4991,"total_intervals":4991,"minimum_units":"1000026844","budget_units":"17000448944","required_units":"1000026409","certificate_sha256":"cf70f74ddb47071b1d7333d8a43885d2915f43d45f26f6084a106dfdb0c5205f","seconds":4648.11,"verified_utc":"2026-09-29T01:05:56.240Z"}
