{"completed": 10, "total": 201, "elapsed_seconds": 86.10015153884888, "nodes": 990322}
{"completed": 20, "total": 201, "elapsed_seconds": 151.7792842388153, "nodes": 1894676}
{"completed": 30, "total": 201, "elapsed_seconds": 218.7299292087555, "nodes": 2737630}
{"completed": 40, "total": 201, "elapsed_seconds": 309.98901295661926, "nodes": 3543898}
{"completed": 50, "total": 201, "elapsed_seconds": 387.1815028190613, "nodes": 4343404}
{"completed": 60, "total": 201, "elapsed_seconds": 470.02431416511536, "nodes": 5143920}
{"completed": 70, "total": 201, "elapsed_seconds": 582.5109729766846, "nodes": 5951558}
{"completed": 80, "total": 201, "elapsed_seconds": 687.2776138782501, "nodes": 6797776}
{"completed": 90, "total": 201, "elapsed_seconds": 808.6721007823944, "nodes": 7704700}
{"completed": 100, "total": 201, "elapsed_seconds": 962.7093575000763, "nodes": 8660956}
{"completed": 110, "total": 201, "elapsed_seconds": 1107.3175148963928, "nodes": 9655506}
{"completed": 120, "total": 201, "elapsed_seconds": 1264.838020324707, "nodes": 10686318}
{"completed": 130, "total": 201, "elapsed_seconds": 1456.5150141716003, "nodes": 11784484}
{"completed": 140, "total": 201, "elapsed_seconds": 1649.7284245491028, "nodes": 12961164}
{"completed": 150, "total": 201, "elapsed_seconds": 1859.1217064857483, "nodes": 14198420}
{"completed": 160, "total": 201, "elapsed_seconds": 2102.233701944351, "nodes": 15505202}
{"completed": 170, "total": 201, "elapsed_seconds": 2356.1313581466675, "nodes": 16915092}
{"completed": 180, "total": 201, "elapsed_seconds": 2633.1545100212097, "nodes": 18439052}
{"completed": 190, "total": 201, "elapsed_seconds": 2960.4134516716003, "nodes": 20102738}
{"completed": 200, "total": 201, "elapsed_seconds": 3202.256980895996, "nodes": 24358714}
{"completed": 201, "total": 201, "elapsed_seconds": 3221.5356516838074, "nodes": 24539623}
{
  "status": "VERIFIED",
  "angle_cases": 201,
  "target_lower_bound_exact": "10001/10000",
  "nodes": 24539623,
  "leaves": 13603256,
  "minimum_printed_leaf_lower_bound": 1.0001000030730978,
  "wall_seconds": 3221.5362498760223,
  "input_sha256": "6187b0367a39f02492eeea277639d86fbd3b9b9a7fbf54129b57cb4e82903fc5",
  "verifier_source_sha256": "a75140df1b484ad104a214d2e8de87afda9fca5929341ec40121afde0c1af602",
  "method": "Outward-rounded binary64 intervals; certified inscribed polygon area; derivative bounds over center boxes; rational angular net."
}
