{"completed": 10, "total": 201, "elapsed_seconds": 35.62805700302124, "nodes": 389290}
{"completed": 20, "total": 201, "elapsed_seconds": 63.986621141433716, "nodes": 746996}
{"completed": 30, "total": 201, "elapsed_seconds": 94.5938048362732, "nodes": 1093050}
{"completed": 40, "total": 201, "elapsed_seconds": 136.5028874874115, "nodes": 1438292}
{"completed": 50, "total": 201, "elapsed_seconds": 174.918616771698, "nodes": 1796856}
{"completed": 60, "total": 201, "elapsed_seconds": 221.98322129249573, "nodes": 2182498}
{"completed": 70, "total": 201, "elapsed_seconds": 285.4293882846832, "nodes": 2612012}
{"completed": 80, "total": 201, "elapsed_seconds": 353.13461804389954, "nodes": 3103624}
{"completed": 90, "total": 201, "elapsed_seconds": 430.1262562274933, "nodes": 3631988}
{"completed": 100, "total": 201, "elapsed_seconds": 517.7894814014435, "nodes": 4185058}
{"completed": 110, "total": 201, "elapsed_seconds": 599.3045310974121, "nodes": 4763532}
{"completed": 120, "total": 201, "elapsed_seconds": 690.5171248912811, "nodes": 5341226}
{"completed": 130, "total": 201, "elapsed_seconds": 760.2067005634308, "nodes": 7567827}
{"completed": 140, "total": 201, "elapsed_seconds": 832.4149250984192, "nodes": 8160617}
{"completed": 150, "total": 201, "elapsed_seconds": 909.187616109848, "nodes": 8773295}
{"completed": 160, "total": 201, "elapsed_seconds": 984.0198705196381, "nodes": 9418393}
{"completed": 170, "total": 201, "elapsed_seconds": 1075.455260515213, "nodes": 10116013}
{"completed": 180, "total": 201, "elapsed_seconds": 1164.8037140369415, "nodes": 10873905}
{"completed": 190, "total": 201, "elapsed_seconds": 1273.4197449684143, "nodes": 11683597}
{"completed": 200, "total": 201, "elapsed_seconds": 1376.381766319275, "nodes": 12562959}
{"completed": 201, "total": 201, "elapsed_seconds": 1399.709584236145, "nodes": 12652620}
{
  "status": "VERIFIED",
  "angle_cases": 201,
  "target_lower_bound_exact": "10001/10000",
  "nodes": 12652620,
  "leaves": 7179228,
  "minimum_printed_leaf_lower_bound": 1.0001000065287171,
  "wall_seconds": 1399.710384130478,
  "input_sha256": "2284e874051bf3514bd5c48e6f4f1c7549838394634ea9e69aa64e22007d7226",
  "verifier_source_sha256": "a75140df1b484ad104a214d2e8de87afda9fca5929341ec40121afde0c1af602",
  "method": "Outward-rounded binary64 intervals; certified inscribed polygon area; derivative bounds over center boxes; rational angular net."
}
