# command: zmx2 cert certificates/s32/s32_closed_cover_6.txt --full --pair-points --threads 2 --log OUT (binary SHA-256 5ee58adea339..., the same build as s32_zmx2_d4_pairpoints.log)
# cwd: s12/ of the two packets overlaid
# host: 4 cores, shared with other work; started 2026-09-29T09:03:41Z
# zmx2 cert hash=c4c8c3ab717e9aab mode=full atoms=pairpts depth=40 node_cap=20000000 kappa=1.5 K=30 region=x0-59,y0-59,bins0-3
cover: s = 6/1, 13085 points, 0 segments, total 1585675267693/50000000000 = 31.71350535386
roots: 28800 in region, 0 already done (log), 28800 to run, 2 threads
UNCERT 1376 pass 0 box 41087/81920,41088/81920,368594/81920,368595/81920,204/131072,205/131072 | x[0.5015503,0.5015625] y[4.4994385,4.4994507] u[0.00155640,0.00156403] (th 0.1783-0.1792 deg) | float-min 1.011548 at (0.501563,4.499438,u 0.0015640)
UNCERT 1376 pass 0 box 41087/81920,41088/81920,368594/81920,368595/81920,205/131072,206/131072 | x[0.5015503,0.5015625] y[4.4994385,4.4994507] u[0.00156403,0.00157166] (th 0.1792-0.1801 deg) | float-min 1.011548 at (0.501563,4.499438,u 0.0015640)
UNCERT 1376 pass 0 box 41088/81920,41089/81920,368593/81920,368594/81920,206/131072,207/131072 | x[0.5015625,0.5015747] y[4.4994263,4.4994385] u[0.00157166,0.00157928] (th 0.1801-0.1810 deg) | float-min 1.013445 at (0.501573,4.499438,u 0.0015751)
UNCERT 1376 pass 0 box 41089/81920,41090/81920,368593/81920,368594/81920,206/131072,207/131072 | x[0.5015747,0.5015869] y[4.4994263,4.4994385] u[0.00157166,0.00157928] (th 0.1801-0.1810 deg) | float-min 1.013445 at (0.501576,4.499435,u 0.0015784)
UNCERT 1376 pass 0 box 41089/81920,41090/81920,368593/81920,368594/81920,207/131072,208/131072 | x[0.5015747,0.5015869] y[4.4994263,4.4994385] u[0.00157928,0.00158691] (th 0.1810-0.1818 deg) | float-min 1.013445 at (0.501581,4.499432,u 0.0015831)
UNCERT 1376 pass 0 box 41088/81920,41089/81920,368594/81920,368595/81920,204/131072,205/131072 | x[0.5015625,0.5015747] y[4.4994385,4.4994507] u[0.00155640,0.00156403] (th 0.1783-0.1792 deg) | float-min 1.011548 at (0.501563,4.499438,u 0.0015640)
UNCERT 1376 pass 0 box 41088/81920,41089/81920,368594/81920,368595/81920,205/131072,206/131072 | x[0.5015625,0.5015747] y[4.4994385,4.4994507] u[0.00156403,0.00157166] (th 0.1792-0.1801 deg) | float-min 1.011548 at (0.501563,4.499438,u 0.0015640)
UNCERT 1376 pass 0 box 41176/81920,41177/81920,368506/81920,368507/81920,347/131072,348/131072 | x[0.5026367,0.5026489] y[4.4983643,4.4983765] u[0.00264740,0.00265503] (th 0.3034-0.3042 deg) | float-min 1.011784 at (0.502643,4.498364,u 0.0026474)
UNCERT 1376 pass 0 box 41177/81920,41178/81920,368506/81920,368507/81920,347/131072,348/131072 | x[0.5026489,0.5026611] y[4.4983643,4.4983765] u[0.00264740,0.00265503] (th 0.3034-0.3042 deg) | float-min 1.011784 at (0.502649,4.498364,u 0.0026474)
UNCERT 1376 pass 0 box 41176/81920,41177/81920,368505/81920,368506/81920,348/131072,349/131072 | x[0.5026367,0.5026489] y[4.4983521,4.4983643] u[0.00265503,0.00266266] (th 0.3042-0.3051 deg) | float-min 1.011784 at (0.502649,4.498352,u 0.0026550)
UNCERT 1376 pass 0 box 41177/81920,41178/81920,368505/81920,368506/81920,348/131072,349/131072 | x[0.5026489,0.5026611] y[4.4983521,4.4983643] u[0.00265503,0.00266266] (th 0.3042-0.3051 deg) | float-min 1.011784 at (0.502649,4.498352,u 0.0026550)
UNCERT 1376 pass 0 box 41178/81920,41179/81920,368505/81920,368506/81920,348/131072,349/131072 | x[0.5026611,0.5026733] y[4.4983521,4.4983643] u[0.00265503,0.00266266] (th 0.3042-0.3051 deg) | float-min 1.019211 at (0.502661,4.498352,u 0.0026550)
UNCERT 1376 pass 0 box 41178/81920,41179/81920,368504/81920,368505/81920,350/131072,351/131072 | x[0.5026611,0.5026733] y[4.4983398,4.4983521] u[0.00267029,0.00267792] (th 0.3060-0.3069 deg) | float-min 1.011784 at (0.502667,4.498340,u 0.0026703)
UNCERT 1376 pass 0 box 41179/81920,41180/81920,368504/81920,368505/81920,350/131072,351/131072 | x[0.5026733,0.5026855] y[4.4983398,4.4983521] u[0.00267029,0.00267792] (th 0.3060-0.3069 deg) | float-min 1.019211 at (0.502673,4.498340,u 0.0026703)
UNCERT 1376 pass 0 box 41183/81920,41184/81920,368499/81920,368500/81920,358/131072,359/131072 | x[0.5027222,0.5027344] y[4.4982788,4.4982910] u[0.00273132,0.00273895] (th 0.3130-0.3139 deg) | float-min 1.011784 at (0.502728,4.498279,u 0.0027313)
UNCERT 1376 pass 0 box 41181/81920,41182/81920,368501/81920,368502/81920,355/131072,356/131072 | x[0.5026978,0.5027100] y[4.4983032,4.4983154] u[0.00270844,0.00271606] (th 0.3104-0.3112 deg) | float-min 1.011784 at (0.502704,4.498303,u 0.0027084)
UNCERT 1376 pass 0 box 41180/81920,41181/81920,368502/81920,368503/81920,353/131072,354/131072 | x[0.5026855,0.5026978] y[4.4983154,4.4983276] u[0.00269318,0.00270081] (th 0.3086-0.3095 deg) | float-min 1.011784 at (0.502692,4.498315,u 0.0026932)
UNCERT 1376 pass 0 box 41181/81920,41182/81920,368502/81920,368503/81920,353/131072,354/131072 | x[0.5026978,0.5027100] y[4.4983154,4.4983276] u[0.00269318,0.00270081] (th 0.3086-0.3095 deg) | float-min 1.011784 at (0.502698,4.498315,u 0.0026970)
UNCERT 1376 pass 0 box 41182/81920,41183/81920,368501/81920,368502/81920,355/131072,356/131072 | x[0.5027100,0.5027222] y[4.4983032,4.4983154] u[0.00270844,0.00271606] (th 0.3104-0.3112 deg) | float-min 1.011784 at (0.502710,4.498303,u 0.0027084)
UNCERT 1376 pass 0 box 41184/81920,41185/81920,368499/81920,368500/81920,358/131072,359/131072 | x[0.5027344,0.5027466] y[4.4982788,4.4982910] u[0.00273132,0.00273895] (th 0.3130-0.3139 deg) | float-min 1.011784 at (0.502735,4.498279,u 0.0027338)
UNCERT 1376 pass 0 box 41185/81920,41186/81920,368497/81920,368498/81920,361/131072,362/131072 | x[0.5027466,0.5027588] y[4.4982544,4.4982666] u[0.00275421,0.00276184] (th 0.3156-0.3165 deg) | float-min 1.013681 at (0.502759,4.498267,u 0.0027618)
UNCERT 1376 pass 0 box 41186/81920,41187/81920,368497/81920,368498/81920,361/131072,362/131072 | x[0.5027588,0.5027710] y[4.4982544,4.4982666] u[0.00275421,0.00276184] (th 0.3156-0.3165 deg) | float-min 1.013681 at (0.502759,4.498267,u 0.0027618)
UNCERT 1376 pass 0 box 41186/81920,41187/81920,368496/81920,368497/81920,363/131072,364/131072 | x[0.5027588,0.5027710] y[4.4982422,4.4982544] u[0.00276947,0.00277710] (th 0.3174-0.3182 deg) | float-min 1.013681 at (0.502771,4.498254,u 0.0027771)
UNCERT 1376 pass 0 box 41187/81920,41188/81920,368496/81920,368497/81920,363/131072,364/131072 | x[0.5027710,0.5027832] y[4.4982422,4.4982544] u[0.00276947,0.00277710] (th 0.3174-0.3182 deg) | float-min 1.013681 at (0.502771,4.498254,u 0.0027771)
UNCERT 1376 pass 0 box 41147/81920,41148/81920,368534/81920,368535/81920,301/131072,302/131072 | x[0.5022827,0.5022949] y[4.4987061,4.4987183] u[0.00229645,0.00230408] (th 0.2632-0.2640 deg) | float-min 1.011953 at (0.502295,4.498706,u 0.0022964)
UNCERT 1376 pass 0 box 41148/81920,41149/81920,368533/81920,368534/81920,303/131072,304/131072 | x[0.5022949,0.5023071] y[4.4986938,4.4987061] u[0.00231171,0.00231934] (th 0.2649-0.2658 deg) | float-min 1.011953 at (0.502307,4.498694,u 0.0023117)
UNCERT 1376 pass 0 box 41149/81920,41150/81920,368533/81920,368534/81920,303/131072,304/131072 | x[0.5023071,0.5023193] y[4.4986938,4.4987061] u[0.00231171,0.00231934] (th 0.2649-0.2658 deg) | float-min 1.011953 at (0.502307,4.498694,u 0.0023117)
UNCERT 1376 pass 0 box 41148/81920,41149/81920,368534/81920,368535/81920,301/131072,302/131072 | x[0.5022949,0.5023071] y[4.4987061,4.4987183] u[0.00229645,0.00230408] (th 0.2632-0.2640 deg) | float-min 1.011953 at (0.502295,4.498706,u 0.0022964)
UNCERT 1376 pass 0 box 41150/81920,41151/81920,368533/81920,368534/81920,303/131072,304/131072 | x[0.5023193,0.5023315] y[4.4986938,4.4987061] u[0.00231171,0.00231934] (th 0.2649-0.2658 deg) | float-min 1.019380 at (0.502319,4.498694,u 0.0023117)
UNCERT 1376 pass 0 box 41150/81920,41151/81920,368531/81920,368532/81920,306/131072,307/131072 | x[0.5023193,0.5023315] y[4.4986694,4.4986816] u[0.00233459,0.00234222] (th 0.2675-0.2684 deg) | float-min 1.021164 at (0.502332,4.498669,u 0.0023346)
UNCERT 1376 pass 0 box 41151/81920,41152/81920,368531/81920,368532/81920,306/131072,307/131072 | x[0.5023315,0.5023437] y[4.4986694,4.4986816] u[0.00233459,0.00234222] (th 0.2675-0.2684 deg) | float-min 1.013850 at (0.502338,4.498682,u 0.0023422)
UNCERT 1376 pass 0 box 41149/81920,41150/81920,368532/81920,368533/81920,304/131072,305/131072 | x[0.5023071,0.5023193] y[4.4986816,4.4986938] u[0.00231934,0.00232697] (th 0.2658-0.2667 deg) | float-min 1.011953 at (0.502319,4.498688,u 0.0023193)
UNCERT 1376 pass 0 box 41150/81920,41151/81920,368532/81920,368533/81920,305/131072,306/131072 | x[0.5023193,0.5023315] y[4.4986816,4.4986938] u[0.00232697,0.00233459] (th 0.2667-0.2675 deg) | float-min 1.011953 at (0.502325,4.498682,u 0.0023270)
UNCERT 1376 pass 0 box 41151/81920,41152/81920,368532/81920,368533/81920,305/131072,306/131072 | x[0.5023315,0.5023437] y[4.4986816,4.4986938] u[0.00232697,0.00233459] (th 0.2667-0.2675 deg) | float-min 1.013850 at (0.502332,4.498688,u 0.0023346)
UNCERT 1376 pass 0 box 41153/81920,41154/81920,368529/81920,368530/81920,310/131072,311/131072 | x[0.5023560,0.5023682] y[4.4986450,4.4986572] u[0.00236511,0.00237274] (th 0.2710-0.2719 deg) | float-min 1.013850 at (0.502368,4.498657,u 0.0023689)
UNCERT 1376 pass 0 box 41152/81920,41153/81920,368530/81920,368531/81920,308/131072,309/131072 | x[0.5023437,0.5023560] y[4.4986572,4.4986694] u[0.00234985,0.00235748] (th 0.2693-0.2701 deg) | float-min 1.013850 at (0.502350,4.498669,u 0.0023537)
UNCERT 1376 pass 0 box 41153/81920,41154/81920,368530/81920,368531/81920,308/131072,309/131072 | x[0.5023560,0.5023682] y[4.4986572,4.4986694] u[0.00234985,0.00235748] (th 0.2693-0.2701 deg) | float-min 1.013850 at (0.502356,4.498669,u 0.0023575)
UNCERT 1376 pass 0 box 41154/81920,41155/81920,368529/81920,368530/81920,310/131072,311/131072 | x[0.5023682,0.5023804] y[4.4986450,4.4986572] u[0.00236511,0.00237274] (th 0.2710-0.2719 deg) | float-min 1.013850 at (0.502368,4.498657,u 0.0023689)
UNCERT 13020 pass 0 box 450431/81920,450432/81920,122925/81920,122926/81920,204/131072,205/131072 | x[5.4984253,5.4984375] y[1.5005493,1.5005615] u[0.00155640,0.00156403] (th 0.1783-0.1792 deg) | float-min 1.011548 at (5.498437,1.500562,u 0.0015640)
UNCERT 13020 pass 0 box 450431/81920,450432/81920,122925/81920,122926/81920,205/131072,206/131072 | x[5.4984253,5.4984375] y[1.5005493,1.5005615] u[0.00156403,0.00157166] (th 0.1792-0.1801 deg) | float-min 1.011548 at (5.498437,1.500562,u 0.0015640)
UNCERT 13020 pass 0 box 450430/81920,450431/81920,122926/81920,122927/81920,206/131072,207/131072 | x[5.4984131,5.4984253] y[1.5005615,1.5005737] u[0.00157166,0.00157928] (th 0.1801-0.1810 deg) | float-min 1.013445 at (5.498423,1.500565,u 0.0015789)
UNCERT 13020 pass 0 box 450430/81920,450431/81920,122926/81920,122927/81920,207/131072,208/131072 | x[5.4984131,5.4984253] y[1.5005615,1.5005737] u[0.00157928,0.00158691] (th 0.1810-0.1818 deg) | float-min 1.013445 at (5.498419,1.500568,u 0.0015831)
UNCERT 13020 pass 0 box 450431/81920,450432/81920,122926/81920,122927/81920,206/131072,207/131072 | x[5.4984253,5.4984375] y[1.5005615,1.5005737] u[0.00157166,0.00157928] (th 0.1801-0.1810 deg) | float-min 1.013445 at (5.498428,1.500562,u 0.0015741)
UNCERT 13020 pass 0 box 450432/81920,450433/81920,122925/81920,122926/81920,204/131072,205/131072 | x[5.4984375,5.4984497] y[1.5005493,1.5005615] u[0.00155640,0.00156403] (th 0.1783-0.1792 deg) | float-min 1.011548 at (5.498437,1.500562,u 0.0015640)
UNCERT 13020 pass 0 box 450432/81920,450433/81920,122925/81920,122926/81920,205/131072,206/131072 | x[5.4984375,5.4984497] y[1.5005493,1.5005615] u[0.00156403,0.00157166] (th 0.1792-0.1801 deg) | float-min 1.011548 at (5.498437,1.500562,u 0.0015640)
UNCERT 13020 pass 0 box 450365/81920,450366/81920,122990/81920,122991/81920,310/131072,311/131072 | x[5.4976196,5.4976318] y[1.5013428,1.5013550] u[0.00236511,0.00237274] (th 0.2710-0.2719 deg) | float-min 1.013850 at (5.497632,1.501343,u 0.0023689)
UNCERT 13020 pass 0 box 450366/81920,450367/81920,122989/81920,122990/81920,308/131072,309/131072 | x[5.4976318,5.4976440] y[1.5013306,1.5013428] u[0.00234985,0.00235748] (th 0.2693-0.2701 deg) | float-min 1.013850 at (5.497644,1.501331,u 0.0023575)
UNCERT 13020 pass 0 box 450367/81920,450368/81920,122989/81920,122990/81920,308/131072,309/131072 | x[5.4976440,5.4976563] y[1.5013306,1.5013428] u[0.00234985,0.00235748] (th 0.2693-0.2701 deg) | float-min 1.013850 at (5.497644,1.501331,u 0.0023575)
UNCERT 13020 pass 0 box 450366/81920,450367/81920,122990/81920,122991/81920,310/131072,311/131072 | x[5.4976318,5.4976440] y[1.5013428,1.5013550] u[0.00236511,0.00237274] (th 0.2710-0.2719 deg) | float-min 1.013850 at (5.497632,1.501343,u 0.0023689)
UNCERT 13020 pass 0 box 450369/81920,450370/81920,122986/81920,122987/81920,303/131072,304/131072 | x[5.4976685,5.4976807] y[1.5012939,1.5013062] u[0.00231171,0.00231934] (th 0.2649-0.2658 deg) | float-min 1.019380 at (5.497668,1.501306,u 0.0023117)
UNCERT 13020 pass 0 box 450371/81920,450372/81920,122985/81920,122986/81920,301/131072,302/131072 | x[5.4976929,5.4977051] y[1.5012817,1.5012939] u[0.00229645,0.00230408] (th 0.2632-0.2640 deg) | float-min 1.011953 at (5.497705,1.501294,u 0.0022964)
UNCERT 13020 pass 0 box 450370/81920,450371/81920,122986/81920,122987/81920,303/131072,304/131072 | x[5.4976807,5.4976929] y[1.5012939,1.5013062] u[0.00231171,0.00231934] (th 0.2649-0.2658 deg) | float-min 1.011953 at (5.497687,1.501306,u 0.0023155)
UNCERT 13020 pass 0 box 450371/81920,450372/81920,122986/81920,122987/81920,303/131072,304/131072 | x[5.4976929,5.4977051] y[1.5012939,1.5013062] u[0.00231171,0.00231934] (th 0.2649-0.2658 deg) | float-min 1.011953 at (5.497693,1.501306,u 0.0023117)
UNCERT 13020 pass 0 box 450372/81920,450373/81920,122985/81920,122986/81920,301/131072,302/131072 | x[5.4977051,5.4977173] y[1.5012817,1.5012939] u[0.00229645,0.00230408] (th 0.2632-0.2640 deg) | float-min 1.011953 at (5.497705,1.501294,u 0.0022964)
UNCERT 13020 pass 0 box 450368/81920,450369/81920,122987/81920,122988/81920,305/131072,306/131072 | x[5.4976563,5.4976685] y[1.5013062,1.5013184] u[0.00232697,0.00233459] (th 0.2667-0.2675 deg) | float-min 1.013850 at (5.497668,1.501312,u 0.0023346)
UNCERT 13020 pass 0 box 450369/81920,450370/81920,122987/81920,122988/81920,305/131072,306/131072 | x[5.4976685,5.4976807] y[1.5013062,1.5013184] u[0.00232697,0.00233459] (th 0.2667-0.2675 deg) | float-min 1.011953 at (5.497675,1.501318,u 0.0023270)
UNCERT 13020 pass 0 box 450370/81920,450371/81920,122987/81920,122988/81920,304/131072,305/131072 | x[5.4976807,5.4976929] y[1.5013062,1.5013184] u[0.00231934,0.00232697] (th 0.2658-0.2667 deg) | float-min 1.011953 at (5.497681,1.501312,u 0.0023193)
UNCERT 13020 pass 0 box 450368/81920,450369/81920,122988/81920,122989/81920,306/131072,307/131072 | x[5.4976563,5.4976685] y[1.5013184,1.5013306] u[0.00233459,0.00234222] (th 0.2675-0.2684 deg) | float-min 1.013850 at (5.497662,1.501318,u 0.0023422)
UNCERT 13020 pass 0 box 450369/81920,450370/81920,122988/81920,122989/81920,306/131072,307/131072 | x[5.4976685,5.4976807] y[1.5013184,1.5013306] u[0.00233459,0.00234222] (th 0.2675-0.2684 deg) | float-min 1.021164 at (5.497668,1.501331,u 0.0023346)
UNCERT 13020 pass 0 box 450335/81920,450336/81920,123020/81920,123021/81920,358/131072,359/131072 | x[5.4972534,5.4972656] y[1.5017090,1.5017212] u[0.00273132,0.00273895] (th 0.3130-0.3139 deg) | float-min 1.013681 at (5.497260,1.501709,u 0.0027390)
UNCERT 13020 pass 0 box 450333/81920,450334/81920,123022/81920,123023/81920,361/131072,362/131072 | x[5.4972290,5.4972412] y[1.5017334,1.5017456] u[0.00275421,0.00276184] (th 0.3156-0.3165 deg) | float-min 1.013681 at (5.497241,1.501733,u 0.0027618)
UNCERT 13020 pass 0 box 450332/81920,450333/81920,123023/81920,123024/81920,363/131072,364/131072 | x[5.4972168,5.4972290] y[1.5017456,1.5017578] u[0.00276947,0.00277710] (th 0.3174-0.3182 deg) | float-min 1.013681 at (5.497223,1.501746,u 0.0027771)
UNCERT 13020 pass 0 box 450333/81920,450334/81920,123023/81920,123024/81920,363/131072,364/131072 | x[5.4972290,5.4972412] y[1.5017456,1.5017578] u[0.00276947,0.00277710] (th 0.3174-0.3182 deg) | float-min 1.013681 at (5.497229,1.501746,u 0.0027771)
UNCERT 13020 pass 0 box 450334/81920,450335/81920,123022/81920,123023/81920,361/131072,362/131072 | x[5.4972412,5.4972534] y[1.5017334,1.5017456] u[0.00275421,0.00276184] (th 0.3156-0.3165 deg) | float-min 1.013681 at (5.497241,1.501733,u 0.0027618)
UNCERT 13020 pass 0 box 450342/81920,450343/81920,123013/81920,123014/81920,347/131072,348/131072 | x[5.4973389,5.4973511] y[1.5016235,1.5016357] u[0.00264740,0.00265503] (th 0.3034-0.3042 deg) | float-min 1.011784 at (5.497351,1.501636,u 0.0026474)
UNCERT 13020 pass 0 box 450343/81920,450344/81920,123013/81920,123014/81920,347/131072,348/131072 | x[5.4973511,5.4973633] y[1.5016235,1.5016357] u[0.00264740,0.00265503] (th 0.3034-0.3042 deg) | float-min 1.011784 at (5.497351,1.501636,u 0.0026474)
UNCERT 13020 pass 0 box 450341/81920,450342/81920,123014/81920,123015/81920,348/131072,349/131072 | x[5.4973267,5.4973389] y[1.5016357,1.5016479] u[0.00265503,0.00266266] (th 0.3042-0.3051 deg) | float-min 1.019211 at (5.497327,1.501648,u 0.0026550)
UNCERT 13020 pass 0 box 450340/81920,450341/81920,123015/81920,123016/81920,350/131072,351/131072 | x[5.4973145,5.4973267] y[1.5016479,1.5016602] u[0.00267029,0.00267792] (th 0.3060-0.3069 deg) | float-min 1.019211 at (5.497314,1.501660,u 0.0026703)
UNCERT 13020 pass 0 box 450341/81920,450342/81920,123015/81920,123016/81920,350/131072,351/131072 | x[5.4973267,5.4973389] y[1.5016479,1.5016602] u[0.00267029,0.00267792] (th 0.3060-0.3069 deg) | float-min 1.011784 at (5.497333,1.501660,u 0.0026703)
UNCERT 13020 pass 0 box 450342/81920,450343/81920,123014/81920,123015/81920,348/131072,349/131072 | x[5.4973389,5.4973511] y[1.5016357,1.5016479] u[0.00265503,0.00266266] (th 0.3042-0.3051 deg) | float-min 1.011784 at (5.497345,1.501648,u 0.0026550)
UNCERT 13020 pass 0 box 450343/81920,450344/81920,123014/81920,123015/81920,348/131072,349/131072 | x[5.4973511,5.4973633] y[1.5016357,1.5016479] u[0.00265503,0.00266266] (th 0.3042-0.3051 deg) | float-min 1.011784 at (5.497351,1.501648,u 0.0026550)
UNCERT 13020 pass 0 box 450337/81920,450338/81920,123018/81920,123019/81920,355/131072,356/131072 | x[5.4972778,5.4972900] y[1.5016846,1.5016968] u[0.00270844,0.00271606] (th 0.3104-0.3112 deg) | float-min 1.011784 at (5.497290,1.501697,u 0.0027084)
UNCERT 13020 pass 0 box 450338/81920,450339/81920,123017/81920,123018/81920,353/131072,354/131072 | x[5.4972900,5.4973022] y[1.5016724,1.5016846] u[0.00269318,0.00270081] (th 0.3086-0.3095 deg) | float-min 1.011784 at (5.497302,1.501685,u 0.0026970)
UNCERT 13020 pass 0 box 450339/81920,450340/81920,123017/81920,123018/81920,353/131072,354/131072 | x[5.4973022,5.4973145] y[1.5016724,1.5016846] u[0.00269318,0.00270081] (th 0.3086-0.3095 deg) | float-min 1.011784 at (5.497302,1.501685,u 0.0026970)
UNCERT 13020 pass 0 box 450338/81920,450339/81920,123018/81920,123019/81920,355/131072,356/131072 | x[5.4972900,5.4973022] y[1.5016846,1.5016968] u[0.00270844,0.00271606] (th 0.3104-0.3112 deg) | float-min 1.011784 at (5.497290,1.501697,u 0.0027084)
UNCERT 13020 pass 0 box 450336/81920,450337/81920,123020/81920,123021/81920,358/131072,359/131072 | x[5.4972656,5.4972778] y[1.5017090,1.5017212] u[0.00273132,0.00273895] (th 0.3130-0.3139 deg) | float-min 1.011784 at (5.497272,1.501721,u 0.0027313)
UNCERT 15776 pass 1 box 41087/81920,41088/81920,368594/81920,368595/81920,204/131072,205/131072 | x[0.5015503,0.5015625] y[4.4994385,4.4994507] u[0.00155640,0.00156403] (th 0.1783-0.1792 deg) | float-min 1.011548 at (0.501563,4.499438,u 0.0015640)
UNCERT 15776 pass 1 box 41087/81920,41088/81920,368594/81920,368595/81920,205/131072,206/131072 | x[0.5015503,0.5015625] y[4.4994385,4.4994507] u[0.00156403,0.00157166] (th 0.1792-0.1801 deg) | float-min 1.011548 at (0.501563,4.499438,u 0.0015640)
UNCERT 15776 pass 1 box 41088/81920,41089/81920,368593/81920,368594/81920,206/131072,207/131072 | x[0.5015625,0.5015747] y[4.4994263,4.4994385] u[0.00157166,0.00157928] (th 0.1801-0.1810 deg) | float-min 1.013445 at (0.501573,4.499438,u 0.0015751)
UNCERT 15776 pass 1 box 41089/81920,41090/81920,368593/81920,368594/81920,206/131072,207/131072 | x[0.5015747,0.5015869] y[4.4994263,4.4994385] u[0.00157166,0.00157928] (th 0.1801-0.1810 deg) | float-min 1.013445 at (0.501576,4.499435,u 0.0015784)
UNCERT 15776 pass 1 box 41089/81920,41090/81920,368593/81920,368594/81920,207/131072,208/131072 | x[0.5015747,0.5015869] y[4.4994263,4.4994385] u[0.00157928,0.00158691] (th 0.1810-0.1818 deg) | float-min 1.013445 at (0.501581,4.499432,u 0.0015831)
UNCERT 15776 pass 1 box 41088/81920,41089/81920,368594/81920,368595/81920,204/131072,205/131072 | x[0.5015625,0.5015747] y[4.4994385,4.4994507] u[0.00155640,0.00156403] (th 0.1783-0.1792 deg) | float-min 1.011548 at (0.501563,4.499438,u 0.0015640)
UNCERT 15776 pass 1 box 41088/81920,41089/81920,368594/81920,368595/81920,205/131072,206/131072 | x[0.5015625,0.5015747] y[4.4994385,4.4994507] u[0.00156403,0.00157166] (th 0.1792-0.1801 deg) | float-min 1.011548 at (0.501563,4.499438,u 0.0015640)
UNCERT 15776 pass 1 box 41176/81920,41177/81920,368506/81920,368507/81920,347/131072,348/131072 | x[0.5026367,0.5026489] y[4.4983643,4.4983765] u[0.00264740,0.00265503] (th 0.3034-0.3042 deg) | float-min 1.011784 at (0.502643,4.498364,u 0.0026474)
UNCERT 15776 pass 1 box 41177/81920,41178/81920,368506/81920,368507/81920,347/131072,348/131072 | x[0.5026489,0.5026611] y[4.4983643,4.4983765] u[0.00264740,0.00265503] (th 0.3034-0.3042 deg) | float-min 1.011784 at (0.502649,4.498364,u 0.0026474)
UNCERT 15776 pass 1 box 41176/81920,41177/81920,368505/81920,368506/81920,348/131072,349/131072 | x[0.5026367,0.5026489] y[4.4983521,4.4983643] u[0.00265503,0.00266266] (th 0.3042-0.3051 deg) | float-min 1.011784 at (0.502649,4.498352,u 0.0026550)
UNCERT 15776 pass 1 box 41177/81920,41178/81920,368505/81920,368506/81920,348/131072,349/131072 | x[0.5026489,0.5026611] y[4.4983521,4.4983643] u[0.00265503,0.00266266] (th 0.3042-0.3051 deg) | float-min 1.011784 at (0.502649,4.498352,u 0.0026550)
UNCERT 15776 pass 1 box 41178/81920,41179/81920,368505/81920,368506/81920,348/131072,349/131072 | x[0.5026611,0.5026733] y[4.4983521,4.4983643] u[0.00265503,0.00266266] (th 0.3042-0.3051 deg) | float-min 1.019211 at (0.502661,4.498352,u 0.0026550)
UNCERT 15776 pass 1 box 41178/81920,41179/81920,368504/81920,368505/81920,350/131072,351/131072 | x[0.5026611,0.5026733] y[4.4983398,4.4983521] u[0.00267029,0.00267792] (th 0.3060-0.3069 deg) | float-min 1.011784 at (0.502667,4.498340,u 0.0026703)
UNCERT 15776 pass 1 box 41179/81920,41180/81920,368504/81920,368505/81920,350/131072,351/131072 | x[0.5026733,0.5026855] y[4.4983398,4.4983521] u[0.00267029,0.00267792] (th 0.3060-0.3069 deg) | float-min 1.019211 at (0.502673,4.498340,u 0.0026703)
UNCERT 15776 pass 1 box 41183/81920,41184/81920,368499/81920,368500/81920,358/131072,359/131072 | x[0.5027222,0.5027344] y[4.4982788,4.4982910] u[0.00273132,0.00273895] (th 0.3130-0.3139 deg) | float-min 1.011784 at (0.502728,4.498279,u 0.0027313)
UNCERT 15776 pass 1 box 41181/81920,41182/81920,368501/81920,368502/81920,355/131072,356/131072 | x[0.5026978,0.5027100] y[4.4983032,4.4983154] u[0.00270844,0.00271606] (th 0.3104-0.3112 deg) | float-min 1.011784 at (0.502704,4.498303,u 0.0027084)
UNCERT 15776 pass 1 box 41180/81920,41181/81920,368502/81920,368503/81920,353/131072,354/131072 | x[0.5026855,0.5026978] y[4.4983154,4.4983276] u[0.00269318,0.00270081] (th 0.3086-0.3095 deg) | float-min 1.011784 at (0.502692,4.498315,u 0.0026932)
UNCERT 15776 pass 1 box 41181/81920,41182/81920,368502/81920,368503/81920,353/131072,354/131072 | x[0.5026978,0.5027100] y[4.4983154,4.4983276] u[0.00269318,0.00270081] (th 0.3086-0.3095 deg) | float-min 1.011784 at (0.502698,4.498315,u 0.0026970)
UNCERT 15776 pass 1 box 41182/81920,41183/81920,368501/81920,368502/81920,355/131072,356/131072 | x[0.5027100,0.5027222] y[4.4983032,4.4983154] u[0.00270844,0.00271606] (th 0.3104-0.3112 deg) | float-min 1.011784 at (0.502710,4.498303,u 0.0027084)
UNCERT 15776 pass 1 box 41184/81920,41185/81920,368499/81920,368500/81920,358/131072,359/131072 | x[0.5027344,0.5027466] y[4.4982788,4.4982910] u[0.00273132,0.00273895] (th 0.3130-0.3139 deg) | float-min 1.011784 at (0.502735,4.498279,u 0.0027338)
UNCERT 15776 pass 1 box 41185/81920,41186/81920,368497/81920,368498/81920,361/131072,362/131072 | x[0.5027466,0.5027588] y[4.4982544,4.4982666] u[0.00275421,0.00276184] (th 0.3156-0.3165 deg) | float-min 1.013681 at (0.502759,4.498267,u 0.0027618)
UNCERT 15776 pass 1 box 41186/81920,41187/81920,368497/81920,368498/81920,361/131072,362/131072 | x[0.5027588,0.5027710] y[4.4982544,4.4982666] u[0.00275421,0.00276184] (th 0.3156-0.3165 deg) | float-min 1.013681 at (0.502759,4.498267,u 0.0027618)
UNCERT 15776 pass 1 box 41186/81920,41187/81920,368496/81920,368497/81920,363/131072,364/131072 | x[0.5027588,0.5027710] y[4.4982422,4.4982544] u[0.00276947,0.00277710] (th 0.3174-0.3182 deg) | float-min 1.013681 at (0.502771,4.498254,u 0.0027771)
UNCERT 15776 pass 1 box 41187/81920,41188/81920,368496/81920,368497/81920,363/131072,364/131072 | x[0.5027710,0.5027832] y[4.4982422,4.4982544] u[0.00276947,0.00277710] (th 0.3174-0.3182 deg) | float-min 1.013681 at (0.502771,4.498254,u 0.0027771)
UNCERT 15776 pass 1 box 41147/81920,41148/81920,368534/81920,368535/81920,301/131072,302/131072 | x[0.5022827,0.5022949] y[4.4987061,4.4987183] u[0.00229645,0.00230408] (th 0.2632-0.2640 deg) | float-min 1.011953 at (0.502295,4.498706,u 0.0022964)
UNCERT 15776 pass 1 box 41148/81920,41149/81920,368533/81920,368534/81920,303/131072,304/131072 | x[0.5022949,0.5023071] y[4.4986938,4.4987061] u[0.00231171,0.00231934] (th 0.2649-0.2658 deg) | float-min 1.011953 at (0.502307,4.498694,u 0.0023117)
UNCERT 15776 pass 1 box 41149/81920,41150/81920,368533/81920,368534/81920,303/131072,304/131072 | x[0.5023071,0.5023193] y[4.4986938,4.4987061] u[0.00231171,0.00231934] (th 0.2649-0.2658 deg) | float-min 1.011953 at (0.502307,4.498694,u 0.0023117)
UNCERT 15776 pass 1 box 41148/81920,41149/81920,368534/81920,368535/81920,301/131072,302/131072 | x[0.5022949,0.5023071] y[4.4987061,4.4987183] u[0.00229645,0.00230408] (th 0.2632-0.2640 deg) | float-min 1.011953 at (0.502295,4.498706,u 0.0022964)
UNCERT 15776 pass 1 box 41150/81920,41151/81920,368533/81920,368534/81920,303/131072,304/131072 | x[0.5023193,0.5023315] y[4.4986938,4.4987061] u[0.00231171,0.00231934] (th 0.2649-0.2658 deg) | float-min 1.019380 at (0.502319,4.498694,u 0.0023117)
UNCERT 15776 pass 1 box 41150/81920,41151/81920,368531/81920,368532/81920,306/131072,307/131072 | x[0.5023193,0.5023315] y[4.4986694,4.4986816] u[0.00233459,0.00234222] (th 0.2675-0.2684 deg) | float-min 1.021164 at (0.502332,4.498669,u 0.0023346)
UNCERT 15776 pass 1 box 41151/81920,41152/81920,368531/81920,368532/81920,306/131072,307/131072 | x[0.5023315,0.5023437] y[4.4986694,4.4986816] u[0.00233459,0.00234222] (th 0.2675-0.2684 deg) | float-min 1.013850 at (0.502338,4.498682,u 0.0023422)
UNCERT 15776 pass 1 box 41149/81920,41150/81920,368532/81920,368533/81920,304/131072,305/131072 | x[0.5023071,0.5023193] y[4.4986816,4.4986938] u[0.00231934,0.00232697] (th 0.2658-0.2667 deg) | float-min 1.011953 at (0.502319,4.498688,u 0.0023193)
UNCERT 15776 pass 1 box 41150/81920,41151/81920,368532/81920,368533/81920,305/131072,306/131072 | x[0.5023193,0.5023315] y[4.4986816,4.4986938] u[0.00232697,0.00233459] (th 0.2667-0.2675 deg) | float-min 1.011953 at (0.502325,4.498682,u 0.0023270)
UNCERT 15776 pass 1 box 41151/81920,41152/81920,368532/81920,368533/81920,305/131072,306/131072 | x[0.5023315,0.5023437] y[4.4986816,4.4986938] u[0.00232697,0.00233459] (th 0.2667-0.2675 deg) | float-min 1.013850 at (0.502332,4.498688,u 0.0023346)
UNCERT 15776 pass 1 box 41153/81920,41154/81920,368529/81920,368530/81920,310/131072,311/131072 | x[0.5023560,0.5023682] y[4.4986450,4.4986572] u[0.00236511,0.00237274] (th 0.2710-0.2719 deg) | float-min 1.013850 at (0.502368,4.498657,u 0.0023689)
UNCERT 15776 pass 1 box 41152/81920,41153/81920,368530/81920,368531/81920,308/131072,309/131072 | x[0.5023437,0.5023560] y[4.4986572,4.4986694] u[0.00234985,0.00235748] (th 0.2693-0.2701 deg) | float-min 1.013850 at (0.502350,4.498669,u 0.0023537)
UNCERT 15776 pass 1 box 41153/81920,41154/81920,368530/81920,368531/81920,308/131072,309/131072 | x[0.5023560,0.5023682] y[4.4986572,4.4986694] u[0.00234985,0.00235748] (th 0.2693-0.2701 deg) | float-min 1.013850 at (0.502356,4.498669,u 0.0023575)
UNCERT 15776 pass 1 box 41154/81920,41155/81920,368529/81920,368530/81920,310/131072,311/131072 | x[0.5023682,0.5023804] y[4.4986450,4.4986572] u[0.00236511,0.00237274] (th 0.2710-0.2719 deg) | float-min 1.013850 at (0.502368,4.498657,u 0.0023689)
UNCERT 27420 pass 1 box 450431/81920,450432/81920,122925/81920,122926/81920,204/131072,205/131072 | x[5.4984253,5.4984375] y[1.5005493,1.5005615] u[0.00155640,0.00156403] (th 0.1783-0.1792 deg) | float-min 1.011548 at (5.498437,1.500562,u 0.0015640)
UNCERT 27420 pass 1 box 450431/81920,450432/81920,122925/81920,122926/81920,205/131072,206/131072 | x[5.4984253,5.4984375] y[1.5005493,1.5005615] u[0.00156403,0.00157166] (th 0.1792-0.1801 deg) | float-min 1.011548 at (5.498437,1.500562,u 0.0015640)
UNCERT 27420 pass 1 box 450430/81920,450431/81920,122926/81920,122927/81920,206/131072,207/131072 | x[5.4984131,5.4984253] y[1.5005615,1.5005737] u[0.00157166,0.00157928] (th 0.1801-0.1810 deg) | float-min 1.013445 at (5.498423,1.500565,u 0.0015789)
UNCERT 27420 pass 1 box 450430/81920,450431/81920,122926/81920,122927/81920,207/131072,208/131072 | x[5.4984131,5.4984253] y[1.5005615,1.5005737] u[0.00157928,0.00158691] (th 0.1810-0.1818 deg) | float-min 1.013445 at (5.498419,1.500568,u 0.0015831)
UNCERT 27420 pass 1 box 450431/81920,450432/81920,122926/81920,122927/81920,206/131072,207/131072 | x[5.4984253,5.4984375] y[1.5005615,1.5005737] u[0.00157166,0.00157928] (th 0.1801-0.1810 deg) | float-min 1.013445 at (5.498428,1.500562,u 0.0015741)
UNCERT 27420 pass 1 box 450432/81920,450433/81920,122925/81920,122926/81920,204/131072,205/131072 | x[5.4984375,5.4984497] y[1.5005493,1.5005615] u[0.00155640,0.00156403] (th 0.1783-0.1792 deg) | float-min 1.011548 at (5.498437,1.500562,u 0.0015640)
UNCERT 27420 pass 1 box 450432/81920,450433/81920,122925/81920,122926/81920,205/131072,206/131072 | x[5.4984375,5.4984497] y[1.5005493,1.5005615] u[0.00156403,0.00157166] (th 0.1792-0.1801 deg) | float-min 1.011548 at (5.498437,1.500562,u 0.0015640)
UNCERT 27420 pass 1 box 450365/81920,450366/81920,122990/81920,122991/81920,310/131072,311/131072 | x[5.4976196,5.4976318] y[1.5013428,1.5013550] u[0.00236511,0.00237274] (th 0.2710-0.2719 deg) | float-min 1.013850 at (5.497632,1.501343,u 0.0023689)
UNCERT 27420 pass 1 box 450366/81920,450367/81920,122989/81920,122990/81920,308/131072,309/131072 | x[5.4976318,5.4976440] y[1.5013306,1.5013428] u[0.00234985,0.00235748] (th 0.2693-0.2701 deg) | float-min 1.013850 at (5.497644,1.501331,u 0.0023575)
UNCERT 27420 pass 1 box 450367/81920,450368/81920,122989/81920,122990/81920,308/131072,309/131072 | x[5.4976440,5.4976563] y[1.5013306,1.5013428] u[0.00234985,0.00235748] (th 0.2693-0.2701 deg) | float-min 1.013850 at (5.497644,1.501331,u 0.0023575)
UNCERT 27420 pass 1 box 450366/81920,450367/81920,122990/81920,122991/81920,310/131072,311/131072 | x[5.4976318,5.4976440] y[1.5013428,1.5013550] u[0.00236511,0.00237274] (th 0.2710-0.2719 deg) | float-min 1.013850 at (5.497632,1.501343,u 0.0023689)
UNCERT 27420 pass 1 box 450369/81920,450370/81920,122986/81920,122987/81920,303/131072,304/131072 | x[5.4976685,5.4976807] y[1.5012939,1.5013062] u[0.00231171,0.00231934] (th 0.2649-0.2658 deg) | float-min 1.019380 at (5.497668,1.501306,u 0.0023117)
UNCERT 27420 pass 1 box 450371/81920,450372/81920,122985/81920,122986/81920,301/131072,302/131072 | x[5.4976929,5.4977051] y[1.5012817,1.5012939] u[0.00229645,0.00230408] (th 0.2632-0.2640 deg) | float-min 1.011953 at (5.497705,1.501294,u 0.0022964)
UNCERT 27420 pass 1 box 450370/81920,450371/81920,122986/81920,122987/81920,303/131072,304/131072 | x[5.4976807,5.4976929] y[1.5012939,1.5013062] u[0.00231171,0.00231934] (th 0.2649-0.2658 deg) | float-min 1.011953 at (5.497687,1.501306,u 0.0023155)
UNCERT 27420 pass 1 box 450371/81920,450372/81920,122986/81920,122987/81920,303/131072,304/131072 | x[5.4976929,5.4977051] y[1.5012939,1.5013062] u[0.00231171,0.00231934] (th 0.2649-0.2658 deg) | float-min 1.011953 at (5.497693,1.501306,u 0.0023117)
UNCERT 27420 pass 1 box 450372/81920,450373/81920,122985/81920,122986/81920,301/131072,302/131072 | x[5.4977051,5.4977173] y[1.5012817,1.5012939] u[0.00229645,0.00230408] (th 0.2632-0.2640 deg) | float-min 1.011953 at (5.497705,1.501294,u 0.0022964)
UNCERT 27420 pass 1 box 450368/81920,450369/81920,122987/81920,122988/81920,305/131072,306/131072 | x[5.4976563,5.4976685] y[1.5013062,1.5013184] u[0.00232697,0.00233459] (th 0.2667-0.2675 deg) | float-min 1.013850 at (5.497668,1.501312,u 0.0023346)
UNCERT 27420 pass 1 box 450369/81920,450370/81920,122987/81920,122988/81920,305/131072,306/131072 | x[5.4976685,5.4976807] y[1.5013062,1.5013184] u[0.00232697,0.00233459] (th 0.2667-0.2675 deg) | float-min 1.011953 at (5.497675,1.501318,u 0.0023270)
UNCERT 27420 pass 1 box 450370/81920,450371/81920,122987/81920,122988/81920,304/131072,305/131072 | x[5.4976807,5.4976929] y[1.5013062,1.5013184] u[0.00231934,0.00232697] (th 0.2658-0.2667 deg) | float-min 1.011953 at (5.497681,1.501312,u 0.0023193)
UNCERT 27420 pass 1 box 450368/81920,450369/81920,122988/81920,122989/81920,306/131072,307/131072 | x[5.4976563,5.4976685] y[1.5013184,1.5013306] u[0.00233459,0.00234222] (th 0.2675-0.2684 deg) | float-min 1.013850 at (5.497662,1.501318,u 0.0023422)
UNCERT 27420 pass 1 box 450369/81920,450370/81920,122988/81920,122989/81920,306/131072,307/131072 | x[5.4976685,5.4976807] y[1.5013184,1.5013306] u[0.00233459,0.00234222] (th 0.2675-0.2684 deg) | float-min 1.021164 at (5.497668,1.501331,u 0.0023346)
UNCERT 27420 pass 1 box 450335/81920,450336/81920,123020/81920,123021/81920,358/131072,359/131072 | x[5.4972534,5.4972656] y[1.5017090,1.5017212] u[0.00273132,0.00273895] (th 0.3130-0.3139 deg) | float-min 1.013681 at (5.497260,1.501709,u 0.0027390)
UNCERT 27420 pass 1 box 450333/81920,450334/81920,123022/81920,123023/81920,361/131072,362/131072 | x[5.4972290,5.4972412] y[1.5017334,1.5017456] u[0.00275421,0.00276184] (th 0.3156-0.3165 deg) | float-min 1.013681 at (5.497241,1.501733,u 0.0027618)
UNCERT 27420 pass 1 box 450332/81920,450333/81920,123023/81920,123024/81920,363/131072,364/131072 | x[5.4972168,5.4972290] y[1.5017456,1.5017578] u[0.00276947,0.00277710] (th 0.3174-0.3182 deg) | float-min 1.013681 at (5.497223,1.501746,u 0.0027771)
UNCERT 27420 pass 1 box 450333/81920,450334/81920,123023/81920,123024/81920,363/131072,364/131072 | x[5.4972290,5.4972412] y[1.5017456,1.5017578] u[0.00276947,0.00277710] (th 0.3174-0.3182 deg) | float-min 1.013681 at (5.497229,1.501746,u 0.0027771)
UNCERT 27420 pass 1 box 450334/81920,450335/81920,123022/81920,123023/81920,361/131072,362/131072 | x[5.4972412,5.4972534] y[1.5017334,1.5017456] u[0.00275421,0.00276184] (th 0.3156-0.3165 deg) | float-min 1.013681 at (5.497241,1.501733,u 0.0027618)
UNCERT 27420 pass 1 box 450342/81920,450343/81920,123013/81920,123014/81920,347/131072,348/131072 | x[5.4973389,5.4973511] y[1.5016235,1.5016357] u[0.00264740,0.00265503] (th 0.3034-0.3042 deg) | float-min 1.011784 at (5.497351,1.501636,u 0.0026474)
UNCERT 27420 pass 1 box 450343/81920,450344/81920,123013/81920,123014/81920,347/131072,348/131072 | x[5.4973511,5.4973633] y[1.5016235,1.5016357] u[0.00264740,0.00265503] (th 0.3034-0.3042 deg) | float-min 1.011784 at (5.497351,1.501636,u 0.0026474)
UNCERT 27420 pass 1 box 450341/81920,450342/81920,123014/81920,123015/81920,348/131072,349/131072 | x[5.4973267,5.4973389] y[1.5016357,1.5016479] u[0.00265503,0.00266266] (th 0.3042-0.3051 deg) | float-min 1.019211 at (5.497327,1.501648,u 0.0026550)
UNCERT 27420 pass 1 box 450340/81920,450341/81920,123015/81920,123016/81920,350/131072,351/131072 | x[5.4973145,5.4973267] y[1.5016479,1.5016602] u[0.00267029,0.00267792] (th 0.3060-0.3069 deg) | float-min 1.019211 at (5.497314,1.501660,u 0.0026703)
UNCERT 27420 pass 1 box 450341/81920,450342/81920,123015/81920,123016/81920,350/131072,351/131072 | x[5.4973267,5.4973389] y[1.5016479,1.5016602] u[0.00267029,0.00267792] (th 0.3060-0.3069 deg) | float-min 1.011784 at (5.497333,1.501660,u 0.0026703)
UNCERT 27420 pass 1 box 450342/81920,450343/81920,123014/81920,123015/81920,348/131072,349/131072 | x[5.4973389,5.4973511] y[1.5016357,1.5016479] u[0.00265503,0.00266266] (th 0.3042-0.3051 deg) | float-min 1.011784 at (5.497345,1.501648,u 0.0026550)
UNCERT 27420 pass 1 box 450343/81920,450344/81920,123014/81920,123015/81920,348/131072,349/131072 | x[5.4973511,5.4973633] y[1.5016357,1.5016479] u[0.00265503,0.00266266] (th 0.3042-0.3051 deg) | float-min 1.011784 at (5.497351,1.501648,u 0.0026550)
UNCERT 27420 pass 1 box 450337/81920,450338/81920,123018/81920,123019/81920,355/131072,356/131072 | x[5.4972778,5.4972900] y[1.5016846,1.5016968] u[0.00270844,0.00271606] (th 0.3104-0.3112 deg) | float-min 1.011784 at (5.497290,1.501697,u 0.0027084)
UNCERT 27420 pass 1 box 450338/81920,450339/81920,123017/81920,123018/81920,353/131072,354/131072 | x[5.4972900,5.4973022] y[1.5016724,1.5016846] u[0.00269318,0.00270081] (th 0.3086-0.3095 deg) | float-min 1.011784 at (5.497302,1.501685,u 0.0026970)
UNCERT 27420 pass 1 box 450339/81920,450340/81920,123017/81920,123018/81920,353/131072,354/131072 | x[5.4973022,5.4973145] y[1.5016724,1.5016846] u[0.00269318,0.00270081] (th 0.3086-0.3095 deg) | float-min 1.011784 at (5.497302,1.501685,u 0.0026970)
UNCERT 27420 pass 1 box 450338/81920,450339/81920,123018/81920,123019/81920,355/131072,356/131072 | x[5.4972900,5.4973022] y[1.5016846,1.5016968] u[0.00270844,0.00271606] (th 0.3104-0.3112 deg) | float-min 1.011784 at (5.497290,1.501697,u 0.0027084)
UNCERT 27420 pass 1 box 450336/81920,450337/81920,123020/81920,123021/81920,358/131072,359/131072 | x[5.4972656,5.4972778] y[1.5017090,1.5017212] u[0.00273132,0.00273895] (th 0.3130-0.3139 deg) | float-min 1.011784 at (5.497272,1.501721,u 0.0027313)
done in 10476s wall: roots 28800 (missing 0), boxes 11433048, certified 5581452, empty 149320, uncertified 152, max depth 40, cpu 20937s
NOT VERIFIED: 152 uncertified boxes
# finished 2026-09-29T11:58:17Z; exit 0; wall 10476 s by zmx2 (174m36s by the shell); CPU user 16884.8 s + sys 11.3 s
