{"round": 14, "step": 208, "cell": "corner-SW", "rows": 314, "live_rows": 253, "splits": 4, "producer": 99.0, "checker": 64.3, "seconds": 169.4}
{"round": 14, "step": 209, "cell": "corner-SE", "rows": 301, "live_rows": 256, "splits": 0, "producer": 70.5, "checker": 58.6, "seconds": 298.6}
{"round": 14, "step": 210, "cell": "corner-NW", "rows": 306, "live_rows": 256, "splits": 0, "producer": 18.6, "checker": 10.7, "seconds": 328.0}
{"round": 14, "step": 211, "cell": "corner-NE", "rows": 306, "live_rows": 256, "splits": 0, "producer": 17.8, "checker": 10.8, "seconds": 356.6}
{"round": 14, "step": 212, "cell": "side-S0", "rows": 329, "live_rows": 254, "splits": 6, "producer": 177.8, "checker": 144.1, "seconds": 678.6}
{"round": 14, "step": 213, "cell": "side-N0", "rows": 470, "live_rows": 320, "splits": 65, "producer": 216.2, "checker": 251.2, "seconds": 1146.0}
{"round": 14, "step": 214, "cell": "side-W0", "rows": 306, "live_rows": 256, "splits": 0, "producer": 76.1, "checker": 89.8, "seconds": 1312.0}
{"round": 14, "step": 215, "cell": "side-E0", "rows": 306, "live_rows": 256, "splits": 0, "producer": 75.3, "checker": 79.5, "seconds": 1466.8}
{"round": 14, "step": 216, "cell": "side-S1", "rows": 480, "live_rows": 247, "splits": 12, "producer": 183.1, "checker": 191.8, "seconds": 1841.8}
{"round": 14, "step": 217, "cell": "side-N1", "rows": 306, "live_rows": 256, "splits": 0, "producer": 120.2, "checker": 131.7, "seconds": 2093.7}
{"round": 14, "step": 218, "cell": "side-E1", "rows": 306, "live_rows": 256, "splits": 0, "producer": 101.4, "checker": 116.2, "seconds": 2311.3}
{"round": 14, "step": 219, "cell": "side-N2", "rows": 718, "live_rows": 492, "splits": 248, "producer": 196.9, "checker": 186.3, "seconds": 2694.5}
{"round": 14, "step": 220, "cell": "side-W2", "rows": 543, "live_rows": 409, "splits": 164, "producer": 172.6, "checker": 214.3, "seconds": 3081.4}
{"round": 14, "step": 221, "cell": "interior-W", "rows": 376, "live_rows": 255, "splits": 0, "producer": 161.2, "checker": 175.5, "seconds": 3418.0}
{"round": 14, "step": 222, "cell": "interior-N", "rows": 382, "live_rows": 254, "splits": 2, "producer": 181.4, "checker": 185.3, "seconds": 3784.8}
{"round": 14, "step": 223, "cell": "interior-E", "rows": 356, "live_rows": 256, "splits": 0, "producer": 173.4, "checker": 188.5, "seconds": 4146.8}
{"round": 14, "worst": 0.027179, "extent": "1.9531e-03", "min_g_extent": 0.9879113270897151, "row_to_extent": 0.0501, "binding": "side-N2", "fine": false, "flat": true, "volume": "1.2576e-06", "live": 4564, "splits": 501}
{"round": 15, "step": 224, "cell": "corner-SW", "rows": 317, "live_rows": 253, "splits": 3, "producer": 89.8, "checker": 74.0, "seconds": 4324.0}
{"round": 15, "step": 225, "cell": "corner-SE", "rows": 301, "live_rows": 256, "splits": 0, "producer": 92.8, "checker": 243.3, "seconds": 4660.2}
{"round": 15, "step": 226, "cell": "corner-NW", "rows": 306, "live_rows": 256, "splits": 0, "producer": 16.7, "checker": 84.7, "seconds": 4761.7}
{"round": 15, "step": 227, "cell": "corner-NE", "rows": 306, "live_rows": 256, "splits": 0, "producer": 15.4, "checker": 9.7, "seconds": 4786.8}
{"round": 15, "step": 228, "cell": "side-S0", "rows": 331, "live_rows": 255, "splits": 2, "producer": 179.5, "checker": 123.3, "seconds": 5089.6}
{"round": 15, "step": 229, "cell": "side-N0", "rows": 470, "live_rows": 320, "splits": 0, "producer": 209.9, "checker": 232.3, "seconds": 5531.7}
{"round": 15, "step": 230, "cell": "side-W0", "rows": 306, "live_rows": 256, "splits": 0, "producer": 63.9, "checker": 71.7, "seconds": 5667.4}
{"round": 15, "step": 231, "cell": "side-E0", "rows": 306, "live_rows": 256, "splits": 0, "producer": 59.8, "checker": 63.5, "seconds": 5790.8}
{"round": 15, "step": 232, "cell": "side-S1", "rows": 489, "live_rows": 255, "splits": 9, "producer": 169.8, "checker": 165.6, "seconds": 6126.2}
{"round": 15, "step": 233, "cell": "side-N1", "rows": 306, "live_rows": 256, "splits": 0, "producer": 178.4, "checker": 194.5, "seconds": 6499.1}
{"round": 15, "step": 234, "cell": "side-E1", "rows": 306, "live_rows": 256, "splits": 0, "producer": 141.5, "checker": 168.9, "seconds": 6809.5}
{"round": 15, "step": 235, "cell": "side-N2", "rows": 802, "live_rows": 574, "splits": 84, "producer": 246.4, "checker": 227.0, "seconds": 7282.9}
{"round": 15, "step": 236, "cell": "side-W2", "rows": 550, "live_rows": 413, "splits": 7, "producer": 176.8, "checker": 214.7, "seconds": 7674.4}
{"round": 15, "step": 237, "cell": "interior-W", "rows": 377, "live_rows": 253, "splits": 1, "producer": 149.0, "checker": 160.6, "seconds": 7984.0}
{"round": 15, "step": 238, "cell": "interior-N", "rows": 384, "live_rows": 256, "splits": 2, "producer": 140.0, "checker": 115.3, "seconds": 8239.4}
{"round": 15, "step": 239, "cell": "interior-E", "rows": 356, "live_rows": 255, "splits": 0, "producer": 144.3, "checker": 151.9, "seconds": 8535.6}
{"round": 15, "worst": 0.02708, "extent": "1.9531e-03", "min_g_extent": 0.9880089277486606, "row_to_extent": 0.0499, "binding": "side-N2", "fine": true, "flat": true, "volume": "1.2490e-06", "live": 4658, "splits": 108}
{"round": 16, "step": 240, "cell": "corner-SW", "rows": 320, "live_rows": 254, "splits": 3, "producer": 74.0, "checker": 43.9, "seconds": 8665.9}
{"round": 16, "step": 241, "cell": "corner-SE", "rows": 301, "live_rows": 256, "splits": 0, "producer": 61.8, "checker": 51.2, "seconds": 8779.0}
{"round": 16, "step": 242, "cell": "corner-NW", "rows": 306, "live_rows": 256, "splits": 0, "producer": 17.1, "checker": 9.8, "seconds": 8805.9}
{"round": 16, "step": 243, "cell": "corner-NE", "rows": 306, "live_rows": 256, "splits": 0, "producer": 15.9, "checker": 10.4, "seconds": 8832.2}
{"round": 16, "step": 244, "cell": "side-S0", "rows": 332, "live_rows": 255, "splits": 1, "producer": 147.0, "checker": 177.7, "seconds": 9156.9}
{"round": 16, "step": 245, "cell": "side-N0", "rows": 470, "live_rows": 315, "splits": 0, "producer": 286.3, "checker": 396.8, "seconds": 9840.1}
{"round": 16, "step": 246, "cell": "side-W0", "rows": 306, "live_rows": 256, "splits": 0, "producer": 122.1, "checker": 139.9, "seconds": 10102.1}
{"round": 16, "step": 247, "cell": "side-E0", "rows": 306, "live_rows": 256, "splits": 0, "producer": 99.1, "checker": 102.9, "seconds": 10304.2}
{"round": 16, "step": 248, "cell": "side-S1", "rows": 490, "live_rows": 256, "splits": 1, "producer": 211.2, "checker": 193.6, "seconds": 10709.0}
{"round": 16, "step": 249, "cell": "side-N1", "rows": 306, "live_rows": 256, "splits": 0, "producer": 210.2, "checker": 234.0, "seconds": 11153.2}
{"round": 16, "step": 250, "cell": "side-E1", "rows": 306, "live_rows": 255, "splits": 0, "producer": 197.5, "checker": 199.9, "seconds": 11550.7}
{"round": 16, "step": 251, "cell": "side-N2", "rows": 804, "live_rows": 576, "splits": 2, "producer": 248.9, "checker": 223.1, "seconds": 12022.7}
{"round": 16, "step": 252, "cell": "side-W2", "rows": 553, "live_rows": 412, "splits": 3, "producer": 171.6, "checker": 214.6, "seconds": 12408.9}
{"round": 16, "step": 253, "cell": "interior-W", "rows": 380, "live_rows": 256, "splits": 3, "producer": 149.9, "checker": 168.5, "seconds": 12727.3}
{"round": 16, "step": 254, "cell": "interior-N", "rows": 384, "live_rows": 256, "splits": 0, "producer": 142.2, "checker": 116.6, "seconds": 12986.2}
{"round": 16, "step": 255, "cell": "interior-E", "rows": 357, "live_rows": 256, "splits": 1, "producer": 149.2, "checker": 155.5, "seconds": 13290.9}
{"round": 16, "worst": 0.02708, "extent": "1.9531e-03", "min_g_extent": 0.9995708680757045, "row_to_extent": 0.0499, "binding": "side-N2", "fine": true, "flat": true, "volume": "1.2488e-06", "live": 4659, "splits": 14}
{"round": 17, "step": 256, "cell": "corner-SW", "rows": 322, "live_rows": 255, "splits": 2, "producer": 74.3, "checker": 44.6, "seconds": 13424.1}
{"round": 17, "step": 257, "cell": "corner-SE", "rows": 301, "live_rows": 256, "splits": 0, "producer": 49.5, "checker": 39.6, "seconds": 13513.3}
{"round": 17, "step": 258, "cell": "corner-NW", "rows": 306, "live_rows": 256, "splits": 0, "producer": 13.5, "checker": 7.2, "seconds": 13534.1}
{"round": 17, "step": 259, "cell": "corner-NE", "rows": 306, "live_rows": 256, "splits": 0, "producer": 12.2, "checker": 7.2, "seconds": 13553.5}
{"round": 17, "step": 260, "cell": "side-S0", "rows": 333, "live_rows": 256, "splits": 1, "producer": 108.3, "checker": 117.4, "seconds": 13779.3}
{"round": 17, "step": 261, "cell": "side-N0", "rows": 475, "live_rows": 320, "splits": 5, "producer": 201.4, "checker": 228.2, "seconds": 14208.9}
{"round": 17, "step": 262, "cell": "side-W0", "rows": 306, "live_rows": 256, "splits": 0, "producer": 68.2, "checker": 89.4, "seconds": 14366.5}
{"round": 17, "step": 263, "cell": "side-E0", "rows": 306, "live_rows": 256, "splits": 0, "producer": 69.9, "checker": 62.8, "seconds": 14499.2}
{"round": 17, "step": 264, "cell": "side-S1", "rows": 490, "live_rows": 255, "splits": 0, "producer": 154.5, "checker": 173.6, "seconds": 14827.3}
{"round": 17, "step": 265, "cell": "side-N1", "rows": 306, "live_rows": 256, "splits": 0, "producer": 212.7, "checker": 199.7, "seconds": 15239.7}
{"round": 17, "step": 266, "cell": "side-E1", "rows": 307, "live_rows": 256, "splits": 1, "producer": 155.0, "checker": 183.7, "seconds": 15578.4}
{"round": 17, "step": 267, "cell": "side-N2", "rows": 804, "live_rows": 571, "splits": 0, "producer": 246.7, "checker": 234.8, "seconds": 16059.9}
{"round": 17, "step": 268, "cell": "side-W2", "rows": 557, "live_rows": 415, "splits": 4, "producer": 178.2, "checker": 219.2, "seconds": 16457.4}
{"round": 17, "step": 269, "cell": "interior-W", "rows": 380, "live_rows": 256, "splits": 0, "producer": 155.9, "checker": 168.5, "seconds": 16781.8}
{"round": 17, "step": 270, "cell": "interior-N", "rows": 384, "live_rows": 256, "splits": 0, "producer": 135.7, "checker": 117.6, "seconds": 17035.1}
{"round": 17, "step": 271, "cell": "interior-E", "rows": 357, "live_rows": 256, "splits": 0, "producer": 145.9, "checker": 160.0, "seconds": 17341.0}
{"round": 17, "worst": 0.026833, "extent": "1.9531e-03", "min_g_extent": 0.9986013165525958, "row_to_extent": 0.0499, "binding": "side-N2", "fine": true, "flat": true, "volume": "1.2487e-06", "live": 4664, "splits": 13}
