{"completed": 10, "total": 201, "elapsed_seconds": 144.43509817123413, "nodes": 852840}
{"completed": 20, "total": 201, "elapsed_seconds": 296.2331078052521, "nodes": 1687146}
{"completed": 30, "total": 201, "elapsed_seconds": 459.3414132595062, "nodes": 2503394}
{"completed": 40, "total": 201, "elapsed_seconds": 635.5701785087585, "nodes": 3317610}
{"completed": 50, "total": 201, "elapsed_seconds": 825.8334937095642, "nodes": 4144304}
{"completed": 60, "total": 201, "elapsed_seconds": 1040.3413767814636, "nodes": 5005438}
{"completed": 70, "total": 201, "elapsed_seconds": 1283.1889786720276, "nodes": 5921986}
{"completed": 80, "total": 201, "elapsed_seconds": 1560.3496479988098, "nodes": 6913652}
{"completed": 90, "total": 201, "elapsed_seconds": 1871.1883161067963, "nodes": 7973542}
{"completed": 100, "total": 201, "elapsed_seconds": 2207.855881690979, "nodes": 9093088}
{"completed": 110, "total": 201, "elapsed_seconds": 2567.8849914073944, "nodes": 10263936}
{"completed": 120, "total": 201, "elapsed_seconds": 2954.575922012329, "nodes": 11488784}
{"completed": 130, "total": 201, "elapsed_seconds": 3361.536390066147, "nodes": 12757360}
{"completed": 140, "total": 201, "elapsed_seconds": 3793.815669298172, "nodes": 14068198}
{"completed": 150, "total": 201, "elapsed_seconds": 4245.400387763977, "nodes": 15431668}
{"completed": 160, "total": 201, "elapsed_seconds": 4730.470552444458, "nodes": 16862604}
{"completed": 170, "total": 201, "elapsed_seconds": 5251.790347099304, "nodes": 18383362}
{"completed": 180, "total": 201, "elapsed_seconds": 5806.223384141922, "nodes": 20006816}
{"completed": 190, "total": 201, "elapsed_seconds": 6402.756883144379, "nodes": 21744752}
{"completed": 200, "total": 201, "elapsed_seconds": 7037.318020582199, "nodes": 23563682}
{"completed": 201, "total": 201, "elapsed_seconds": 10256.649777173996, "nodes": 28630683}
{
  "status": "VERIFIED",
  "angle_cases": 201,
  "target_lower_bound_exact": "10001/10000",
  "nodes": 28630683,
  "leaves": 16848942,
  "minimum_printed_leaf_lower_bound": 1.0001000032425331,
  "wall_seconds": 10256.650437355042,
  "input_sha256": "7dd70e3ca595a79d101c937dd09a465f9dbdcd62d37e4c4278b2546578b84797",
  "verifier_source_sha256": "a75140df1b484ad104a214d2e8de87afda9fca5929341ec40121afde0c1af602",
  "method": "Outward-rounded binary64 intervals; certified inscribed polygon area; derivative bounds over center boxes; rational angular net."
}
