{"completed": 10, "total": 201, "elapsed_seconds": 58.26090097427368, "nodes": 594442}
{"completed": 20, "total": 201, "elapsed_seconds": 105.8156328201294, "nodes": 1172682}
{"completed": 30, "total": 201, "elapsed_seconds": 157.74602627754211, "nodes": 1732370}
{"completed": 40, "total": 201, "elapsed_seconds": 223.916836977005, "nodes": 2279654}
{"completed": 50, "total": 201, "elapsed_seconds": 282.27559185028076, "nodes": 2824794}
{"completed": 60, "total": 201, "elapsed_seconds": 348.7492341995239, "nodes": 3372112}
{"completed": 70, "total": 201, "elapsed_seconds": 432.1915214061737, "nodes": 3939838}
{"completed": 80, "total": 201, "elapsed_seconds": 513.3021850585938, "nodes": 4544048}
{"completed": 90, "total": 201, "elapsed_seconds": 613.7860586643219, "nodes": 5198618}
{"completed": 100, "total": 201, "elapsed_seconds": 731.3381700515747, "nodes": 5892724}
{"completed": 110, "total": 201, "elapsed_seconds": 844.3505651950836, "nodes": 6614764}
{"completed": 120, "total": 201, "elapsed_seconds": 976.6172351837158, "nodes": 7376944}
{"completed": 130, "total": 201, "elapsed_seconds": 1127.5776269435883, "nodes": 8187040}
{"completed": 140, "total": 201, "elapsed_seconds": 1273.0660951137543, "nodes": 9043356}
{"completed": 150, "total": 201, "elapsed_seconds": 1442.061823129654, "nodes": 9940050}
{"completed": 160, "total": 201, "elapsed_seconds": 1632.2934789657593, "nodes": 10889636}
{"completed": 170, "total": 201, "elapsed_seconds": 1816.1590671539307, "nodes": 11916268}
{"completed": 180, "total": 201, "elapsed_seconds": 2044.484795331955, "nodes": 13042570}
{"completed": 190, "total": 201, "elapsed_seconds": 2308.969592809677, "nodes": 14270180}
{"completed": 200, "total": 201, "elapsed_seconds": 2547.5669474601746, "nodes": 15557426}
{"completed": 201, "total": 201, "elapsed_seconds": 6618.681315660477, "nodes": 21079926}
{
  "status": "VERIFIED",
  "angle_cases": 201,
  "target_lower_bound_exact": "10001/10000",
  "nodes": 21079926,
  "leaves": 13301313,
  "minimum_printed_leaf_lower_bound": 1.0001000099895856,
  "wall_seconds": 6618.682074308395,
  "input_sha256": "99e17e09772f4e751905d11f325540cdfcae6bf7752cf2b46a7437197b3dbde2",
  "verifier_source_sha256": "a75140df1b484ad104a214d2e8de87afda9fca5929341ec40121afde0c1af602",
  "method": "Outward-rounded binary64 intervals; certified inscribed polygon area; derivative bounds over center boxes; rational angular net."
}
