# command: verify2/target/release/zmx2 cert certificates/n77_mixed_cover_9.txt --full --pair-points --threads 4 --log /home/user/squares/transfer/n77-full/n77_zmx2_full_pairpoints_x45-89_y0-89_roots.log --xlo 45 --xhi 89 --ylo 0 --yhi 89
# cwd: s12/ staged by devtools.replay_evand_zmx2: zmx2.rs 6b7f0f79466bf25c9a85f8fe2f3866de734935f0521ea188136818c2fb5b3fed built from retained bytes; cover 47b57cfe38cbfdbcf5320e59caffe712f4ef32df8aad42b0d7f697de6d26cdd7 decompressed from packing/resources/web/wand125-point-and-mixed-2026-10-01/square-packing-bounds/certificates/k2m4_n77_L9/n77_mixed_cover_9.txt.gz; resumes the root log of n77_zmx2_full_pairpoints_x45-89_y0-89.log
# python3: not used by this command
# host: 4 cores; load 3.14 3.84 3.94; started 2026-10-02T11:12:39Z
# zmx2 cert hash=f69807b8322a68fb mode=full atoms=pairpts depth=40 node_cap=20000000 kappa=1.5 K=30 region=x45-89,y0-89,bins0-3
cover: s = 9/1, 28273 points, 6420 segments, total 43347137744028965/562949953421312 = 76.99998460003
roots: 32400 in region, 7393 already done (log), 25007 to run, 4 threads
progress 25/25007 roots, 75s
progress 50/25007 roots, 99s
progress 75/25007 roots, 106s
progress 100/25007 roots, 116s
progress 125/25007 roots, 124s
progress 150/25007 roots, 126s
progress 175/25007 roots, 126s
progress 200/25007 roots, 127s
progress 225/25007 roots, 144s
progress 250/25007 roots, 153s
progress 275/25007 roots, 169s
progress 300/25007 roots, 185s
progress 325/25007 roots, 245s
progress 350/25007 roots, 360s
progress 375/25007 roots, 426s
progress 400/25007 roots, 515s
progress 425/25007 roots, 527s
progress 450/25007 roots, 538s
progress 475/25007 roots, 551s
progress 500/25007 roots, 553s
progress 525/25007 roots, 554s
progress 550/25007 roots, 554s
progress 575/25007 roots, 555s
progress 600/25007 roots, 569s
progress 625/25007 roots, 579s
progress 650/25007 roots, 584s
progress 675/25007 roots, 601s
progress 700/25007 roots, 628s
progress 725/25007 roots, 669s
progress 750/25007 roots, 701s
progress 775/25007 roots, 712s
progress 800/25007 roots, 723s
progress 825/25007 roots, 726s
progress 850/25007 roots, 734s
progress 875/25007 roots, 735s
progress 900/25007 roots, 735s
progress 925/25007 roots, 736s
progress 950/25007 roots, 742s
progress 975/25007 roots, 743s
progress 1000/25007 roots, 751s
progress 1025/25007 roots, 753s
progress 1050/25007 roots, 759s
progress 1075/25007 roots, 768s
progress 1100/25007 roots, 772s
progress 1125/25007 roots, 776s
progress 1150/25007 roots, 778s
progress 1175/25007 roots, 780s
progress 1200/25007 roots, 783s
progress 1225/25007 roots, 784s
progress 1250/25007 roots, 784s
progress 1275/25007 roots, 785s
progress 1300/25007 roots, 785s
progress 1325/25007 roots, 789s
progress 1350/25007 roots, 792s
progress 1375/25007 roots, 793s
progress 1400/25007 roots, 798s
progress 1425/25007 roots, 800s
progress 1450/25007 roots, 803s
progress 1475/25007 roots, 806s
progress 1500/25007 roots, 807s
progress 1525/25007 roots, 809s
progress 1550/25007 roots, 811s
progress 1575/25007 roots, 811s
progress 1600/25007 roots, 811s
progress 1625/25007 roots, 811s
progress 1650/25007 roots, 812s
progress 1675/25007 roots, 813s
progress 1700/25007 roots, 814s
progress 1725/25007 roots, 816s
progress 1750/25007 roots, 817s
progress 1775/25007 roots, 820s
progress 1800/25007 roots, 825s
progress 1825/25007 roots, 827s
progress 1850/25007 roots, 829s
progress 1875/25007 roots, 834s
progress 1900/25007 roots, 834s
progress 1925/25007 roots, 836s
progress 1950/25007 roots, 837s
progress 1975/25007 roots, 837s
progress 2000/25007 roots, 837s
progress 2025/25007 roots, 837s
progress 2050/25007 roots, 838s
progress 2075/25007 roots, 840s
progress 2100/25007 roots, 840s
progress 2125/25007 roots, 844s
progress 2150/25007 roots, 846s
progress 2175/25007 roots, 853s
progress 2200/25007 roots, 859s
progress 2225/25007 roots, 860s
progress 2250/25007 roots, 863s
progress 2275/25007 roots, 864s
progress 2300/25007 roots, 864s
progress 2325/25007 roots, 864s
progress 2350/25007 roots, 864s
progress 2375/25007 roots, 864s
progress 2400/25007 roots, 866s
progress 2425/25007 roots, 868s
progress 2450/25007 roots, 871s
progress 2475/25007 roots, 878s
progress 2500/25007 roots, 880s
progress 2525/25007 roots, 893s
progress 2550/25007 roots, 899s
progress 2575/25007 roots, 901s
progress 2600/25007 roots, 908s
progress 2625/25007 roots, 909s
progress 2650/25007 roots, 910s
progress 2675/25007 roots, 910s
progress 2700/25007 roots, 910s
progress 2725/25007 roots, 911s
progress 2750/25007 roots, 914s
progress 2775/25007 roots, 916s
progress 2800/25007 roots, 922s
progress 2825/25007 roots, 927s
progress 2850/25007 roots, 947s
progress 2875/25007 roots, 975s
progress 2900/25007 roots, 1009s
progress 2925/25007 roots, 1016s
progress 2950/25007 roots, 1021s
progress 2975/25007 roots, 1023s
progress 3000/25007 roots, 1026s
progress 3025/25007 roots, 1026s
progress 3050/25007 roots, 1026s
progress 3075/25007 roots, 1026s
progress 3100/25007 roots, 1029s
progress 3125/25007 roots, 1034s
progress 3150/25007 roots, 1045s
progress 3175/25007 roots, 1061s
progress 3200/25007 roots, 1096s
progress 3225/25007 roots, 1181s
progress 3250/25007 roots, 1274s
progress 3275/25007 roots, 1308s
progress 3300/25007 roots, 1332s
progress 3325/25007 roots, 1343s
progress 3350/25007 roots, 1348s
progress 3375/25007 roots, 1350s
progress 3400/25007 roots, 1352s
progress 3425/25007 roots, 1353s
progress 3450/25007 roots, 1354s
progress 3475/25007 roots, 1369s
progress 3500/25007 roots, 1394s
progress 3525/25007 roots, 1403s
progress 3550/25007 roots, 1415s
progress 3575/25007 roots, 1446s
progress 3600/25007 roots, 1521s
progress 3625/25007 roots, 1558s
progress 3650/25007 roots, 1583s
progress 3675/25007 roots, 1592s
progress 3700/25007 roots, 1604s
progress 3725/25007 roots, 1610s
progress 3750/25007 roots, 1612s
progress 3775/25007 roots, 1612s
progress 3800/25007 roots, 1613s
progress 3825/25007 roots, 1651s
progress 3850/25007 roots, 1653s
progress 3875/25007 roots, 1666s
progress 3900/25007 roots, 1672s
progress 3925/25007 roots, 1694s
progress 3950/25007 roots, 1713s
progress 3975/25007 roots, 1724s
progress 4000/25007 roots, 1747s
progress 4025/25007 roots, 1751s
progress 4050/25007 roots, 1763s
progress 4075/25007 roots, 1775s
progress 4100/25007 roots, 1777s
progress 4125/25007 roots, 1777s
progress 4150/25007 roots, 1777s
progress 4175/25007 roots, 1777s
progress 4200/25007 roots, 1812s
progress 4225/25007 roots, 1829s
progress 4250/25007 roots, 1833s
progress 4275/25007 roots, 1859s
progress 4300/25007 roots, 1862s
progress 4325/25007 roots, 1914s
progress 4350/25007 roots, 1965s
progress 4375/25007 roots, 1971s
progress 4400/25007 roots, 1987s
progress 4425/25007 roots, 1995s
progress 4450/25007 roots, 2042s
progress 4475/25007 roots, 2042s
progress 4500/25007 roots, 2042s
progress 4525/25007 roots, 2043s
progress 4550/25007 roots, 2046s
progress 4575/25007 roots, 2046s
progress 4600/25007 roots, 2050s
progress 4625/25007 roots, 2053s
progress 4650/25007 roots, 2056s
progress 4675/25007 roots, 2061s
progress 4700/25007 roots, 2062s
progress 4725/25007 roots, 2068s
progress 4750/25007 roots, 2072s
progress 4775/25007 roots, 2073s
progress 4800/25007 roots, 2077s
progress 4825/25007 roots, 2077s
progress 4850/25007 roots, 2077s
progress 4875/25007 roots, 2077s
progress 4900/25007 roots, 2077s
progress 4925/25007 roots, 2078s
progress 4950/25007 roots, 2078s
progress 4975/25007 roots, 2078s
progress 5000/25007 roots, 2078s
progress 5025/25007 roots, 2078s
progress 5050/25007 roots, 2078s
progress 5075/25007 roots, 2079s
progress 5100/25007 roots, 2079s
progress 5125/25007 roots, 2079s
progress 5150/25007 roots, 2079s
progress 5175/25007 roots, 2079s
progress 5200/25007 roots, 2079s
progress 5225/25007 roots, 2079s
progress 5250/25007 roots, 2079s
progress 5275/25007 roots, 2079s
progress 5300/25007 roots, 2079s
progress 5325/25007 roots, 2079s
progress 5350/25007 roots, 2079s
progress 5375/25007 roots, 2079s
progress 5400/25007 roots, 2079s
progress 5425/25007 roots, 2080s
progress 5450/25007 roots, 2080s
progress 5475/25007 roots, 2080s
progress 5500/25007 roots, 2080s
progress 5525/25007 roots, 2080s
progress 5550/25007 roots, 2080s
progress 5575/25007 roots, 2080s
progress 5600/25007 roots, 2080s
progress 5625/25007 roots, 2080s
progress 5650/25007 roots, 2080s
progress 5675/25007 roots, 2080s
progress 5700/25007 roots, 2080s
progress 5725/25007 roots, 2080s
progress 5750/25007 roots, 2080s
progress 5775/25007 roots, 2080s
progress 5800/25007 roots, 2080s
progress 5825/25007 roots, 2080s
progress 5850/25007 roots, 2080s
progress 5875/25007 roots, 2080s
progress 5900/25007 roots, 2080s
progress 5925/25007 roots, 2080s
progress 5950/25007 roots, 2080s
progress 5975/25007 roots, 2080s
progress 6000/25007 roots, 2081s
progress 6025/25007 roots, 2081s
progress 6050/25007 roots, 2081s
progress 6075/25007 roots, 2082s
progress 6100/25007 roots, 2084s
progress 6125/25007 roots, 2085s
progress 6150/25007 roots, 2087s
progress 6175/25007 roots, 2088s
progress 6200/25007 roots, 2088s
progress 6225/25007 roots, 2088s
progress 6250/25007 roots, 2088s
progress 6275/25007 roots, 2088s
progress 6300/25007 roots, 2088s
progress 6325/25007 roots, 2088s
progress 6350/25007 roots, 2089s
progress 6375/25007 roots, 2089s
progress 6400/25007 roots, 2090s
progress 6425/25007 roots, 2091s
progress 6450/25007 roots, 2094s
progress 6475/25007 roots, 2096s
progress 6500/25007 roots, 2101s
progress 6525/25007 roots, 2102s
progress 6550/25007 roots, 2102s
progress 6575/25007 roots, 2103s
progress 6600/25007 roots, 2103s
progress 6625/25007 roots, 2103s
progress 6650/25007 roots, 2103s
progress 6675/25007 roots, 2103s
progress 6700/25007 roots, 2103s
progress 6725/25007 roots, 2104s
progress 6750/25007 roots, 2104s
progress 6775/25007 roots, 2105s
progress 6800/25007 roots, 2106s
progress 6825/25007 roots, 2109s
progress 6850/25007 roots, 2113s
progress 6875/25007 roots, 2115s
progress 6900/25007 roots, 2115s
progress 6925/25007 roots, 2116s
progress 6950/25007 roots, 2117s
progress 6975/25007 roots, 2117s
progress 7000/25007 roots, 2117s
progress 7025/25007 roots, 2117s
progress 7050/25007 roots, 2117s
progress 7075/25007 roots, 2118s
progress 7100/25007 roots, 2118s
progress 7125/25007 roots, 2118s
progress 7150/25007 roots, 2118s
progress 7175/25007 roots, 2119s
progress 7200/25007 roots, 2119s
progress 7225/25007 roots, 2120s
progress 7250/25007 roots, 2120s
progress 7275/25007 roots, 2120s
progress 7300/25007 roots, 2120s
progress 7325/25007 roots, 2120s
progress 7350/25007 roots, 2120s
progress 7375/25007 roots, 2120s
progress 7400/25007 roots, 2120s
progress 7425/25007 roots, 2120s
progress 7450/25007 roots, 2120s
progress 7475/25007 roots, 2120s
progress 7500/25007 roots, 2120s
progress 7525/25007 roots, 2120s
progress 7550/25007 roots, 2120s
progress 7575/25007 roots, 2120s
progress 7600/25007 roots, 2120s
progress 7625/25007 roots, 2120s
progress 7650/25007 roots, 2120s
progress 7675/25007 roots, 2120s
progress 7700/25007 roots, 2120s
progress 7725/25007 roots, 2120s
progress 7750/25007 roots, 2120s
progress 7775/25007 roots, 2120s
progress 7800/25007 roots, 2120s
progress 7825/25007 roots, 2120s
progress 7850/25007 roots, 2120s
progress 7875/25007 roots, 2120s
progress 7900/25007 roots, 2120s
progress 7925/25007 roots, 2120s
progress 7950/25007 roots, 2120s
progress 7975/25007 roots, 2120s
progress 8000/25007 roots, 2120s
progress 8025/25007 roots, 2120s
progress 8050/25007 roots, 2120s
progress 8075/25007 roots, 2120s
progress 8100/25007 roots, 2120s
progress 8125/25007 roots, 2120s
progress 8150/25007 roots, 2120s
progress 8175/25007 roots, 2120s
progress 8200/25007 roots, 2120s
progress 8225/25007 roots, 2120s
progress 8250/25007 roots, 2120s
progress 8275/25007 roots, 2120s
progress 8300/25007 roots, 2120s
progress 8325/25007 roots, 2120s
progress 8350/25007 roots, 2120s
progress 8375/25007 roots, 2120s
progress 8400/25007 roots, 2120s
progress 8425/25007 roots, 2120s
progress 8450/25007 roots, 2120s
progress 8475/25007 roots, 2120s
progress 8500/25007 roots, 2120s
progress 8525/25007 roots, 2120s
progress 8550/25007 roots, 2120s
progress 8575/25007 roots, 2120s
progress 8600/25007 roots, 2120s
progress 8625/25007 roots, 2120s
progress 8650/25007 roots, 2120s
progress 8675/25007 roots, 2120s
progress 8700/25007 roots, 2120s
progress 8725/25007 roots, 2120s
progress 8750/25007 roots, 2120s
progress 8775/25007 roots, 2120s
progress 8800/25007 roots, 2120s
progress 8825/25007 roots, 2120s
progress 8850/25007 roots, 2122s
progress 8875/25007 roots, 2158s
progress 8900/25007 roots, 2200s
progress 8925/25007 roots, 2227s
progress 8950/25007 roots, 2293s
progress 8975/25007 roots, 2317s
progress 9000/25007 roots, 2345s
progress 9025/25007 roots, 2361s
progress 9050/25007 roots, 2413s
progress 9075/25007 roots, 2436s
progress 9100/25007 roots, 2450s
progress 9125/25007 roots, 2471s
progress 9150/25007 roots, 2490s
progress 9175/25007 roots, 2490s
progress 9200/25007 roots, 2492s
progress 9225/25007 roots, 2515s
progress 9250/25007 roots, 2549s
progress 9275/25007 roots, 2607s
progress 9300/25007 roots, 2637s
progress 9325/25007 roots, 2698s
progress 9350/25007 roots, 2719s
progress 9375/25007 roots, 2739s
progress 9400/25007 roots, 2797s
progress 9425/25007 roots, 2838s
progress 9450/25007 roots, 2897s
progress 9475/25007 roots, 2956s
progress 9500/25007 roots, 2961s
progress 9525/25007 roots, 2963s
progress 9550/25007 roots, 2964s
progress 9575/25007 roots, 2966s
progress 9600/25007 roots, 3017s
progress 9625/25007 roots, 3103s
progress 9650/25007 roots, 3166s
progress 9675/25007 roots, 3254s
progress 9700/25007 roots, 3280s
progress 9725/25007 roots, 3310s
progress 9750/25007 roots, 3344s
progress 9775/25007 roots, 3410s
progress 9800/25007 roots, 3551s
progress 9825/25007 roots, 3568s
progress 9850/25007 roots, 3599s
progress 9875/25007 roots, 3611s
progress 9900/25007 roots, 3611s
progress 9925/25007 roots, 3615s
progress 9950/25007 roots, 3669s
progress 9975/25007 roots, 3675s
progress 10000/25007 roots, 3738s
progress 10025/25007 roots, 3810s
progress 10050/25007 roots, 3826s
progress 10075/25007 roots, 3844s
progress 10100/25007 roots, 3858s
progress 10125/25007 roots, 3893s
progress 10150/25007 roots, 3967s
progress 10175/25007 roots, 3984s
progress 10200/25007 roots, 4004s
progress 10225/25007 roots, 4011s
progress 10250/25007 roots, 4011s
progress 10275/25007 roots, 4015s
progress 10300/25007 roots, 4017s
progress 10325/25007 roots, 4049s
progress 10350/25007 roots, 4111s
progress 10375/25007 roots, 4142s
progress 10400/25007 roots, 4167s
progress 10425/25007 roots, 4179s
progress 10450/25007 roots, 4192s
progress 10475/25007 roots, 4220s
progress 10500/25007 roots, 4237s
progress 10525/25007 roots, 4295s
progress 10550/25007 roots, 4312s
progress 10575/25007 roots, 4313s
progress 10600/25007 roots, 4319s
progress 10625/25007 roots, 4321s
progress 10650/25007 roots, 4322s
progress 10675/25007 roots, 4351s
progress 10700/25007 roots, 4358s
progress 10725/25007 roots, 4409s
progress 10750/25007 roots, 4421s
progress 10775/25007 roots, 4432s
progress 10800/25007 roots, 4451s
progress 10825/25007 roots, 4464s
progress 10850/25007 roots, 4492s
progress 10875/25007 roots, 4589s
progress 10900/25007 roots, 4601s
progress 10925/25007 roots, 4649s
progress 10950/25007 roots, 4656s
progress 10975/25007 roots, 4656s
progress 11000/25007 roots, 4662s
progress 11025/25007 roots, 4667s
progress 11050/25007 roots, 4682s
progress 11075/25007 roots, 4740s
progress 11100/25007 roots, 4747s
progress 11125/25007 roots, 4772s
progress 11150/25007 roots, 4783s
progress 11175/25007 roots, 4794s
progress 11200/25007 roots, 4819s
progress 11225/25007 roots, 4847s
progress 11250/25007 roots, 4879s
progress 11275/25007 roots, 4928s
progress 11300/25007 roots, 4929s
progress 11325/25007 roots, 4930s
progress 11350/25007 roots, 4931s
progress 11375/25007 roots, 4934s
progress 11400/25007 roots, 4970s
progress 11425/25007 roots, 5033s
progress 11450/25007 roots, 5074s
progress 11475/25007 roots, 5134s
progress 11500/25007 roots, 5153s
progress 11525/25007 roots, 5174s
progress 11550/25007 roots, 5187s
progress 11575/25007 roots, 5238s
progress 11600/25007 roots, 5306s
progress 11625/25007 roots, 5334s
progress 11650/25007 roots, 5366s
progress 11675/25007 roots, 5374s
progress 11700/25007 roots, 5374s
progress 11725/25007 roots, 5383s
progress 11750/25007 roots, 5418s
progress 11775/25007 roots, 5433s
progress 11800/25007 roots, 5507s
progress 11825/25007 roots, 5574s
progress 11850/25007 roots, 5612s
progress 11875/25007 roots, 5643s
progress 11900/25007 roots, 5670s
progress 11925/25007 roots, 5708s
progress 11950/25007 roots, 5754s
progress 11975/25007 roots, 5775s
progress 12000/25007 roots, 5799s
progress 12025/25007 roots, 5803s
progress 12050/25007 roots, 5803s
progress 12075/25007 roots, 5806s
progress 12100/25007 roots, 5835s
progress 12125/25007 roots, 5861s
progress 12150/25007 roots, 5880s
progress 12175/25007 roots, 5917s
progress 12200/25007 roots, 5950s
progress 12225/25007 roots, 6011s
progress 12250/25007 roots, 6045s
progress 12275/25007 roots, 6075s
progress 12300/25007 roots, 6114s
progress 12325/25007 roots, 6127s
progress 12350/25007 roots, 6141s
progress 12375/25007 roots, 6160s
progress 12400/25007 roots, 6166s
progress 12425/25007 roots, 6166s
progress 12450/25007 roots, 6168s
progress 12475/25007 roots, 6201s
progress 12500/25007 roots, 6219s
progress 12525/25007 roots, 6237s
progress 12550/25007 roots, 6283s
progress 12575/25007 roots, 6370s
progress 12600/25007 roots, 6453s
progress 12625/25007 roots, 6476s
progress 12650/25007 roots, 6503s
progress 12675/25007 roots, 6509s
progress 12700/25007 roots, 6518s
progress 12725/25007 roots, 6534s
progress 12750/25007 roots, 6539s
progress 12775/25007 roots, 6539s
progress 12800/25007 roots, 6539s
progress 12825/25007 roots, 6567s
progress 12850/25007 roots, 6593s
# stopped at the time limit of 6600 s
# finished 2026-10-02T13:02:39Z; exit 3; wall 6600.005 s; CPU 25946.3 s (user 25941.021 + sys 5.290); load 4.00 4.00 4.00
