# command: verify2/target/release/zmx2 cert certificates/n77_mixed_cover_9.txt --full --pair-points --threads 4 --log /home/user/squares/transfer/n77-full/n77_zmx2_full_pairpoints_x0-44_y0-89_roots.log --xlo 0 --xhi 44 --ylo 0 --yhi 89
# cwd: s12/ staged by devtools.replay_evand_zmx2: zmx2.rs 6b7f0f79466bf25c9a85f8fe2f3866de734935f0521ea188136818c2fb5b3fed built from retained bytes; cover 47b57cfe38cbfdbcf5320e59caffe712f4ef32df8aad42b0d7f697de6d26cdd7 decompressed from packing/resources/web/wand125-point-and-mixed-2026-10-01/square-packing-bounds/certificates/k2m4_n77_L9/n77_mixed_cover_9.txt.gz
# python3: not used by this command
# host: 4 cores; load 0.60 0.21 0.07; started 2026-10-02T04:35:01Z
# zmx2 cert hash=f69807b8322a68fb mode=full atoms=pairpts depth=40 node_cap=20000000 kappa=1.5 K=30 region=x0-44,y0-89,bins0-3
cover: s = 9/1, 28273 points, 6420 segments, total 43347137744028965/562949953421312 = 76.99998460003
roots: 32400 in region, 0 already done (log), 32400 to run, 4 threads
progress 25/32400 roots, 0s
progress 50/32400 roots, 0s
progress 75/32400 roots, 0s
progress 100/32400 roots, 0s
progress 125/32400 roots, 0s
progress 150/32400 roots, 0s
progress 175/32400 roots, 0s
progress 200/32400 roots, 0s
progress 225/32400 roots, 0s
progress 250/32400 roots, 0s
progress 275/32400 roots, 0s
progress 300/32400 roots, 0s
progress 325/32400 roots, 0s
progress 350/32400 roots, 0s
progress 375/32400 roots, 0s
progress 400/32400 roots, 0s
progress 425/32400 roots, 0s
progress 450/32400 roots, 0s
progress 475/32400 roots, 0s
progress 500/32400 roots, 0s
progress 525/32400 roots, 0s
progress 550/32400 roots, 0s
progress 575/32400 roots, 0s
progress 600/32400 roots, 0s
progress 625/32400 roots, 0s
progress 650/32400 roots, 0s
progress 675/32400 roots, 0s
progress 700/32400 roots, 0s
progress 725/32400 roots, 0s
progress 750/32400 roots, 0s
progress 775/32400 roots, 0s
progress 800/32400 roots, 0s
progress 825/32400 roots, 0s
progress 850/32400 roots, 0s
progress 875/32400 roots, 0s
progress 900/32400 roots, 0s
progress 925/32400 roots, 0s
progress 950/32400 roots, 0s
progress 975/32400 roots, 0s
progress 1000/32400 roots, 0s
progress 1025/32400 roots, 0s
progress 1050/32400 roots, 0s
progress 1075/32400 roots, 0s
progress 1100/32400 roots, 0s
progress 1125/32400 roots, 0s
progress 1150/32400 roots, 0s
progress 1175/32400 roots, 0s
progress 1200/32400 roots, 0s
progress 1225/32400 roots, 0s
progress 1250/32400 roots, 0s
progress 1275/32400 roots, 0s
progress 1300/32400 roots, 0s
progress 1325/32400 roots, 0s
progress 1350/32400 roots, 0s
progress 1375/32400 roots, 0s
progress 1400/32400 roots, 0s
progress 1425/32400 roots, 0s
progress 1450/32400 roots, 0s
progress 1475/32400 roots, 0s
progress 1500/32400 roots, 0s
progress 1525/32400 roots, 0s
progress 1550/32400 roots, 0s
progress 1575/32400 roots, 0s
progress 1600/32400 roots, 1s
progress 1625/32400 roots, 1s
progress 1650/32400 roots, 1s
progress 1675/32400 roots, 1s
progress 1700/32400 roots, 1s
progress 1725/32400 roots, 1s
progress 1750/32400 roots, 1s
progress 1775/32400 roots, 1s
progress 1800/32400 roots, 1s
progress 1825/32400 roots, 1s
progress 1850/32400 roots, 1s
progress 1875/32400 roots, 2s
progress 1900/32400 roots, 2s
progress 1925/32400 roots, 2s
progress 1950/32400 roots, 4s
progress 1975/32400 roots, 6s
progress 2000/32400 roots, 9s
progress 2025/32400 roots, 10s
progress 2050/32400 roots, 11s
progress 2075/32400 roots, 11s
progress 2100/32400 roots, 11s
progress 2125/32400 roots, 11s
progress 2150/32400 roots, 12s
progress 2175/32400 roots, 12s
progress 2200/32400 roots, 12s
progress 2225/32400 roots, 12s
progress 2250/32400 roots, 12s
progress 2275/32400 roots, 13s
progress 2300/32400 roots, 13s
progress 2325/32400 roots, 17s
progress 2350/32400 roots, 18s
progress 2375/32400 roots, 21s
progress 2400/32400 roots, 21s
progress 2425/32400 roots, 22s
progress 2450/32400 roots, 22s
progress 2475/32400 roots, 22s
progress 2500/32400 roots, 22s
progress 2525/32400 roots, 22s
progress 2550/32400 roots, 22s
progress 2575/32400 roots, 22s
progress 2600/32400 roots, 23s
progress 2625/32400 roots, 23s
progress 2650/32400 roots, 23s
progress 2675/32400 roots, 24s
progress 2700/32400 roots, 25s
progress 2725/32400 roots, 26s
progress 2750/32400 roots, 27s
progress 2775/32400 roots, 27s
progress 2800/32400 roots, 27s
progress 2825/32400 roots, 27s
progress 2850/32400 roots, 27s
progress 2875/32400 roots, 27s
progress 2900/32400 roots, 28s
progress 2925/32400 roots, 28s
progress 2950/32400 roots, 28s
progress 2975/32400 roots, 28s
progress 3000/32400 roots, 28s
progress 3025/32400 roots, 28s
progress 3050/32400 roots, 28s
progress 3075/32400 roots, 28s
progress 3100/32400 roots, 28s
progress 3125/32400 roots, 28s
progress 3150/32400 roots, 28s
progress 3175/32400 roots, 28s
progress 3200/32400 roots, 28s
progress 3225/32400 roots, 28s
progress 3250/32400 roots, 28s
progress 3275/32400 roots, 28s
progress 3300/32400 roots, 28s
progress 3325/32400 roots, 28s
progress 3350/32400 roots, 28s
progress 3375/32400 roots, 28s
progress 3400/32400 roots, 28s
progress 3425/32400 roots, 28s
progress 3450/32400 roots, 28s
progress 3475/32400 roots, 28s
progress 3500/32400 roots, 28s
progress 3525/32400 roots, 28s
progress 3550/32400 roots, 28s
progress 3575/32400 roots, 28s
progress 3600/32400 roots, 28s
progress 3625/32400 roots, 28s
progress 3650/32400 roots, 28s
progress 3675/32400 roots, 28s
progress 3700/32400 roots, 28s
progress 3725/32400 roots, 28s
progress 3750/32400 roots, 29s
progress 3775/32400 roots, 29s
progress 3800/32400 roots, 29s
progress 3825/32400 roots, 29s
progress 3850/32400 roots, 29s
progress 3875/32400 roots, 29s
progress 3900/32400 roots, 29s
progress 3925/32400 roots, 29s
progress 3950/32400 roots, 29s
progress 3975/32400 roots, 29s
progress 4000/32400 roots, 29s
progress 4025/32400 roots, 30s
progress 4050/32400 roots, 30s
progress 4075/32400 roots, 31s
progress 4100/32400 roots, 32s
progress 4125/32400 roots, 35s
progress 4150/32400 roots, 39s
progress 4175/32400 roots, 39s
progress 4200/32400 roots, 42s
progress 4225/32400 roots, 47s
progress 4250/32400 roots, 47s
progress 4275/32400 roots, 49s
progress 4300/32400 roots, 49s
progress 4325/32400 roots, 49s
progress 4350/32400 roots, 49s
progress 4375/32400 roots, 49s
progress 4400/32400 roots, 55s
progress 4425/32400 roots, 98s
progress 4450/32400 roots, 98s
progress 4475/32400 roots, 127s
progress 4500/32400 roots, 142s
progress 4525/32400 roots, 169s
progress 4550/32400 roots, 215s
progress 4575/32400 roots, 217s
progress 4600/32400 roots, 256s
progress 4625/32400 roots, 305s
progress 4650/32400 roots, 305s
progress 4675/32400 roots, 305s
progress 4700/32400 roots, 305s
progress 4725/32400 roots, 306s
progress 4750/32400 roots, 331s
progress 4775/32400 roots, 342s
progress 4800/32400 roots, 349s
progress 4825/32400 roots, 367s
progress 4850/32400 roots, 377s
progress 4875/32400 roots, 393s
progress 4900/32400 roots, 409s
progress 4925/32400 roots, 420s
progress 4950/32400 roots, 435s
progress 4975/32400 roots, 437s
progress 5000/32400 roots, 442s
progress 5025/32400 roots, 443s
progress 5050/32400 roots, 443s
progress 5075/32400 roots, 445s
progress 5100/32400 roots, 473s
progress 5125/32400 roots, 486s
progress 5150/32400 roots, 499s
progress 5175/32400 roots, 510s
progress 5200/32400 roots, 525s
progress 5225/32400 roots, 581s
progress 5250/32400 roots, 637s
progress 5275/32400 roots, 672s
progress 5300/32400 roots, 679s
progress 5325/32400 roots, 684s
progress 5350/32400 roots, 697s
progress 5375/32400 roots, 702s
progress 5400/32400 roots, 702s
progress 5425/32400 roots, 705s
progress 5450/32400 roots, 709s
progress 5475/32400 roots, 721s
progress 5500/32400 roots, 740s
progress 5525/32400 roots, 751s
progress 5550/32400 roots, 783s
progress 5575/32400 roots, 868s
progress 5600/32400 roots, 933s
progress 5625/32400 roots, 975s
progress 5650/32400 roots, 994s
progress 5675/32400 roots, 1000s
progress 5700/32400 roots, 1005s
progress 5725/32400 roots, 1008s
progress 5750/32400 roots, 1009s
progress 5775/32400 roots, 1009s
progress 5800/32400 roots, 1009s
progress 5825/32400 roots, 1012s
progress 5850/32400 roots, 1015s
progress 5875/32400 roots, 1021s
progress 5900/32400 roots, 1028s
progress 5925/32400 roots, 1062s
progress 5950/32400 roots, 1089s
progress 5975/32400 roots, 1110s
progress 6000/32400 roots, 1118s
progress 6025/32400 roots, 1123s
progress 6050/32400 roots, 1126s
progress 6075/32400 roots, 1128s
progress 6100/32400 roots, 1129s
progress 6125/32400 roots, 1129s
progress 6150/32400 roots, 1129s
progress 6175/32400 roots, 1129s
progress 6200/32400 roots, 1131s
progress 6225/32400 roots, 1134s
progress 6250/32400 roots, 1136s
progress 6275/32400 roots, 1143s
progress 6300/32400 roots, 1152s
progress 6325/32400 roots, 1157s
progress 6350/32400 roots, 1165s
progress 6375/32400 roots, 1168s
progress 6400/32400 roots, 1171s
progress 6425/32400 roots, 1174s
progress 6450/32400 roots, 1174s
progress 6475/32400 roots, 1174s
progress 6500/32400 roots, 1174s
progress 6525/32400 roots, 1174s
progress 6550/32400 roots, 1175s
progress 6575/32400 roots, 1177s
progress 6600/32400 roots, 1178s
progress 6625/32400 roots, 1181s
progress 6650/32400 roots, 1182s
progress 6675/32400 roots, 1190s
progress 6700/32400 roots, 1194s
progress 6725/32400 roots, 1195s
progress 6750/32400 roots, 1198s
progress 6775/32400 roots, 1199s
progress 6800/32400 roots, 1199s
progress 6825/32400 roots, 1200s
progress 6850/32400 roots, 1200s
progress 6875/32400 roots, 1200s
progress 6900/32400 roots, 1200s
progress 6925/32400 roots, 1201s
progress 6950/32400 roots, 1204s
progress 6975/32400 roots, 1205s
progress 7000/32400 roots, 1206s
progress 7025/32400 roots, 1210s
progress 7050/32400 roots, 1211s
progress 7075/32400 roots, 1214s
progress 7100/32400 roots, 1217s
progress 7125/32400 roots, 1218s
progress 7150/32400 roots, 1221s
progress 7175/32400 roots, 1221s
progress 7200/32400 roots, 1221s
progress 7225/32400 roots, 1222s
progress 7250/32400 roots, 1222s
progress 7275/32400 roots, 1224s
progress 7300/32400 roots, 1225s
progress 7325/32400 roots, 1226s
progress 7350/32400 roots, 1229s
progress 7375/32400 roots, 1230s
progress 7400/32400 roots, 1233s
progress 7425/32400 roots, 1237s
progress 7450/32400 roots, 1237s
progress 7475/32400 roots, 1240s
progress 7500/32400 roots, 1241s
progress 7525/32400 roots, 1241s
progress 7550/32400 roots, 1242s
progress 7575/32400 roots, 1242s
progress 7600/32400 roots, 1243s
progress 7625/32400 roots, 1246s
progress 7650/32400 roots, 1247s
progress 7675/32400 roots, 1253s
progress 7700/32400 roots, 1256s
progress 7725/32400 roots, 1259s
progress 7750/32400 roots, 1268s
progress 7775/32400 roots, 1271s
progress 7800/32400 roots, 1276s
progress 7825/32400 roots, 1279s
progress 7850/32400 roots, 1281s
progress 7875/32400 roots, 1285s
progress 7900/32400 roots, 1286s
progress 7925/32400 roots, 1286s
progress 7950/32400 roots, 1287s
progress 7975/32400 roots, 1288s
progress 8000/32400 roots, 1298s
progress 8025/32400 roots, 1310s
progress 8050/32400 roots, 1313s
progress 8075/32400 roots, 1331s
progress 8100/32400 roots, 1365s
progress 8125/32400 roots, 1399s
progress 8150/32400 roots, 1422s
progress 8175/32400 roots, 1426s
progress 8200/32400 roots, 1433s
progress 8225/32400 roots, 1443s
progress 8250/32400 roots, 1443s
progress 8275/32400 roots, 1444s
progress 8300/32400 roots, 1444s
progress 8325/32400 roots, 1445s
progress 8350/32400 roots, 1462s
progress 8375/32400 roots, 1469s
progress 8400/32400 roots, 1484s
progress 8425/32400 roots, 1505s
progress 8450/32400 roots, 1579s
progress 8475/32400 roots, 1681s
progress 8500/32400 roots, 1742s
progress 8525/32400 roots, 1768s
progress 8550/32400 roots, 1784s
progress 8575/32400 roots, 1795s
progress 8600/32400 roots, 1810s
progress 8625/32400 roots, 1811s
progress 8650/32400 roots, 1811s
progress 8675/32400 roots, 1814s
progress 8700/32400 roots, 1824s
progress 8725/32400 roots, 1835s
progress 8750/32400 roots, 1843s
progress 8775/32400 roots, 1857s
progress 8800/32400 roots, 1891s
progress 8825/32400 roots, 1959s
progress 8850/32400 roots, 2086s
progress 8875/32400 roots, 2108s
progress 8900/32400 roots, 2127s
progress 8925/32400 roots, 2136s
progress 8950/32400 roots, 2142s
progress 8975/32400 roots, 2146s
progress 9000/32400 roots, 2146s
progress 9025/32400 roots, 2149s
progress 9050/32400 roots, 2153s
progress 9075/32400 roots, 2161s
progress 9100/32400 roots, 2168s
progress 9125/32400 roots, 2179s
progress 9150/32400 roots, 2211s
progress 9175/32400 roots, 2316s
progress 9200/32400 roots, 2431s
progress 9225/32400 roots, 2478s
progress 9250/32400 roots, 2492s
progress 9275/32400 roots, 2499s
progress 9300/32400 roots, 2503s
progress 9325/32400 roots, 2507s
progress 9350/32400 roots, 2509s
progress 9375/32400 roots, 2509s
progress 9400/32400 roots, 2510s
progress 9425/32400 roots, 2514s
progress 9450/32400 roots, 2519s
progress 9475/32400 roots, 2524s
progress 9500/32400 roots, 2532s
progress 9525/32400 roots, 2589s
progress 9550/32400 roots, 2648s
progress 9575/32400 roots, 2707s
progress 9600/32400 roots, 2716s
progress 9625/32400 roots, 2721s
progress 9650/32400 roots, 2725s
progress 9675/32400 roots, 2729s
progress 9700/32400 roots, 2730s
progress 9725/32400 roots, 2730s
progress 9750/32400 roots, 2731s
progress 9775/32400 roots, 2731s
progress 9800/32400 roots, 2734s
progress 9825/32400 roots, 2738s
progress 9850/32400 roots, 2741s
progress 9875/32400 roots, 2759s
progress 9900/32400 roots, 2789s
progress 9925/32400 roots, 2804s
progress 9950/32400 roots, 2828s
progress 9975/32400 roots, 2834s
progress 10000/32400 roots, 2840s
progress 10025/32400 roots, 2843s
progress 10050/32400 roots, 2844s
progress 10075/32400 roots, 2844s
progress 10100/32400 roots, 2844s
progress 10125/32400 roots, 2845s
progress 10150/32400 roots, 2849s
progress 10175/32400 roots, 2854s
progress 10200/32400 roots, 2858s
progress 10225/32400 roots, 2866s
progress 10250/32400 roots, 2872s
progress 10275/32400 roots, 2883s
progress 10300/32400 roots, 2892s
progress 10325/32400 roots, 2895s
progress 10350/32400 roots, 2900s
progress 10375/32400 roots, 2901s
progress 10400/32400 roots, 2902s
progress 10425/32400 roots, 2903s
progress 10450/32400 roots, 2903s
progress 10475/32400 roots, 2904s
progress 10500/32400 roots, 2905s
progress 10525/32400 roots, 2907s
progress 10550/32400 roots, 2920s
progress 10575/32400 roots, 2923s
progress 10600/32400 roots, 2939s
progress 10625/32400 roots, 2953s
progress 10650/32400 roots, 2957s
progress 10675/32400 roots, 2968s
progress 10700/32400 roots, 2976s
progress 10725/32400 roots, 2978s
progress 10750/32400 roots, 2982s
progress 10775/32400 roots, 2982s
progress 10800/32400 roots, 2982s
progress 10825/32400 roots, 2982s
progress 10850/32400 roots, 2983s
progress 10875/32400 roots, 2986s
progress 10900/32400 roots, 2993s
progress 10925/32400 roots, 2998s
progress 10950/32400 roots, 3027s
progress 10975/32400 roots, 3035s
progress 11000/32400 roots, 3079s
progress 11025/32400 roots, 3102s
progress 11050/32400 roots, 3104s
progress 11075/32400 roots, 3115s
progress 11100/32400 roots, 3121s
progress 11125/32400 roots, 3121s
progress 11150/32400 roots, 3122s
progress 11175/32400 roots, 3122s
progress 11200/32400 roots, 3123s
progress 11225/32400 roots, 3129s
progress 11250/32400 roots, 3131s
progress 11275/32400 roots, 3147s
progress 11300/32400 roots, 3158s
progress 11325/32400 roots, 3179s
progress 11350/32400 roots, 3245s
progress 11375/32400 roots, 3271s
progress 11400/32400 roots, 3298s
progress 11425/32400 roots, 3305s
progress 11450/32400 roots, 3308s
progress 11475/32400 roots, 3320s
progress 11500/32400 roots, 3322s
progress 11525/32400 roots, 3322s
progress 11550/32400 roots, 3322s
progress 11575/32400 roots, 3323s
progress 11600/32400 roots, 3334s
progress 11625/32400 roots, 3349s
progress 11650/32400 roots, 3354s
progress 11675/32400 roots, 3419s
progress 11700/32400 roots, 3487s
progress 11725/32400 roots, 3563s
progress 11750/32400 roots, 3633s
progress 11775/32400 roots, 3642s
progress 11800/32400 roots, 3654s
progress 11825/32400 roots, 3675s
progress 11850/32400 roots, 3676s
progress 11875/32400 roots, 3676s
progress 11900/32400 roots, 3677s
progress 11925/32400 roots, 3678s
progress 11950/32400 roots, 3701s
progress 11975/32400 roots, 3711s
progress 12000/32400 roots, 3719s
progress 12025/32400 roots, 3742s
progress 12050/32400 roots, 3805s
progress 12075/32400 roots, 3861s
progress 12100/32400 roots, 3933s
progress 12125/32400 roots, 3947s
progress 12150/32400 roots, 3956s
progress 12175/32400 roots, 3964s
progress 12200/32400 roots, 3972s
progress 12225/32400 roots, 3973s
progress 12250/32400 roots, 3973s
progress 12275/32400 roots, 3977s
progress 12300/32400 roots, 4005s
progress 12325/32400 roots, 4017s
progress 12350/32400 roots, 4036s
progress 12375/32400 roots, 4081s
progress 12400/32400 roots, 4107s
progress 12425/32400 roots, 4167s
progress 12450/32400 roots, 4237s
progress 12475/32400 roots, 4265s
progress 12500/32400 roots, 4294s
progress 12525/32400 roots, 4305s
progress 12550/32400 roots, 4315s
progress 12575/32400 roots, 4321s
progress 12600/32400 roots, 4322s
progress 12625/32400 roots, 4327s
progress 12650/32400 roots, 4349s
progress 12675/32400 roots, 4380s
progress 12700/32400 roots, 4401s
progress 12725/32400 roots, 4436s
progress 12750/32400 roots, 4486s
progress 12775/32400 roots, 4532s
progress 12800/32400 roots, 4601s
progress 12825/32400 roots, 4620s
progress 12850/32400 roots, 4671s
progress 12875/32400 roots, 4691s
progress 12900/32400 roots, 4700s
progress 12925/32400 roots, 4715s
progress 12950/32400 roots, 4724s
progress 12975/32400 roots, 4725s
progress 13000/32400 roots, 4729s
progress 13025/32400 roots, 4765s
progress 13050/32400 roots, 4779s
progress 13075/32400 roots, 4805s
progress 13100/32400 roots, 4855s
progress 13125/32400 roots, 4886s
progress 13150/32400 roots, 4917s
progress 13175/32400 roots, 4946s
progress 13200/32400 roots, 4999s
progress 13225/32400 roots, 5065s
progress 13250/32400 roots, 5091s
progress 13275/32400 roots, 5124s
progress 13300/32400 roots, 5129s
progress 13325/32400 roots, 5129s
progress 13350/32400 roots, 5132s
progress 13375/32400 roots, 5138s
progress 13400/32400 roots, 5179s
progress 13425/32400 roots, 5241s
progress 13450/32400 roots, 5270s
progress 13475/32400 roots, 5325s
progress 13500/32400 roots, 5340s
progress 13525/32400 roots, 5351s
progress 13550/32400 roots, 5379s
progress 13575/32400 roots, 5435s
progress 13600/32400 roots, 5463s
progress 13625/32400 roots, 5512s
progress 13650/32400 roots, 5517s
progress 13675/32400 roots, 5523s
progress 13700/32400 roots, 5524s
progress 13725/32400 roots, 5525s
progress 13750/32400 roots, 5567s
progress 13775/32400 roots, 5591s
progress 13800/32400 roots, 5632s
progress 13825/32400 roots, 5664s
progress 13850/32400 roots, 5672s
progress 13875/32400 roots, 5687s
progress 13900/32400 roots, 5699s
progress 13925/32400 roots, 5705s
progress 13950/32400 roots, 5746s
progress 13975/32400 roots, 5766s
progress 14000/32400 roots, 5774s
progress 14025/32400 roots, 5780s
progress 14050/32400 roots, 5780s
progress 14075/32400 roots, 5782s
progress 14100/32400 roots, 5795s
progress 14125/32400 roots, 5802s
progress 14150/32400 roots, 5906s
progress 14175/32400 roots, 5930s
progress 14200/32400 roots, 5963s
progress 14225/32400 roots, 5985s
progress 14250/32400 roots, 5992s
progress 14275/32400 roots, 6004s
progress 14300/32400 roots, 6037s
progress 14325/32400 roots, 6045s
progress 14350/32400 roots, 6062s
progress 14375/32400 roots, 6069s
progress 14400/32400 roots, 6069s
progress 14425/32400 roots, 6075s
progress 14450/32400 roots, 6075s
progress 14475/32400 roots, 6093s
progress 14500/32400 roots, 6127s
progress 14525/32400 roots, 6156s
progress 14550/32400 roots, 6194s
progress 14575/32400 roots, 6206s
progress 14600/32400 roots, 6219s
progress 14625/32400 roots, 6233s
progress 14650/32400 roots, 6241s
progress 14675/32400 roots, 6304s
progress 14700/32400 roots, 6317s
progress 14725/32400 roots, 6318s
progress 14750/32400 roots, 6322s
progress 14775/32400 roots, 6323s
progress 14800/32400 roots, 6327s
progress 14825/32400 roots, 6350s
progress 14850/32400 roots, 6356s
progress 14875/32400 roots, 6413s
progress 14900/32400 roots, 6467s
progress 14925/32400 roots, 6484s
progress 14950/32400 roots, 6504s
progress 14975/32400 roots, 6517s
progress 15000/32400 roots, 6560s
# stopped at the time limit of 6600 s
# finished 2026-10-02T06:25:01Z; exit 3; wall 6600.007 s; CPU 26059.8 s (user 26054.035 + sys 5.723); load 4.13 4.03 4.01
