# command: verify2/target/release/zmx2 cert certificates/n77_mixed_cover_9.txt --full --pair-points --threads 4 --log /home/user/squares/transfer/n77-full/n77_zmx2_full_pairpoints_x0-44_y0-89_roots.log --xlo 0 --xhi 44 --ylo 0 --yhi 89
# cwd: s12/ staged by devtools.replay_evand_zmx2: zmx2.rs 6b7f0f79466bf25c9a85f8fe2f3866de734935f0521ea188136818c2fb5b3fed built from retained bytes; cover 47b57cfe38cbfdbcf5320e59caffe712f4ef32df8aad42b0d7f697de6d26cdd7 decompressed from packing/resources/web/wand125-point-and-mixed-2026-10-01/square-packing-bounds/certificates/k2m4_n77_L9/n77_mixed_cover_9.txt.gz; resumes the root log of n77_zmx2_full_pairpoints_x0-44_y0-89.log
# python3: not used by this command
# host: 4 cores; load 3.42 3.88 3.96; started 2026-10-02T08:15:19Z
# zmx2 cert hash=f69807b8322a68fb mode=full atoms=pairpts depth=40 node_cap=20000000 kappa=1.5 K=30 region=x0-44,y0-89,bins0-3
cover: s = 9/1, 28273 points, 6420 segments, total 43347137744028965/562949953421312 = 76.99998460003
roots: 32400 in region, 29308 already done (log), 3092 to run, 4 threads
progress 25/3092 roots, 46s
progress 50/3092 roots, 79s
progress 75/3092 roots, 105s
progress 100/3092 roots, 168s
progress 125/3092 roots, 245s
progress 150/3092 roots, 273s
progress 175/3092 roots, 290s
progress 200/3092 roots, 296s
progress 225/3092 roots, 296s
progress 250/3092 roots, 299s
progress 275/3092 roots, 333s
progress 300/3092 roots, 351s
progress 325/3092 roots, 420s
progress 350/3092 roots, 483s
progress 375/3092 roots, 503s
progress 400/3092 roots, 521s
progress 425/3092 roots, 535s
progress 450/3092 roots, 563s
progress 475/3092 roots, 625s
progress 500/3092 roots, 644s
progress 525/3092 roots, 692s
progress 550/3092 roots, 704s
progress 575/3092 roots, 704s
progress 600/3092 roots, 706s
progress 625/3092 roots, 707s
progress 650/3092 roots, 750s
progress 675/3092 roots, 809s
progress 700/3092 roots, 819s
progress 725/3092 roots, 852s
progress 750/3092 roots, 868s
progress 775/3092 roots, 875s
progress 800/3092 roots, 889s
progress 825/3092 roots, 901s
progress 850/3092 roots, 932s
progress 875/3092 roots, 960s
progress 900/3092 roots, 962s
progress 925/3092 roots, 966s
progress 950/3092 roots, 967s
progress 975/3092 roots, 968s
progress 1000/3092 roots, 988s
progress 1025/3092 roots, 1017s
progress 1050/3092 roots, 1102s
progress 1075/3092 roots, 1151s
progress 1100/3092 roots, 1162s
progress 1125/3092 roots, 1186s
progress 1150/3092 roots, 1198s
progress 1175/3092 roots, 1205s
progress 1200/3092 roots, 1245s
progress 1225/3092 roots, 1250s
progress 1250/3092 roots, 1265s
progress 1275/3092 roots, 1273s
progress 1300/3092 roots, 1273s
progress 1325/3092 roots, 1279s
progress 1350/3092 roots, 1280s
progress 1375/3092 roots, 1300s
progress 1400/3092 roots, 1364s
progress 1425/3092 roots, 1374s
progress 1450/3092 roots, 1409s
progress 1475/3092 roots, 1424s
progress 1500/3092 roots, 1434s
progress 1525/3092 roots, 1451s
progress 1550/3092 roots, 1490s
progress 1575/3092 roots, 1524s
progress 1600/3092 roots, 1537s
progress 1625/3092 roots, 1539s
progress 1650/3092 roots, 1542s
progress 1675/3092 roots, 1545s
progress 1700/3092 roots, 1547s
progress 1725/3092 roots, 1572s
progress 1750/3092 roots, 1600s
progress 1775/3092 roots, 1641s
progress 1800/3092 roots, 1709s
progress 1825/3092 roots, 1722s
progress 1850/3092 roots, 1745s
progress 1875/3092 roots, 1768s
progress 1900/3092 roots, 1804s
progress 1925/3092 roots, 1866s
progress 1950/3092 roots, 1890s
progress 1975/3092 roots, 1911s
progress 2000/3092 roots, 1914s
progress 2025/3092 roots, 1914s
progress 2050/3092 roots, 1917s
progress 2075/3092 roots, 1957s
progress 2100/3092 roots, 1967s
progress 2125/3092 roots, 2108s
progress 2150/3092 roots, 2163s
progress 2175/3092 roots, 2208s
progress 2200/3092 roots, 2239s
progress 2225/3092 roots, 2258s
progress 2250/3092 roots, 2327s
progress 2275/3092 roots, 2389s
progress 2300/3092 roots, 2433s
progress 2325/3092 roots, 2499s
progress 2350/3092 roots, 2503s
progress 2375/3092 roots, 2503s
progress 2400/3092 roots, 2506s
progress 2425/3092 roots, 2523s
progress 2450/3092 roots, 2584s
progress 2475/3092 roots, 2666s
progress 2500/3092 roots, 2696s
progress 2525/3092 roots, 2762s
progress 2550/3092 roots, 2788s
progress 2575/3092 roots, 2809s
progress 2600/3092 roots, 2842s
progress 2625/3092 roots, 2905s
progress 2650/3092 roots, 2948s
progress 2675/3092 roots, 2994s
progress 2700/3092 roots, 3000s
progress 2725/3092 roots, 3003s
progress 2750/3092 roots, 3005s
progress 2775/3092 roots, 3008s
progress 2800/3092 roots, 3056s
progress 2825/3092 roots, 3079s
progress 2850/3092 roots, 3098s
progress 2875/3092 roots, 3153s
progress 2900/3092 roots, 3175s
progress 2925/3092 roots, 3199s
progress 2950/3092 roots, 3222s
progress 2975/3092 roots, 3275s
progress 3000/3092 roots, 3312s
progress 3025/3092 roots, 3345s
progress 3050/3092 roots, 3355s
progress 3075/3092 roots, 3363s
progress 3092/3092 roots, 3419s
done in 3419s wall: roots 32400 (missing 0), boxes 23291800, certified 11559306, empty 102794, uncertified 0, max depth 36, cpu 66184s
REGION CLEAN (restricted region; no verdict for the whole cover)
# finished 2026-10-02T09:12:19Z; exit 0; wall 3419.606 s; CPU 13261.3 s (user 13258.526 + sys 2.774); load 2.30 3.55 3.84
