# command: verify2/target/release/zmx2 cert certificates/n77_mixed_cover_9.txt --full --pair-points --threads 4 --log /home/user/squares/transfer/n77-full/n77_zmx2_full_pairpoints_x0-44_y0-89_roots.log --xlo 0 --xhi 44 --ylo 0 --yhi 89
# cwd: s12/ staged by devtools.replay_evand_zmx2: zmx2.rs 6b7f0f79466bf25c9a85f8fe2f3866de734935f0521ea188136818c2fb5b3fed built from retained bytes; cover 47b57cfe38cbfdbcf5320e59caffe712f4ef32df8aad42b0d7f697de6d26cdd7 decompressed from packing/resources/web/wand125-point-and-mixed-2026-10-01/square-packing-bounds/certificates/k2m4_n77_L9/n77_mixed_cover_9.txt.gz; resumes the root log of n77_zmx2_full_pairpoints_x0-44_y0-89.log
# python3: not used by this command
# host: 4 cores; load 3.50 3.90 3.97; started 2026-10-02T06:25:09Z
# zmx2 cert hash=f69807b8322a68fb mode=full atoms=pairpts depth=40 node_cap=20000000 kappa=1.5 K=30 region=x0-44,y0-89,bins0-3
cover: s = 9/1, 28273 points, 6420 segments, total 43347137744028965/562949953421312 = 76.99998460003
roots: 32400 in region, 15016 already done (log), 17384 to run, 4 threads
progress 25/17384 roots, 41s
progress 50/17384 roots, 78s
progress 75/17384 roots, 81s
progress 100/17384 roots, 81s
progress 125/17384 roots, 83s
progress 150/17384 roots, 85s
progress 175/17384 roots, 126s
progress 200/17384 roots, 195s
progress 225/17384 roots, 267s
progress 250/17384 roots, 344s
progress 275/17384 roots, 363s
progress 300/17384 roots, 393s
progress 325/17384 roots, 424s
progress 350/17384 roots, 475s
progress 375/17384 roots, 558s
progress 400/17384 roots, 591s
progress 425/17384 roots, 630s
progress 450/17384 roots, 635s
progress 475/17384 roots, 635s
progress 500/17384 roots, 638s
progress 525/17384 roots, 684s
progress 550/17384 roots, 714s
progress 575/17384 roots, 801s
progress 600/17384 roots, 852s
progress 625/17384 roots, 877s
progress 650/17384 roots, 898s
progress 675/17384 roots, 920s
progress 700/17384 roots, 958s
progress 725/17384 roots, 1022s
progress 750/17384 roots, 1049s
progress 775/17384 roots, 1088s
progress 800/17384 roots, 1092s
progress 825/17384 roots, 1092s
progress 850/17384 roots, 1097s
progress 875/17384 roots, 1109s
progress 900/17384 roots, 1146s
progress 925/17384 roots, 1167s
progress 950/17384 roots, 1200s
progress 975/17384 roots, 1230s
progress 1000/17384 roots, 1254s
progress 1025/17384 roots, 1276s
progress 1050/17384 roots, 1293s
progress 1075/17384 roots, 1347s
progress 1100/17384 roots, 1380s
progress 1125/17384 roots, 1406s
progress 1150/17384 roots, 1410s
progress 1175/17384 roots, 1417s
progress 1200/17384 roots, 1417s
progress 1225/17384 roots, 1417s
progress 1250/17384 roots, 1417s
progress 1275/17384 roots, 1417s
progress 1300/17384 roots, 1417s
progress 1325/17384 roots, 1417s
progress 1350/17384 roots, 1417s
progress 1375/17384 roots, 1417s
progress 1400/17384 roots, 1417s
progress 1425/17384 roots, 1417s
progress 1450/17384 roots, 1417s
progress 1475/17384 roots, 1417s
progress 1500/17384 roots, 1417s
progress 1525/17384 roots, 1417s
progress 1550/17384 roots, 1417s
progress 1575/17384 roots, 1417s
progress 1600/17384 roots, 1417s
progress 1625/17384 roots, 1417s
progress 1650/17384 roots, 1417s
progress 1675/17384 roots, 1417s
progress 1700/17384 roots, 1417s
progress 1725/17384 roots, 1417s
progress 1750/17384 roots, 1417s
progress 1775/17384 roots, 1417s
progress 1800/17384 roots, 1417s
progress 1825/17384 roots, 1417s
progress 1850/17384 roots, 1417s
progress 1875/17384 roots, 1417s
progress 1900/17384 roots, 1417s
progress 1925/17384 roots, 1417s
progress 1950/17384 roots, 1417s
progress 1975/17384 roots, 1417s
progress 2000/17384 roots, 1417s
progress 2025/17384 roots, 1417s
progress 2050/17384 roots, 1417s
progress 2075/17384 roots, 1417s
progress 2100/17384 roots, 1417s
progress 2125/17384 roots, 1417s
progress 2150/17384 roots, 1417s
progress 2175/17384 roots, 1417s
progress 2200/17384 roots, 1417s
progress 2225/17384 roots, 1417s
progress 2250/17384 roots, 1417s
progress 2275/17384 roots, 1417s
progress 2300/17384 roots, 1417s
progress 2325/17384 roots, 1417s
progress 2350/17384 roots, 1417s
progress 2375/17384 roots, 1417s
progress 2400/17384 roots, 1417s
progress 2425/17384 roots, 1417s
progress 2450/17384 roots, 1417s
progress 2475/17384 roots, 1417s
progress 2500/17384 roots, 1417s
progress 2525/17384 roots, 1417s
progress 2550/17384 roots, 1417s
progress 2575/17384 roots, 1417s
progress 2600/17384 roots, 1417s
progress 2625/17384 roots, 1417s
progress 2650/17384 roots, 1418s
progress 2675/17384 roots, 1418s
progress 2700/17384 roots, 1418s
progress 2725/17384 roots, 1418s
progress 2750/17384 roots, 1418s
progress 2775/17384 roots, 1419s
progress 2800/17384 roots, 1419s
progress 2825/17384 roots, 1419s
progress 2850/17384 roots, 1420s
progress 2875/17384 roots, 1420s
progress 2900/17384 roots, 1420s
progress 2925/17384 roots, 1420s
progress 2950/17384 roots, 1420s
progress 2975/17384 roots, 1420s
progress 3000/17384 roots, 1420s
progress 3025/17384 roots, 1420s
progress 3050/17384 roots, 1421s
progress 3075/17384 roots, 1421s
progress 3100/17384 roots, 1422s
progress 3125/17384 roots, 1424s
progress 3150/17384 roots, 1428s
progress 3175/17384 roots, 1431s
progress 3200/17384 roots, 1433s
progress 3225/17384 roots, 1434s
progress 3250/17384 roots, 1434s
progress 3275/17384 roots, 1434s
progress 3300/17384 roots, 1435s
progress 3325/17384 roots, 1435s
progress 3350/17384 roots, 1435s
progress 3375/17384 roots, 1435s
progress 3400/17384 roots, 1435s
progress 3425/17384 roots, 1436s
progress 3450/17384 roots, 1436s
progress 3475/17384 roots, 1437s
progress 3500/17384 roots, 1440s
progress 3525/17384 roots, 1443s
progress 3550/17384 roots, 1447s
progress 3575/17384 roots, 1448s
progress 3600/17384 roots, 1448s
progress 3625/17384 roots, 1449s
progress 3650/17384 roots, 1449s
progress 3675/17384 roots, 1449s
progress 3700/17384 roots, 1449s
progress 3725/17384 roots, 1449s
progress 3750/17384 roots, 1450s
progress 3775/17384 roots, 1450s
progress 3800/17384 roots, 1450s
progress 3825/17384 roots, 1450s
progress 3850/17384 roots, 1450s
progress 3875/17384 roots, 1453s
progress 3900/17384 roots, 1454s
progress 3925/17384 roots, 1455s
progress 3950/17384 roots, 1456s
progress 3975/17384 roots, 1456s
progress 4000/17384 roots, 1456s
progress 4025/17384 roots, 1456s
progress 4050/17384 roots, 1456s
progress 4075/17384 roots, 1456s
progress 4100/17384 roots, 1456s
progress 4125/17384 roots, 1456s
progress 4150/17384 roots, 1456s
progress 4175/17384 roots, 1457s
progress 4200/17384 roots, 1457s
progress 4225/17384 roots, 1457s
progress 4250/17384 roots, 1457s
progress 4275/17384 roots, 1457s
progress 4300/17384 roots, 1457s
progress 4325/17384 roots, 1457s
progress 4350/17384 roots, 1457s
progress 4375/17384 roots, 1457s
progress 4400/17384 roots, 1457s
progress 4425/17384 roots, 1457s
progress 4450/17384 roots, 1457s
progress 4475/17384 roots, 1457s
progress 4500/17384 roots, 1457s
progress 4525/17384 roots, 1457s
progress 4550/17384 roots, 1457s
progress 4575/17384 roots, 1457s
progress 4600/17384 roots, 1457s
progress 4625/17384 roots, 1457s
progress 4650/17384 roots, 1457s
progress 4675/17384 roots, 1457s
progress 4700/17384 roots, 1457s
progress 4725/17384 roots, 1457s
progress 4750/17384 roots, 1457s
progress 4775/17384 roots, 1457s
progress 4800/17384 roots, 1457s
progress 4825/17384 roots, 1457s
progress 4850/17384 roots, 1458s
progress 4875/17384 roots, 1458s
progress 4900/17384 roots, 1458s
progress 4925/17384 roots, 1458s
progress 4950/17384 roots, 1458s
progress 4975/17384 roots, 1458s
progress 5000/17384 roots, 1458s
progress 5025/17384 roots, 1459s
progress 5050/17384 roots, 1459s
progress 5075/17384 roots, 1459s
progress 5100/17384 roots, 1459s
progress 5125/17384 roots, 1459s
progress 5150/17384 roots, 1459s
progress 5175/17384 roots, 1459s
progress 5200/17384 roots, 1459s
progress 5225/17384 roots, 1460s
progress 5250/17384 roots, 1462s
progress 5275/17384 roots, 1462s
progress 5300/17384 roots, 1468s
progress 5325/17384 roots, 1472s
progress 5350/17384 roots, 1472s
progress 5375/17384 roots, 1475s
progress 5400/17384 roots, 1476s
progress 5425/17384 roots, 1481s
progress 5450/17384 roots, 1482s
progress 5475/17384 roots, 1482s
progress 5500/17384 roots, 1483s
progress 5525/17384 roots, 1483s
progress 5550/17384 roots, 1483s
progress 5575/17384 roots, 1489s
progress 5600/17384 roots, 1502s
progress 5625/17384 roots, 1532s
progress 5650/17384 roots, 1563s
progress 5675/17384 roots, 1563s
progress 5700/17384 roots, 1605s
progress 5725/17384 roots, 1639s
progress 5750/17384 roots, 1651s
progress 5775/17384 roots, 1693s
progress 5800/17384 roots, 1694s
progress 5825/17384 roots, 1744s
progress 5850/17384 roots, 1744s
progress 5875/17384 roots, 1744s
progress 5900/17384 roots, 1745s
progress 5925/17384 roots, 1767s
progress 5950/17384 roots, 1768s
progress 5975/17384 roots, 1789s
progress 6000/17384 roots, 1798s
progress 6025/17384 roots, 1814s
progress 6050/17384 roots, 1834s
progress 6075/17384 roots, 1846s
progress 6100/17384 roots, 1863s
progress 6125/17384 roots, 1873s
progress 6150/17384 roots, 1879s
progress 6175/17384 roots, 1887s
progress 6200/17384 roots, 1888s
progress 6225/17384 roots, 1888s
progress 6250/17384 roots, 1890s
progress 6275/17384 roots, 1913s
progress 6300/17384 roots, 1925s
progress 6325/17384 roots, 1946s
progress 6350/17384 roots, 1951s
progress 6375/17384 roots, 1969s
progress 6400/17384 roots, 2006s
progress 6425/17384 roots, 2045s
progress 6450/17384 roots, 2111s
progress 6475/17384 roots, 2128s
progress 6500/17384 roots, 2133s
progress 6525/17384 roots, 2138s
progress 6550/17384 roots, 2149s
progress 6575/17384 roots, 2153s
progress 6600/17384 roots, 2153s
progress 6625/17384 roots, 2157s
progress 6650/17384 roots, 2165s
progress 6675/17384 roots, 2189s
progress 6700/17384 roots, 2195s
progress 6725/17384 roots, 2216s
progress 6750/17384 roots, 2306s
progress 6775/17384 roots, 2364s
progress 6800/17384 roots, 2434s
progress 6825/17384 roots, 2449s
progress 6850/17384 roots, 2460s
progress 6875/17384 roots, 2468s
progress 6900/17384 roots, 2472s
progress 6925/17384 roots, 2473s
progress 6950/17384 roots, 2473s
progress 6975/17384 roots, 2473s
progress 7000/17384 roots, 2474s
progress 7025/17384 roots, 2479s
progress 7050/17384 roots, 2484s
progress 7075/17384 roots, 2488s
progress 7100/17384 roots, 2515s
progress 7125/17384 roots, 2547s
progress 7150/17384 roots, 2565s
progress 7175/17384 roots, 2583s
progress 7200/17384 roots, 2587s
progress 7225/17384 roots, 2592s
progress 7250/17384 roots, 2596s
progress 7275/17384 roots, 2596s
progress 7300/17384 roots, 2596s
progress 7325/17384 roots, 2596s
progress 7350/17384 roots, 2597s
progress 7375/17384 roots, 2598s
progress 7400/17384 roots, 2600s
progress 7425/17384 roots, 2604s
progress 7450/17384 roots, 2609s
progress 7475/17384 roots, 2613s
progress 7500/17384 roots, 2626s
progress 7525/17384 roots, 2633s
progress 7550/17384 roots, 2636s
progress 7575/17384 roots, 2640s
progress 7600/17384 roots, 2642s
progress 7625/17384 roots, 2643s
progress 7650/17384 roots, 2643s
progress 7675/17384 roots, 2643s
progress 7700/17384 roots, 2643s
progress 7725/17384 roots, 2644s
progress 7750/17384 roots, 2645s
progress 7775/17384 roots, 2648s
progress 7800/17384 roots, 2649s
progress 7825/17384 roots, 2651s
progress 7850/17384 roots, 2659s
progress 7875/17384 roots, 2661s
progress 7900/17384 roots, 2666s
progress 7925/17384 roots, 2667s
progress 7950/17384 roots, 2668s
progress 7975/17384 roots, 2670s
progress 8000/17384 roots, 2670s
progress 8025/17384 roots, 2670s
progress 8050/17384 roots, 2670s
progress 8075/17384 roots, 2670s
progress 8100/17384 roots, 2672s
progress 8125/17384 roots, 2674s
progress 8150/17384 roots, 2675s
progress 8175/17384 roots, 2677s
progress 8200/17384 roots, 2680s
progress 8225/17384 roots, 2682s
progress 8250/17384 roots, 2686s
progress 8275/17384 roots, 2686s
progress 8300/17384 roots, 2690s
progress 8325/17384 roots, 2694s
progress 8350/17384 roots, 2694s
progress 8375/17384 roots, 2694s
progress 8400/17384 roots, 2694s
progress 8425/17384 roots, 2695s
progress 8450/17384 roots, 2696s
progress 8475/17384 roots, 2697s
progress 8500/17384 roots, 2699s
progress 8525/17384 roots, 2701s
progress 8550/17384 roots, 2702s
progress 8575/17384 roots, 2706s
progress 8600/17384 roots, 2707s
progress 8625/17384 roots, 2710s
progress 8650/17384 roots, 2713s
progress 8675/17384 roots, 2713s
progress 8700/17384 roots, 2715s
progress 8725/17384 roots, 2716s
progress 8750/17384 roots, 2716s
progress 8775/17384 roots, 2716s
progress 8800/17384 roots, 2717s
progress 8825/17384 roots, 2721s
progress 8850/17384 roots, 2727s
progress 8875/17384 roots, 2728s
progress 8900/17384 roots, 2734s
progress 8925/17384 roots, 2742s
progress 8950/17384 roots, 2747s
progress 8975/17384 roots, 2753s
progress 9000/17384 roots, 2754s
progress 9025/17384 roots, 2758s
progress 9050/17384 roots, 2763s
progress 9075/17384 roots, 2764s
progress 9100/17384 roots, 2764s
progress 9125/17384 roots, 2764s
progress 9150/17384 roots, 2765s
progress 9175/17384 roots, 2776s
progress 9200/17384 roots, 2784s
progress 9225/17384 roots, 2792s
progress 9250/17384 roots, 2804s
progress 9275/17384 roots, 2820s
progress 9300/17384 roots, 2881s
progress 9325/17384 roots, 2908s
progress 9350/17384 roots, 2915s
progress 9375/17384 roots, 2923s
progress 9400/17384 roots, 2926s
progress 9425/17384 roots, 2934s
progress 9450/17384 roots, 2935s
progress 9475/17384 roots, 2935s
progress 9500/17384 roots, 2936s
progress 9525/17384 roots, 2950s
progress 9550/17384 roots, 2960s
progress 9575/17384 roots, 2976s
progress 9600/17384 roots, 2989s
progress 9625/17384 roots, 3061s
progress 9650/17384 roots, 3144s
progress 9675/17384 roots, 3254s
progress 9700/17384 roots, 3294s
progress 9725/17384 roots, 3306s
progress 9750/17384 roots, 3326s
progress 9775/17384 roots, 3346s
progress 9800/17384 roots, 3348s
progress 9825/17384 roots, 3348s
progress 9850/17384 roots, 3351s
progress 9875/17384 roots, 3358s
progress 9900/17384 roots, 3369s
progress 9925/17384 roots, 3380s
progress 9950/17384 roots, 3390s
progress 9975/17384 roots, 3405s
progress 10000/17384 roots, 3474s
progress 10025/17384 roots, 3565s
progress 10050/17384 roots, 3649s
progress 10075/17384 roots, 3673s
progress 10100/17384 roots, 3681s
progress 10125/17384 roots, 3690s
progress 10150/17384 roots, 3694s
progress 10175/17384 roots, 3696s
progress 10200/17384 roots, 3697s
progress 10225/17384 roots, 3700s
progress 10250/17384 roots, 3708s
progress 10275/17384 roots, 3717s
progress 10300/17384 roots, 3723s
progress 10325/17384 roots, 3737s
progress 10350/17384 roots, 3849s
progress 10375/17384 roots, 3930s
progress 10400/17384 roots, 4040s
progress 10425/17384 roots, 4056s
progress 10450/17384 roots, 4063s
progress 10475/17384 roots, 4067s
progress 10500/17384 roots, 4074s
progress 10525/17384 roots, 4076s
progress 10550/17384 roots, 4076s
progress 10575/17384 roots, 4076s
progress 10600/17384 roots, 4079s
progress 10625/17384 roots, 4085s
progress 10650/17384 roots, 4089s
progress 10675/17384 roots, 4096s
progress 10700/17384 roots, 4138s
progress 10725/17384 roots, 4207s
progress 10750/17384 roots, 4271s
progress 10775/17384 roots, 4292s
progress 10800/17384 roots, 4300s
progress 10825/17384 roots, 4304s
progress 10850/17384 roots, 4309s
progress 10875/17384 roots, 4310s
progress 10900/17384 roots, 4310s
progress 10925/17384 roots, 4311s
progress 10950/17384 roots, 4311s
progress 10975/17384 roots, 4314s
progress 11000/17384 roots, 4316s
progress 11025/17384 roots, 4320s
progress 11050/17384 roots, 4327s
progress 11075/17384 roots, 4357s
progress 11100/17384 roots, 4386s
progress 11125/17384 roots, 4408s
progress 11150/17384 roots, 4416s
progress 11175/17384 roots, 4426s
progress 11200/17384 roots, 4428s
progress 11225/17384 roots, 4430s
progress 11250/17384 roots, 4431s
progress 11275/17384 roots, 4431s
progress 11300/17384 roots, 4432s
progress 11325/17384 roots, 4435s
progress 11350/17384 roots, 4436s
progress 11375/17384 roots, 4445s
progress 11400/17384 roots, 4448s
progress 11425/17384 roots, 4457s
progress 11450/17384 roots, 4468s
progress 11475/17384 roots, 4474s
progress 11500/17384 roots, 4482s
progress 11525/17384 roots, 4485s
progress 11550/17384 roots, 4487s
progress 11575/17384 roots, 4490s
progress 11600/17384 roots, 4491s
progress 11625/17384 roots, 4491s
progress 11650/17384 roots, 4491s
progress 11675/17384 roots, 4491s
progress 11700/17384 roots, 4494s
progress 11725/17384 roots, 4504s
progress 11750/17384 roots, 4508s
progress 11775/17384 roots, 4526s
progress 11800/17384 roots, 4534s
progress 11825/17384 roots, 4545s
progress 11850/17384 roots, 4557s
progress 11875/17384 roots, 4559s
progress 11900/17384 roots, 4569s
progress 11925/17384 roots, 4572s
progress 11950/17384 roots, 4572s
progress 11975/17384 roots, 4573s
progress 12000/17384 roots, 4573s
progress 12025/17384 roots, 4573s
progress 12050/17384 roots, 4577s
progress 12075/17384 roots, 4578s
progress 12100/17384 roots, 4589s
progress 12125/17384 roots, 4611s
progress 12150/17384 roots, 4620s
progress 12175/17384 roots, 4667s
progress 12200/17384 roots, 4682s
progress 12225/17384 roots, 4697s
progress 12250/17384 roots, 4707s
progress 12275/17384 roots, 4708s
progress 12300/17384 roots, 4713s
progress 12325/17384 roots, 4714s
progress 12350/17384 roots, 4714s
progress 12375/17384 roots, 4715s
progress 12400/17384 roots, 4715s
progress 12425/17384 roots, 4722s
progress 12450/17384 roots, 4738s
progress 12475/17384 roots, 4741s
progress 12500/17384 roots, 4772s
progress 12525/17384 roots, 4825s
progress 12550/17384 roots, 4845s
progress 12575/17384 roots, 4892s
progress 12600/17384 roots, 4896s
progress 12625/17384 roots, 4903s
progress 12650/17384 roots, 4916s
progress 12675/17384 roots, 4916s
progress 12700/17384 roots, 4917s
progress 12725/17384 roots, 4918s
progress 12750/17384 roots, 4918s
progress 12775/17384 roots, 4929s
progress 12800/17384 roots, 4937s
progress 12825/17384 roots, 4950s
progress 12850/17384 roots, 4980s
progress 12875/17384 roots, 5054s
progress 12900/17384 roots, 5165s
progress 12925/17384 roots, 5238s
progress 12950/17384 roots, 5253s
progress 12975/17384 roots, 5267s
progress 13000/17384 roots, 5272s
progress 13025/17384 roots, 5290s
progress 13050/17384 roots, 5292s
progress 13075/17384 roots, 5292s
progress 13100/17384 roots, 5294s
progress 13125/17384 roots, 5312s
progress 13150/17384 roots, 5324s
progress 13175/17384 roots, 5340s
progress 13200/17384 roots, 5353s
progress 13225/17384 roots, 5402s
progress 13250/17384 roots, 5478s
progress 13275/17384 roots, 5549s
progress 13300/17384 roots, 5591s
progress 13325/17384 roots, 5602s
progress 13350/17384 roots, 5611s
progress 13375/17384 roots, 5622s
progress 13400/17384 roots, 5623s
progress 13425/17384 roots, 5623s
progress 13450/17384 roots, 5628s
progress 13475/17384 roots, 5646s
progress 13500/17384 roots, 5668s
progress 13525/17384 roots, 5691s
progress 13550/17384 roots, 5719s
progress 13575/17384 roots, 5756s
progress 13600/17384 roots, 5824s
progress 13625/17384 roots, 5888s
progress 13650/17384 roots, 5917s
progress 13675/17384 roots, 5965s
progress 13700/17384 roots, 5977s
progress 13725/17384 roots, 5986s
progress 13750/17384 roots, 5994s
progress 13775/17384 roots, 5999s
progress 13800/17384 roots, 6000s
progress 13825/17384 roots, 6005s
progress 13850/17384 roots, 6056s
progress 13875/17384 roots, 6076s
progress 13900/17384 roots, 6101s
progress 13925/17384 roots, 6150s
progress 13950/17384 roots, 6205s
progress 13975/17384 roots, 6260s
progress 14000/17384 roots, 6321s
progress 14025/17384 roots, 6381s
progress 14050/17384 roots, 6400s
progress 14075/17384 roots, 6412s
progress 14100/17384 roots, 6433s
progress 14125/17384 roots, 6445s
progress 14150/17384 roots, 6445s
progress 14175/17384 roots, 6450s
progress 14200/17384 roots, 6472s
progress 14225/17384 roots, 6502s
progress 14250/17384 roots, 6525s
progress 14275/17384 roots, 6560s
# stopped at the time limit of 6600 s
# finished 2026-10-02T08:15:09Z; exit 3; wall 6600.008 s; CPU 25941.0 s (user 25935.676 + sys 5.372); load 4.04 4.01 4.00
