{"completed": 10, "total": 201, "elapsed_seconds": 189.281231880188, "nodes": 423624}
{"completed": 20, "total": 201, "elapsed_seconds": 389.69664311408997, "nodes": 853150}
{"completed": 30, "total": 201, "elapsed_seconds": 541.1123089790344, "nodes": 1262380}
{"completed": 40, "total": 201, "elapsed_seconds": 700.8242921829224, "nodes": 1650144}
{"completed": 50, "total": 201, "elapsed_seconds": 832.5476927757263, "nodes": 2028878}
{"completed": 60, "total": 201, "elapsed_seconds": 1022.6756954193115, "nodes": 2399206}
{"completed": 70, "total": 201, "elapsed_seconds": 1231.4485709667206, "nodes": 4131943}
{"completed": 80, "total": 201, "elapsed_seconds": 1377.6722717285156, "nodes": 4507439}
{"completed": 90, "total": 201, "elapsed_seconds": 1541.132938861847, "nodes": 4899659}
{"completed": 100, "total": 201, "elapsed_seconds": 1809.9317173957825, "nodes": 5321559}
{"completed": 110, "total": 201, "elapsed_seconds": 2053.027803182602, "nodes": 5778045}
{"completed": 120, "total": 201, "elapsed_seconds": 2306.7311749458313, "nodes": 6260993}
{"completed": 130, "total": 201, "elapsed_seconds": 2478.435790538788, "nodes": 6777445}
{"completed": 140, "total": 201, "elapsed_seconds": 2609.96364736557, "nodes": 7326899}
{"completed": 150, "total": 201, "elapsed_seconds": 2741.3959786891937, "nodes": 7906135}
{"completed": 160, "total": 201, "elapsed_seconds": 2926.011807203293, "nodes": 8503301}
{"completed": 170, "total": 201, "elapsed_seconds": 3153.8878133296967, "nodes": 9124763}
{"completed": 180, "total": 201, "elapsed_seconds": 3414.4884593486786, "nodes": 9804749}
{"completed": 190, "total": 201, "elapsed_seconds": 3699.0353412628174, "nodes": 10566509}
{"completed": 200, "total": 201, "elapsed_seconds": 3936.7317612171173, "nodes": 11405661}
{"completed": 201, "total": 201, "elapsed_seconds": 3966.6041185855865, "nodes": 11492606}
{
  "status": "VERIFIED",
  "angle_cases": 201,
  "target_lower_bound_exact": "10001/10000",
  "nodes": 11492606,
  "leaves": 6447331,
  "minimum_printed_leaf_lower_bound": 1.000100002380161,
  "wall_seconds": 3966.60466504097,
  "input_sha256": "6bdf25d45ef91ed1285b51d6c98de0020f1b60f8d34801d1145436cff9f0bb9d",
  "verifier_source_sha256": "a75140df1b484ad104a214d2e8de87afda9fca5929341ec40121afde0c1af602",
  "method": "Outward-rounded binary64 intervals; certified inscribed polygon area; derivative bounds over center boxes; rational angular net."
}
