CPP_INTERVAL 2557 1000026844
CPP_INTERVAL 2621 1000026844
CPP_INTERVAL 2685 1000026844
CPP_INTERVAL 2749 1000026844
CPP_INTERVAL 2813 1000026844
CPP_INTERVAL 2877 1000026844
CPP_INTERVAL 2941 1000026844
CPP_INTERVAL 3005 1000026844
CPP_INTERVAL 3069 1000026844
CPP_INTERVAL 3133 1000026844
CPP_INTERVAL 3197 1000026844
CPP_INTERVAL 3261 1000026844
CPP_INTERVAL 3325 1000026844
CPP_INTERVAL 3389 1000026844
CPP_INTERVAL 3453 1000026844
CPP_INTERVAL 3517 1000026844
CPP_INTERVAL 3581 1000026844
CPP_INTERVAL 3645 1000026844
CPP_INTERVAL 3709 1000026844
CPP_INTERVAL 3773 1000026844
CPP_INTERVAL 3837 1000026844
CPP_INTERVAL 3901 1000026844
CPP_INTERVAL 3965 1000026844
CPP_INTERVAL 4029 1000026844
CPP_INTERVAL 4093 1000026844
CPP_INTERVAL 4157 1000026844
CPP_INTERVAL 4221 1000026844
CPP_INTERVAL 4285 1000026844
CPP_INTERVAL 4349 1000026844
CPP_INTERVAL 4413 1000026844
CPP_INTERVAL 4477 1000026844
CPP_INTERVAL 4541 1000026844
CPP_INTERVAL 4605 1000026844
CPP_INTERVAL 4669 1000026844
CPP_INTERVAL 4733 1000026844
CPP_INTERVAL 4797 1000026844
CPP_INTERVAL 4861 1000026844
CPP_INTERVAL 4925 1000026844
CPP_INTERVAL 4989 1000026844
CPP_INTERVAL 5053 1000026844
PASS_INTERVAL_PARTITION seconds=1692.82
