EXACT_INTERVAL 2557 1000026844 3.227
EXACT_INTERVAL 2621 1000026844 60.397
EXACT_INTERVAL 2685 1000026844 128.075
EXACT_INTERVAL 2749 1000026844 200.038
EXACT_INTERVAL 2813 1000026844 260.279
EXACT_INTERVAL 2877 1000026844 324.528
EXACT_INTERVAL 2941 1000026844 412.315
EXACT_INTERVAL 3005 1000026844 484.402
EXACT_INTERVAL 3069 1000026844 574.622
EXACT_INTERVAL 3133 1000026844 676.694
EXACT_INTERVAL 3197 1000026844 880.094
EXACT_INTERVAL 3261 1000026844 1052.101
EXACT_INTERVAL 3325 1000026844 1210.067
EXACT_INTERVAL 3389 1000026844 1340.776
EXACT_INTERVAL 3453 1000026844 1452.223
EXACT_INTERVAL 3517 1000026844 1543.791
EXACT_INTERVAL 3581 1000026844 1602.818
EXACT_INTERVAL 3645 1000026844 1646.14
EXACT_INTERVAL 3709 1000026844 1694.572
EXACT_INTERVAL 3773 1000026844 1731.967
EXACT_INTERVAL 3837 1000026844 1780.864
EXACT_INTERVAL 3901 1000026844 1839.348
EXACT_INTERVAL 3965 1000026844 1911.416
EXACT_INTERVAL 4029 1000026844 1952.729
EXACT_INTERVAL 4093 1000026844 2027.994
EXACT_INTERVAL 4157 1000026844 2120.124
EXACT_INTERVAL 4221 1000026844 2199.151
EXACT_INTERVAL 4285 1000026844 2295.806
EXACT_INTERVAL 4349 1000026844 2378.196
EXACT_INTERVAL 4413 1000026844 2424.711
EXACT_INTERVAL 4477 1000026844 2468.228
EXACT_INTERVAL 4541 1000026844 2501.234
EXACT_INTERVAL 4605 1000026844 2562.31
EXACT_INTERVAL 4669 1000026844 2650.731
EXACT_INTERVAL 4733 1000026844 2789.213
EXACT_INTERVAL 4797 1000026844 2965.943
EXACT_INTERVAL 4861 1000026844 3122.161
EXACT_INTERVAL 4925 1000026844 3243.632
EXACT_INTERVAL 4989 1000026844 3339.055
EXACT_INTERVAL 5053 1000026844 3422.34
{"status":"PASS_INDEPENDENT_INTERVAL_PARTITION","start":2557,"end_exclusive":5114,"total_intervals":5114,"minimum_units":"1000026844","budget_units":"17000448944","required_units":"1000026409","certificate_sha256":"15b6bf6a936eba71338c9ea3e3b9966ae21db8116a6f5a92a8b5da5ccabed469","seconds":3464.494,"verified_utc":"2026-10-05T05:51:40.496Z"}
