EXACT_INTERVAL 0 1000026844 2.408
EXACT_INTERVAL 64 1000026844 60.405
EXACT_INTERVAL 128 1000026844 126.583
EXACT_INTERVAL 192 1000026844 189.068
EXACT_INTERVAL 256 1000026844 252.427
EXACT_INTERVAL 320 1000026844 312.056
EXACT_INTERVAL 384 1000026844 382.856
EXACT_INTERVAL 448 1000026844 459.1
EXACT_INTERVAL 512 1000026844 551.425
EXACT_INTERVAL 576 1000026844 647.297
EXACT_INTERVAL 640 1000026844 822.696
EXACT_INTERVAL 704 1000026844 993.568
EXACT_INTERVAL 768 1000026844 1160.288
EXACT_INTERVAL 832 1000026844 1291.748
EXACT_INTERVAL 896 1000026844 1409.429
EXACT_INTERVAL 960 1000026844 1496.725
EXACT_INTERVAL 1024 1000026844 1590.329
EXACT_INTERVAL 1088 1000026844 1632.422
EXACT_INTERVAL 1152 1000026844 1681.153
EXACT_INTERVAL 1216 1000026844 1721.902
EXACT_INTERVAL 1280 1000026844 1764.634
EXACT_INTERVAL 1344 1000026844 1811.51
EXACT_INTERVAL 1408 1000026844 1880.53
EXACT_INTERVAL 1472 1000026844 1935.901
EXACT_INTERVAL 1536 1000026844 1969.8
EXACT_INTERVAL 1600 1000026844 2069.9
EXACT_INTERVAL 1664 1000026844 2149.361
EXACT_INTERVAL 1728 1000026844 2225.654
EXACT_INTERVAL 1792 1000026844 2315.622
EXACT_INTERVAL 1856 1000026844 2386.42
EXACT_INTERVAL 1920 1000026844 2428.687
EXACT_INTERVAL 1984 1000026844 2469.455
EXACT_INTERVAL 2048 1000026844 2502.142
EXACT_INTERVAL 2112 1000026844 2556.634
EXACT_INTERVAL 2176 1000026844 2642.055
EXACT_INTERVAL 2240 1000026844 2770.542
EXACT_INTERVAL 2304 1000026844 2941.517
EXACT_INTERVAL 2368 1000026844 3112.238
EXACT_INTERVAL 2432 1000026844 3233.075
EXACT_INTERVAL 2496 1000026844 3317.992
{"status":"PASS_INDEPENDENT_INTERVAL_PARTITION","start":0,"end_exclusive":2557,"total_intervals":5114,"minimum_units":"1000026844","budget_units":"17000448944","required_units":"1000026409","certificate_sha256":"15b6bf6a936eba71338c9ea3e3b9966ae21db8116a6f5a92a8b5da5ccabed469","seconds":3408.699,"verified_utc":"2026-10-05T05:50:44.618Z"}
