{"completed": 10, "total": 201, "elapsed_seconds": 4896.612272024155, "nodes": 5357780}
{"completed": 20, "total": 201, "elapsed_seconds": 5115.503360509872, "nodes": 6059026}
{"completed": 30, "total": 201, "elapsed_seconds": 5344.325065851212, "nodes": 6733110}
{"completed": 40, "total": 201, "elapsed_seconds": 5590.493802785873, "nodes": 7395976}
{"completed": 50, "total": 201, "elapsed_seconds": 5858.299800157547, "nodes": 8066022}
{"completed": 60, "total": 201, "elapsed_seconds": 6159.928040504456, "nodes": 8768202}
{"completed": 70, "total": 201, "elapsed_seconds": 6511.530550479889, "nodes": 9533426}
{"completed": 80, "total": 201, "elapsed_seconds": 6942.771787405014, "nodes": 10394600}
{"completed": 90, "total": 201, "elapsed_seconds": 7457.224951028824, "nodes": 11345658}
{"completed": 100, "total": 201, "elapsed_seconds": 8010.772228002548, "nodes": 12333862}
{"completed": 110, "total": 201, "elapsed_seconds": 8587.307976961136, "nodes": 13348586}
{"completed": 120, "total": 201, "elapsed_seconds": 9186.116064786911, "nodes": 14383806}
{"completed": 130, "total": 201, "elapsed_seconds": 9808.294479846954, "nodes": 15463174}
{"completed": 140, "total": 201, "elapsed_seconds": 10475.97538137436, "nodes": 16580258}
{"completed": 150, "total": 201, "elapsed_seconds": 11185.061972141266, "nodes": 17736892}
{"completed": 160, "total": 201, "elapsed_seconds": 11988.694426774979, "nodes": 18963530}
{"completed": 170, "total": 201, "elapsed_seconds": 12843.170646429062, "nodes": 20304022}
{"completed": 180, "total": 201, "elapsed_seconds": 13833.909884691238, "nodes": 21806632}
{"completed": 190, "total": 201, "elapsed_seconds": 14936.18444776535, "nodes": 23474626}
{"completed": 200, "total": 201, "elapsed_seconds": 16099.134834766388, "nodes": 25257280}
{"completed": 201, "total": 201, "elapsed_seconds": 16214.869969129562, "nodes": 25438093}
{
  "status": "VERIFIED",
  "angle_cases": 201,
  "target_lower_bound_exact": "10001/10000",
  "nodes": 25438093,
  "leaves": 15062759,
  "minimum_printed_leaf_lower_bound": 1.0001000008296257,
  "wall_seconds": 16214.870295524597,
  "input_sha256": "5ff737f38d0b885b35b05c2056adf730afa6ff6f0302ba4968d091d65c5b750c",
  "verifier_source_sha256": "a75140df1b484ad104a214d2e8de87afda9fca5929341ec40121afde0c1af602",
  "method": "Outward-rounded binary64 intervals; certified inscribed polygon area; derivative bounds over center boxes; rational angular net."
}
