{"completed": 10, "total": 201, "elapsed_seconds": 45.85792255401611, "nodes": 531198}
{"completed": 20, "total": 201, "elapsed_seconds": 85.69298481941223, "nodes": 1040228}
{"completed": 30, "total": 201, "elapsed_seconds": 125.2426073551178, "nodes": 1518566}
{"completed": 40, "total": 201, "elapsed_seconds": 173.75785517692566, "nodes": 1982558}
{"completed": 50, "total": 201, "elapsed_seconds": 222.14958834648132, "nodes": 2442692}
{"completed": 60, "total": 201, "elapsed_seconds": 275.42716884613037, "nodes": 2912488}
{"completed": 70, "total": 201, "elapsed_seconds": 334.878858089447, "nodes": 3410108}
{"completed": 80, "total": 201, "elapsed_seconds": 417.18070912361145, "nodes": 3960784}
{"completed": 90, "total": 201, "elapsed_seconds": 507.4754526615143, "nodes": 4583110}
{"completed": 100, "total": 201, "elapsed_seconds": 605.3745694160461, "nodes": 5256094}
{"completed": 110, "total": 201, "elapsed_seconds": 727.1034388542175, "nodes": 5980352}
{"completed": 120, "total": 201, "elapsed_seconds": 843.7494773864746, "nodes": 6746942}
{"completed": 130, "total": 201, "elapsed_seconds": 956.9654242992401, "nodes": 7538430}
{"completed": 140, "total": 201, "elapsed_seconds": 1106.5133945941925, "nodes": 8354116}
{"completed": 150, "total": 201, "elapsed_seconds": 1239.7181203365326, "nodes": 9194372}
{"completed": 160, "total": 201, "elapsed_seconds": 1379.785566329956, "nodes": 10080780}
{"completed": 170, "total": 201, "elapsed_seconds": 1571.8770065307617, "nodes": 11043776}
{"completed": 180, "total": 201, "elapsed_seconds": 1761.5300409793854, "nodes": 12106284}
{"completed": 190, "total": 201, "elapsed_seconds": 1967.0591039657593, "nodes": 13257494}
{"completed": 200, "total": 201, "elapsed_seconds": 2215.8532288074493, "nodes": 14472376}
{"completed": 201, "total": 201, "elapsed_seconds": 2584.43416929245, "nodes": 17444552}
{
  "status": "VERIFIED",
  "angle_cases": 201,
  "target_lower_bound_exact": "10001/10000",
  "nodes": 17444552,
  "leaves": 10208464,
  "minimum_printed_leaf_lower_bound": 1.0001000023218678,
  "wall_seconds": 2584.435000896454,
  "input_sha256": "ca36a611a3bd46866c181ae533a9e0b77669f897dd7ffc3c954f1d3c7fed50ec",
  "verifier_source_sha256": "a75140df1b484ad104a214d2e8de87afda9fca5929341ec40121afde0c1af602",
  "method": "Outward-rounded binary64 intervals; certified inscribed polygon area; derivative bounds over center boxes; rational angular net."
}
